#
# There is insufficient memory for the Java Runtime Environment to continue.
# Native memory allocation (malloc) failed to allocate 1455856 bytes. Error detail: Chunk::new
# Possible reasons:
#   The system is out of physical RAM or swap space
#   This process is running with CompressedOops enabled, and the Java Heap may be blocking the growth of the native heap
# Possible solutions:
#   Reduce memory load on the system
#   Increase physical memory or swap space
#   Check if swap backing store is full
#   Decrease Java heap size (-Xmx/-Xms)
#   Decrease number of Java threads
#   Decrease Java thread stack sizes (-Xss)
#   Set larger code cache with -XX:ReservedCodeCacheSize=
#   JVM is running with Unscaled Compressed Oops mode in which the Java heap is
#     placed in the first 4GB address space. The Java Heap base address is the
#     maximum limit for the native heap growth. Please use -XX:HeapBaseMinAddress
#     to set the Java Heap base and to place the Java Heap above 4GB virtual address.
# This output file may be truncated or incomplete.
#
#  Out of Memory Error (arena.cpp:168), pid=14080, tid=804
#
# JRE version: OpenJDK Runtime Environment Temurin-21.0.5+11 (21.0.5+11) (build 21.0.5+11-LTS)
# Java VM: OpenJDK 64-Bit Server VM Temurin-21.0.5+11 (21.0.5+11-LTS, mixed mode, sharing, tiered, compressed oops, compressed class ptrs, parallel gc, windows-amd64)
# No core dump will be written. Minidumps are not enabled by default on client versions of Windows
#

---------------  S U M M A R Y ------------

Command Line: --add-modules=ALL-SYSTEM --add-opens=java.base/java.util=ALL-UNNAMED --add-opens=java.base/java.lang=ALL-UNNAMED --add-opens=java.base/sun.nio.fs=ALL-UNNAMED -Declipse.application=org.eclipse.jdt.ls.core.id1 -Dosgi.bundles.defaultStartLevel=4 -Declipse.product=org.eclipse.jdt.ls.core.product -Djava.import.generatesMetadataFilesAtProjectRoot=false -DDetectVMInstallationsJob.disabled=true -Dfile.encoding=utf8 -XX:+UseParallelGC -XX:GCTimeRatio=4 -XX:AdaptiveSizePolicyWeight=90 -Dsun.zip.disableMemoryMapping=true -Xmx1G -Xms100m -Xlog:disable -javaagent:c:\Users\HP\.vscode\extensions\redhat.java-1.39.0-win32-x64\lombok\lombok-1.18.34.jar -XX:+HeapDumpOnOutOfMemoryError -XX:HeapDumpPath=c:\Users\HP\AppData\Roaming\Code\User\workspaceStorage\6652d2f790df79effb5a0d950b696bcc\redhat.java -Daether.dependencyCollector.impl=bf c:\Users\HP\.vscode\extensions\redhat.java-1.39.0-win32-x64\server\plugins\org.eclipse.equinox.launcher_1.6.900.v20240613-2009.jar -configuration c:\Users\HP\AppData\Roaming\Code\User\globalStorage\redhat.java\1.39.0\config_win -data c:\Users\HP\AppData\Roaming\Code\User\workspaceStorage\6652d2f790df79effb5a0d950b696bcc\redhat.java\jdt_ws --pipe=\\.\pipe\lsp-1503157097c3324a27c6d3668e4c0be9-sock

Host: Intel(R) Core(TM) i5-10210U CPU @ 1.60GHz, 8 cores, 7G,  Windows 11 , 64 bit Build 22621 (10.0.22621.4391)
Time: Sun Feb  2 00:16:21 2025 Sri Lanka Standard Time elapsed time: 17.802895 seconds (0d 0h 0m 17s)

---------------  T H R E A D  ---------------

Current thread (0x0000019e9b9d5450):  JavaThread "C2 CompilerThread2" daemon [_thread_in_native, id=804, stack(0x0000003d1b100000,0x0000003d1b200000) (1024K)]


Current CompileTask:
C2:17802 7392   !   4       org.eclipse.jdt.internal.core.search.indexing.BinaryIndexer::indexDocument (1204 bytes)

Stack: [0x0000003d1b100000,0x0000003d1b200000]
Native frames: (J=compiled Java code, j=interpreted, Vv=VM code, C=native code)
V  [jvm.dll+0x6cd4e9]
V  [jvm.dll+0x8a7941]
V  [jvm.dll+0x8a9e6e]
V  [jvm.dll+0x8aa543]
V  [jvm.dll+0x27f6d6]
V  [jvm.dll+0xc500d]
V  [jvm.dll+0xc5543]
V  [jvm.dll+0x3b65d2]
V  [jvm.dll+0x1dfdf3]
V  [jvm.dll+0x247b22]
V  [jvm.dll+0x246faf]
V  [jvm.dll+0x1c75ce]
V  [jvm.dll+0x25682a]
V  [jvm.dll+0x254dca]
V  [jvm.dll+0x3f00d6]
V  [jvm.dll+0x8514fb]
V  [jvm.dll+0x6cbbed]
C  [ucrtbase.dll+0x29333]
C  [KERNEL32.DLL+0x1259d]
C  [ntdll.dll+0x5af38]


---------------  P R O C E S S  ---------------

Threads class SMR info:
_java_thread_list=0x0000019e9d2628c0, length=47, elements={
0x0000019e3e28f650, 0x0000019e5279f1c0, 0x0000019e527a2940, 0x0000019e527a8360,
0x0000019e527a9050, 0x0000019e527ae150, 0x0000019e527bb3c0, 0x0000019e527b1190,
0x0000019e95340060, 0x0000019e3e2fa9a0, 0x0000019e95655fe0, 0x0000019e9a138e50,
0x0000019e9a04a6f0, 0x0000019e9a104490, 0x0000019e9a224c20, 0x0000019e9a7992f0,
0x0000019e9a176850, 0x0000019e9a9905a0, 0x0000019e9a990c30, 0x0000019e9a98f880,
0x0000019e9a992670, 0x0000019e9a98ff10, 0x0000019e9af254a0, 0x0000019e9b9d5450,
0x0000019e9a9912c0, 0x0000019e9a991950, 0x0000019e9a991fe0, 0x0000019e9a992d00,
0x0000019e9d3fb7d0, 0x0000019e9d3fcb80, 0x0000019e9d3fa420, 0x0000019e9d3fbe60,
0x0000019e9d3ff970, 0x0000019e9d3fb140, 0x0000019e9d400690, 0x0000019e9d3ff2e0,
0x0000019e9d3fc4f0, 0x0000019e9d3fd210, 0x0000019e9d3fd8a0, 0x0000019e9d400000,
0x0000019e9d400d20, 0x0000019e9d3fdf30, 0x0000019e9d3fe5c0, 0x0000019e9d3f9d90,
0x0000019e9d4013b0, 0x0000019e9e74f4e0, 0x0000019e9e74c6f0
}

Java Threads: ( => current thread )
  0x0000019e3e28f650 JavaThread "main"                              [_thread_blocked, id=17188, stack(0x0000003d18f00000,0x0000003d19000000) (1024K)]
  0x0000019e5279f1c0 JavaThread "Reference Handler"          daemon [_thread_blocked, id=18100, stack(0x0000003d19300000,0x0000003d19400000) (1024K)]
  0x0000019e527a2940 JavaThread "Finalizer"                  daemon [_thread_blocked, id=11052, stack(0x0000003d19400000,0x0000003d19500000) (1024K)]
  0x0000019e527a8360 JavaThread "Signal Dispatcher"          daemon [_thread_blocked, id=680, stack(0x0000003d19500000,0x0000003d19600000) (1024K)]
  0x0000019e527a9050 JavaThread "Attach Listener"            daemon [_thread_blocked, id=14792, stack(0x0000003d19600000,0x0000003d19700000) (1024K)]
  0x0000019e527ae150 JavaThread "Service Thread"             daemon [_thread_blocked, id=14204, stack(0x0000003d19700000,0x0000003d19800000) (1024K)]
  0x0000019e527bb3c0 JavaThread "Monitor Deflation Thread"   daemon [_thread_blocked, id=16828, stack(0x0000003d19800000,0x0000003d19900000) (1024K)]
  0x0000019e527b1190 JavaThread "C2 CompilerThread0"         daemon [_thread_in_native, id=11964, stack(0x0000003d19900000,0x0000003d19a00000) (1024K)]
  0x0000019e95340060 JavaThread "C1 CompilerThread0"         daemon [_thread_blocked, id=10960, stack(0x0000003d19a00000,0x0000003d19b00000) (1024K)]
  0x0000019e3e2fa9a0 JavaThread "Common-Cleaner"             daemon [_thread_blocked, id=7272, stack(0x0000003d19b00000,0x0000003d19c00000) (1024K)]
  0x0000019e95655fe0 JavaThread "Notification Thread"        daemon [_thread_blocked, id=2520, stack(0x0000003d19d00000,0x0000003d19e00000) (1024K)]
  0x0000019e9a138e50 JavaThread "Active Thread: Equinox Container: f898a383-4f68-4377-8db0-fc0c5478ca36"        [_thread_blocked, id=10676, stack(0x0000003d1a500000,0x0000003d1a600000) (1024K)]
  0x0000019e9a04a6f0 JavaThread "Refresh Thread: Equinox Container: f898a383-4f68-4377-8db0-fc0c5478ca36" daemon [_thread_blocked, id=16560, stack(0x0000003d1a600000,0x0000003d1a700000) (1024K)]
  0x0000019e9a104490 JavaThread "Framework Event Dispatcher: Equinox Container: f898a383-4f68-4377-8db0-fc0c5478ca36" daemon [_thread_blocked, id=18088, stack(0x0000003d1a800000,0x0000003d1a900000) (1024K)]
  0x0000019e9a224c20 JavaThread "Start Level: Equinox Container: f898a383-4f68-4377-8db0-fc0c5478ca36" daemon [_thread_blocked, id=1164, stack(0x0000003d1a900000,0x0000003d1aa00000) (1024K)]
  0x0000019e9a7992f0 JavaThread "Bundle File Closer"         daemon [_thread_blocked, id=18188, stack(0x0000003d1aa00000,0x0000003d1ab00000) (1024K)]
  0x0000019e9a176850 JavaThread "SCR Component Actor"        daemon [_thread_blocked, id=18024, stack(0x0000003d1a300000,0x0000003d1a400000) (1024K)]
  0x0000019e9a9905a0 JavaThread "Worker-JM"                         [_thread_blocked, id=13344, stack(0x0000003d1ac00000,0x0000003d1ad00000) (1024K)]
  0x0000019e9a990c30 JavaThread "JNA Cleaner"                daemon [_thread_blocked, id=12528, stack(0x0000003d1ab00000,0x0000003d1ac00000) (1024K)]
  0x0000019e9a98f880 JavaThread "Worker-0"                          [_thread_blocked, id=13624, stack(0x0000003d1ad00000,0x0000003d1ae00000) (1024K)]
  0x0000019e9a992670 JavaThread "Worker-1: Building"                [_thread_in_vm, id=800, stack(0x0000003d1ae00000,0x0000003d1af00000) (1024K)]
  0x0000019e9a98ff10 JavaThread "Worker-2: Processing Java changes since last activation"        [_thread_blocked, id=11040, stack(0x0000003d1af00000,0x0000003d1b000000) (1024K)]
  0x0000019e9af254a0 JavaThread "C2 CompilerThread1"         daemon [_thread_in_native, id=6440, stack(0x0000003d1b000000,0x0000003d1b100000) (1024K)]
=>0x0000019e9b9d5450 JavaThread "C2 CompilerThread2"         daemon [_thread_in_native, id=804, stack(0x0000003d1b100000,0x0000003d1b200000) (1024K)]
  0x0000019e9a9912c0 JavaThread "Java indexing"              daemon [_thread_in_vm, id=13316, stack(0x0000003d1b200000,0x0000003d1b300000) (1024K)]
  0x0000019e9a991950 JavaThread "Worker-3"                          [_thread_blocked, id=9996, stack(0x0000003d1b300000,0x0000003d1b400000) (1024K)]
  0x0000019e9a991fe0 JavaThread "Worker-4"                          [_thread_blocked, id=13708, stack(0x0000003d1b400000,0x0000003d1b500000) (1024K)]
  0x0000019e9a992d00 JavaThread "Worker-5: Java indexing... "        [_thread_blocked, id=17736, stack(0x0000003d1b500000,0x0000003d1b600000) (1024K)]
  0x0000019e9d3fb7d0 JavaThread "Worker-6"                          [_thread_blocked, id=4284, stack(0x0000003d1b600000,0x0000003d1b700000) (1024K)]
  0x0000019e9d3fcb80 JavaThread "Thread-2"                   daemon [_thread_in_native, id=18408, stack(0x0000003d1b700000,0x0000003d1b800000) (1024K)]
  0x0000019e9d3fa420 JavaThread "Thread-3"                   daemon [_thread_in_native, id=15216, stack(0x0000003d1b800000,0x0000003d1b900000) (1024K)]
  0x0000019e9d3fbe60 JavaThread "Thread-4"                   daemon [_thread_in_native, id=16968, stack(0x0000003d1b900000,0x0000003d1ba00000) (1024K)]
  0x0000019e9d3ff970 JavaThread "Thread-5"                   daemon [_thread_in_native, id=17008, stack(0x0000003d1ba00000,0x0000003d1bb00000) (1024K)]
  0x0000019e9d3fb140 JavaThread "Thread-6"                   daemon [_thread_in_native, id=15188, stack(0x0000003d1bb00000,0x0000003d1bc00000) (1024K)]
  0x0000019e9d400690 JavaThread "Thread-7"                   daemon [_thread_in_native, id=8, stack(0x0000003d1bc00000,0x0000003d1bd00000) (1024K)]
  0x0000019e9d3ff2e0 JavaThread "Thread-8"                   daemon [_thread_in_native, id=5540, stack(0x0000003d1bd00000,0x0000003d1be00000) (1024K)]
  0x0000019e9d3fc4f0 JavaThread "Thread-9"                   daemon [_thread_in_native, id=8036, stack(0x0000003d1be00000,0x0000003d1bf00000) (1024K)]
  0x0000019e9d3fd210 JavaThread "Thread-10"                  daemon [_thread_in_native, id=12468, stack(0x0000003d1bf00000,0x0000003d1c000000) (1024K)]
  0x0000019e9d3fd8a0 JavaThread "pool-2-thread-1"                   [_thread_blocked, id=17444, stack(0x0000003d1c000000,0x0000003d1c100000) (1024K)]
  0x0000019e9d400000 JavaThread "Worker-7"                          [_thread_blocked, id=15072, stack(0x0000003d1c100000,0x0000003d1c200000) (1024K)]
  0x0000019e9d400d20 JavaThread "Worker-8"                          [_thread_blocked, id=14708, stack(0x0000003d1c200000,0x0000003d1c300000) (1024K)]
  0x0000019e9d3fdf30 JavaThread "WorkspaceEventsHandler"            [_thread_blocked, id=3148, stack(0x0000003d1c300000,0x0000003d1c400000) (1024K)]
  0x0000019e9d3fe5c0 JavaThread "pool-1-thread-1"                   [_thread_blocked, id=13932, stack(0x0000003d1c400000,0x0000003d1c500000) (1024K)]
  0x0000019e9d3f9d90 JavaThread "LocalFile Deleter"          daemon [_thread_blocked, id=17816, stack(0x0000003d1a400000,0x0000003d1a500000) (1024K)]
  0x0000019e9d4013b0 JavaThread "LocalFile Deleter"          daemon [_thread_blocked, id=3324, stack(0x0000003d1c500000,0x0000003d1c600000) (1024K)]
  0x0000019e9e74f4e0 JavaThread "LocalFile Deleter"          daemon [_thread_blocked, id=10580, stack(0x0000003d1c600000,0x0000003d1c700000) (1024K)]
  0x0000019e9e74c6f0 JavaThread "Compiler Source File Reader" daemon [_thread_blocked, id=17432, stack(0x0000003d1c700000,0x0000003d1c800000) (1024K)]
Total: 47

Other Threads:
  0x0000019e52782c00 VMThread "VM Thread"                           [id=14564, stack(0x0000003d19200000,0x0000003d19300000) (1024K)]
  0x0000019e526bca00 WatcherThread "VM Periodic Task Thread"        [id=2380, stack(0x0000003d19100000,0x0000003d19200000) (1024K)]
  0x0000019e3e2af260 WorkerThread "GC Thread#0"                     [id=15268, stack(0x0000003d19000000,0x0000003d19100000) (1024K)]
  0x0000019e957c2d90 WorkerThread "GC Thread#1"                     [id=13388, stack(0x0000003d19c00000,0x0000003d19d00000) (1024K)]
  0x0000019e954e0910 WorkerThread "GC Thread#2"                     [id=18008, stack(0x0000003d19e00000,0x0000003d19f00000) (1024K)]
  0x0000019e957c04e0 WorkerThread "GC Thread#3"                     [id=18164, stack(0x0000003d19f00000,0x0000003d1a000000) (1024K)]
  0x0000019e957c0880 WorkerThread "GC Thread#4"                     [id=7668, stack(0x0000003d1a000000,0x0000003d1a100000) (1024K)]
  0x0000019e957caa70 WorkerThread "GC Thread#5"                     [id=5260, stack(0x0000003d1a100000,0x0000003d1a200000) (1024K)]
  0x0000019e957cae10 WorkerThread "GC Thread#6"                     [id=12216, stack(0x0000003d1a200000,0x0000003d1a300000) (1024K)]
  0x0000019e95ea44e0 WorkerThread "GC Thread#7"                     [id=18092, stack(0x0000003d1a700000,0x0000003d1a800000) (1024K)]
Total: 10

Threads with active compile tasks:
C2 CompilerThread0  17857 6915   !   4       org.eclipse.osgi.internal.loader.BundleLoader::findClass0 (470 bytes)
C2 CompilerThread1  17857 7549       4       org.eclipse.jdt.internal.core.search.indexing.BinaryIndexer::extractReferenceFromConstantPool (358 bytes)
C2 CompilerThread2  17857 7392   !   4       org.eclipse.jdt.internal.core.search.indexing.BinaryIndexer::indexDocument (1204 bytes)
Total: 3

VM state: not at safepoint (normal execution)

VM Mutex/Monitor currently owned by a thread: None

Heap address: 0x00000000c0000000, size: 1024 MB, Compressed Oops mode: 32-bit

CDS archive(s) mapped at: [0x0000019e53000000-0x0000019e53ba0000-0x0000019e53ba0000), size 12189696, SharedBaseAddress: 0x0000019e53000000, ArchiveRelocationMode: 1.
Compressed class space mapped at: 0x0000019e54000000-0x0000019e94000000, reserved size: 1073741824
Narrow klass base: 0x0000019e53000000, Narrow klass shift: 0, Narrow klass range: 0x100000000

GC Precious Log:
 CardTable entry size: 512
 CPUs: 8 total, 8 available
 Memory: 7995M
 Large Page Support: Disabled
 NUMA Support: Disabled
 Compressed Oops: Enabled (32-bit)
 Alignments: Space 512K, Generation 512K, Heap 2M
 Heap Min Capacity: 100M
 Heap Initial Capacity: 100M
 Heap Max Capacity: 1G
 Pre-touch: Disabled
 Parallel Workers: 8

Heap:
 PSYoungGen      total 11776K, used 4676K [0x00000000eab00000, 0x00000000eb880000, 0x0000000100000000)
  eden space 9728K, 28% used [0x00000000eab00000,0x00000000eadbb888,0x00000000eb480000)
  from space 2048K, 91% used [0x00000000eb680000,0x00000000eb855a18,0x00000000eb880000)
  to   space 2048K, 0% used [0x00000000eb480000,0x00000000eb480000,0x00000000eb680000)
 ParOldGen       total 76800K, used 76628K [0x00000000c0000000, 0x00000000c4b00000, 0x00000000eab00000)
  object space 76800K, 99% used [0x00000000c0000000,0x00000000c4ad53b0,0x00000000c4b00000)
 Metaspace       used 51461K, committed 52736K, reserved 1114112K
  class space    used 5483K, committed 6016K, reserved 1048576K

Card table byte_map: [0x0000019e3dc30000,0x0000019e3de40000] _byte_map_base: 0x0000019e3d630000

Marking Bits: (ParMarkBitMap*) 0x00007ffc0b212250
 Begin Bits: [0x0000019e505e0000, 0x0000019e515e0000)
 End Bits:   [0x0000019e515e0000, 0x0000019e525e0000)

Polling page: 0x0000019e3c210000

Metaspace:

Usage:
  Non-class:     44.90 MB used.
      Class:      5.35 MB used.
       Both:     50.26 MB used.

Virtual space:
  Non-class space:       64.00 MB reserved,      45.62 MB ( 71%) committed,  1 nodes.
      Class space:        1.00 GB reserved,       5.88 MB ( <1%) committed,  1 nodes.
             Both:        1.06 GB reserved,      51.50 MB (  5%) committed. 

Chunk freelists:
   Non-Class:  1.97 MB
       Class:  10.12 MB
        Both:  12.09 MB

MaxMetaspaceSize: unlimited
CompressedClassSpaceSize: 1.00 GB
Initial GC threshold: 21.00 MB
Current GC threshold: 58.38 MB
CDS: on
 - commit_granule_bytes: 65536.
 - commit_granule_words: 8192.
 - virtual_space_node_default_size: 8388608.
 - enlarge_chunks_in_place: 1.
 - use_allocation_guard: 0.


Internal statistics:

num_allocs_failed_limit: 6.
num_arena_births: 984.
num_arena_deaths: 14.
num_vsnodes_births: 2.
num_vsnodes_deaths: 0.
num_space_committed: 824.
num_space_uncommitted: 0.
num_chunks_returned_to_freelist: 20.
num_chunks_taken_from_freelist: 3446.
num_chunk_merges: 12.
num_chunk_splits: 2083.
num_chunks_enlarged: 1108.
num_inconsistent_stats: 0.

CodeHeap 'non-profiled nmethods': size=120000Kb used=4102Kb max_used=4102Kb free=115897Kb
 bounds [0x0000019e490b0000, 0x0000019e494c0000, 0x0000019e505e0000]
CodeHeap 'profiled nmethods': size=120000Kb used=14244Kb max_used=14244Kb free=105756Kb
 bounds [0x0000019e415e0000, 0x0000019e423d0000, 0x0000019e48b10000]
CodeHeap 'non-nmethods': size=5760Kb used=1389Kb max_used=1468Kb free=4370Kb
 bounds [0x0000019e48b10000, 0x0000019e48d80000, 0x0000019e490b0000]
 total_blobs=7563 nmethods=6869 adapters=600
 compilation: enabled
              stopped_count=0, restarted_count=0
 full_count=0

Compilation events (20 events):
Event: 17.671 Thread 0x0000019e95340060 7539       3       sun.net.www.protocol.jar.URLJarFile::getEntry (69 bytes)
Event: 17.673 Thread 0x0000019e95340060 nmethod 7539 0x0000019e423c3090 code [0x0000019e423c33e0, 0x0000019e423c4630]
Event: 17.673 Thread 0x0000019e95340060 7540       3       sun.reflect.generics.reflectiveObjects.ParameterizedTypeImpl::make (11 bytes)
Event: 17.673 Thread 0x0000019e95340060 nmethod 7540 0x0000019e423c4c10 code [0x0000019e423c4de0, 0x0000019e423c50f8]
Event: 17.679 Thread 0x0000019e95340060 7541       3       sun.net.www.protocol.jar.Handler::newURL (9 bytes)
Event: 17.680 Thread 0x0000019e95340060 nmethod 7541 0x0000019e423c5290 code [0x0000019e423c5460, 0x0000019e423c56d0]
Event: 17.684 Thread 0x0000019e95340060 7542       3       java.lang.WeakPairMap$Pair$Lookup::hashCode (12 bytes)
Event: 17.684 Thread 0x0000019e95340060 nmethod 7542 0x0000019e423c5810 code [0x0000019e423c59c0, 0x0000019e423c5b90]
Event: 17.684 Thread 0x0000019e95340060 7543       3       jdk.internal.org.objectweb.asm.SymbolTable$Entry::<init> (18 bytes)
Event: 17.685 Thread 0x0000019e95340060 nmethod 7543 0x0000019e423c5c90 code [0x0000019e423c5e40, 0x0000019e423c5fb8]
Event: 17.686 Thread 0x0000019e95340060 7544   !   3       org.eclipse.osgi.internal.loader.BundleLoader::findDynamicSource (173 bytes)
Event: 17.688 Thread 0x0000019e95340060 nmethod 7544 0x0000019e423c6090 code [0x0000019e423c6480, 0x0000019e423c7b88]
Event: 17.710 Thread 0x0000019e95340060 7545       3       java.util.concurrent.ConcurrentHashMap$ValueIterator::<init> (12 bytes)
Event: 17.711 Thread 0x0000019e95340060 nmethod 7545 0x0000019e423c8510 code [0x0000019e423c86c0, 0x0000019e423c87f8]
Event: 17.716 Thread 0x0000019e95340060 7546       3       sun.net.www.protocol.jar.URLJarFile::isFileURL (50 bytes)
Event: 17.717 Thread 0x0000019e95340060 nmethod 7546 0x0000019e423c8890 code [0x0000019e423c8a80, 0x0000019e423c8e60]
Event: 17.724 Thread 0x0000019e95340060 7547       1       jdk.internal.event.ThreadSleepEvent::isEnabled (2 bytes)
Event: 17.730 Thread 0x0000019e95340060 nmethod 7547 0x0000019e494ac390 code [0x0000019e494ac520, 0x0000019e494ac5e8]
Event: 17.752 Thread 0x0000019e9af254a0 nmethod 7525 0x0000019e494ac690 code [0x0000019e494ac9a0, 0x0000019e494adfa8]
Event: 17.752 Thread 0x0000019e9af254a0 7529       4       jdk.internal.module.SystemModuleFinders$SystemModuleReader::find (59 bytes)

GC Heap History (20 events):
Event: 16.717 GC heap before
{Heap before GC invocations=33 (full 2):
 PSYoungGen      total 11264K, used 11261K [0x00000000eab00000, 0x00000000ebd80000, 0x0000000100000000)
  eden space 9728K, 100% used [0x00000000eab00000,0x00000000eb480000,0x00000000eb480000)
  from space 1536K, 99% used [0x00000000eb980000,0x00000000ebaff528,0x00000000ebb00000)
  to   space 4608K, 0% used [0x00000000eb480000,0x00000000eb480000,0x00000000eb900000)
 ParOldGen       total 68608K, used 60208K [0x00000000c0000000, 0x00000000c4300000, 0x00000000eab00000)
  object space 68608K, 87% used [0x00000000c0000000,0x00000000c3acc210,0x00000000c4300000)
 Metaspace       used 49691K, committed 51008K, reserved 1114112K
  class space    used 5251K, committed 5824K, reserved 1048576K
}
Event: 16.721 GC heap after
{Heap after GC invocations=33 (full 2):
 PSYoungGen      total 11776K, used 1741K [0x00000000eab00000, 0x00000000eba00000, 0x0000000100000000)
  eden space 9728K, 0% used [0x00000000eab00000,0x00000000eab00000,0x00000000eb480000)
  from space 2048K, 85% used [0x00000000eb480000,0x00000000eb6337f8,0x00000000eb680000)
  to   space 2560K, 0% used [0x00000000eb780000,0x00000000eb780000,0x00000000eba00000)
 ParOldGen       total 68608K, used 61693K [0x00000000c0000000, 0x00000000c4300000, 0x00000000eab00000)
  object space 68608K, 89% used [0x00000000c0000000,0x00000000c3c3f7b8,0x00000000c4300000)
 Metaspace       used 49691K, committed 51008K, reserved 1114112K
  class space    used 5251K, committed 5824K, reserved 1048576K
}
Event: 16.821 GC heap before
{Heap before GC invocations=34 (full 2):
 PSYoungGen      total 11776K, used 11469K [0x00000000eab00000, 0x00000000eba00000, 0x0000000100000000)
  eden space 9728K, 100% used [0x00000000eab00000,0x00000000eb480000,0x00000000eb480000)
  from space 2048K, 85% used [0x00000000eb480000,0x00000000eb6337f8,0x00000000eb680000)
  to   space 2560K, 0% used [0x00000000eb780000,0x00000000eb780000,0x00000000eba00000)
 ParOldGen       total 68608K, used 61693K [0x00000000c0000000, 0x00000000c4300000, 0x00000000eab00000)
  object space 68608K, 89% used [0x00000000c0000000,0x00000000c3c3f7b8,0x00000000c4300000)
 Metaspace       used 50225K, committed 51584K, reserved 1114112K
  class space    used 5315K, committed 5888K, reserved 1048576K
}
Event: 16.824 GC heap after
{Heap after GC invocations=34 (full 2):
 PSYoungGen      total 11264K, used 1353K [0x00000000eab00000, 0x00000000eb900000, 0x0000000100000000)
  eden space 9728K, 0% used [0x00000000eab00000,0x00000000eab00000,0x00000000eb480000)
  from space 1536K, 88% used [0x00000000eb780000,0x00000000eb8d27a0,0x00000000eb900000)
  to   space 2048K, 0% used [0x00000000eb500000,0x00000000eb500000,0x00000000eb700000)
 ParOldGen       total 68608K, used 63263K [0x00000000c0000000, 0x00000000c4300000, 0x00000000eab00000)
  object space 68608K, 92% used [0x00000000c0000000,0x00000000c3dc7fe0,0x00000000c4300000)
 Metaspace       used 50225K, committed 51584K, reserved 1114112K
  class space    used 5315K, committed 5888K, reserved 1048576K
}
Event: 16.981 GC heap before
{Heap before GC invocations=35 (full 2):
 PSYoungGen      total 11264K, used 11081K [0x00000000eab00000, 0x00000000eb900000, 0x0000000100000000)
  eden space 9728K, 100% used [0x00000000eab00000,0x00000000eb480000,0x00000000eb480000)
  from space 1536K, 88% used [0x00000000eb780000,0x00000000eb8d27a0,0x00000000eb900000)
  to   space 2048K, 0% used [0x00000000eb500000,0x00000000eb500000,0x00000000eb700000)
 ParOldGen       total 68608K, used 63263K [0x00000000c0000000, 0x00000000c4300000, 0x00000000eab00000)
  object space 68608K, 92% used [0x00000000c0000000,0x00000000c3dc7fe0,0x00000000c4300000)
 Metaspace       used 50467K, committed 51776K, reserved 1114112K
  class space    used 5343K, committed 5888K, reserved 1048576K
}
Event: 16.984 GC heap after
{Heap after GC invocations=35 (full 2):
 PSYoungGen      total 11776K, used 2016K [0x00000000eab00000, 0x00000000eb980000, 0x0000000100000000)
  eden space 9728K, 0% used [0x00000000eab00000,0x00000000eab00000,0x00000000eb480000)
  from space 2048K, 98% used [0x00000000eb500000,0x00000000eb6f8098,0x00000000eb700000)
  to   space 2560K, 0% used [0x00000000eb700000,0x00000000eb700000,0x00000000eb980000)
 ParOldGen       total 68608K, used 64455K [0x00000000c0000000, 0x00000000c4300000, 0x00000000eab00000)
  object space 68608K, 93% used [0x00000000c0000000,0x00000000c3ef1e10,0x00000000c4300000)
 Metaspace       used 50467K, committed 51776K, reserved 1114112K
  class space    used 5343K, committed 5888K, reserved 1048576K
}
Event: 17.094 GC heap before
{Heap before GC invocations=36 (full 2):
 PSYoungGen      total 11776K, used 11744K [0x00000000eab00000, 0x00000000eb980000, 0x0000000100000000)
  eden space 9728K, 100% used [0x00000000eab00000,0x00000000eb480000,0x00000000eb480000)
  from space 2048K, 98% used [0x00000000eb500000,0x00000000eb6f8098,0x00000000eb700000)
  to   space 2560K, 0% used [0x00000000eb700000,0x00000000eb700000,0x00000000eb980000)
 ParOldGen       total 68608K, used 64455K [0x00000000c0000000, 0x00000000c4300000, 0x00000000eab00000)
  object space 68608K, 93% used [0x00000000c0000000,0x00000000c3ef1e10,0x00000000c4300000)
 Metaspace       used 50705K, committed 52032K, reserved 1114112K
  class space    used 5370K, committed 5952K, reserved 1048576K
}
Event: 17.097 GC heap after
{Heap after GC invocations=36 (full 2):
 PSYoungGen      total 12288K, used 2042K [0x00000000eab00000, 0x00000000eb980000, 0x0000000100000000)
  eden space 9728K, 0% used [0x00000000eab00000,0x00000000eab00000,0x00000000eb480000)
  from space 2560K, 79% used [0x00000000eb700000,0x00000000eb8fea10,0x00000000eb980000)
  to   space 2560K, 0% used [0x00000000eb480000,0x00000000eb480000,0x00000000eb700000)
 ParOldGen       total 68608K, used 66330K [0x00000000c0000000, 0x00000000c4300000, 0x00000000eab00000)
  object space 68608K, 96% used [0x00000000c0000000,0x00000000c40c6928,0x00000000c4300000)
 Metaspace       used 50705K, committed 52032K, reserved 1114112K
  class space    used 5370K, committed 5952K, reserved 1048576K
}
Event: 17.205 GC heap before
{Heap before GC invocations=37 (full 2):
 PSYoungGen      total 12288K, used 11770K [0x00000000eab00000, 0x00000000eb980000, 0x0000000100000000)
  eden space 9728K, 100% used [0x00000000eab00000,0x00000000eb480000,0x00000000eb480000)
  from space 2560K, 79% used [0x00000000eb700000,0x00000000eb8fea10,0x00000000eb980000)
  to   space 2560K, 0% used [0x00000000eb480000,0x00000000eb480000,0x00000000eb700000)
 ParOldGen       total 68608K, used 66330K [0x00000000c0000000, 0x00000000c4300000, 0x00000000eab00000)
  object space 68608K, 96% used [0x00000000c0000000,0x00000000c40c6928,0x00000000c4300000)
 Metaspace       used 51004K, committed 52288K, reserved 1114112K
  class space    used 5412K, committed 5952K, reserved 1048576K
}
Event: 17.208 GC heap after
{Heap after GC invocations=37 (full 2):
 PSYoungGen      total 11776K, used 1898K [0x00000000eab00000, 0x00000000eb880000, 0x0000000100000000)
  eden space 9728K, 0% used [0x00000000eab00000,0x00000000eab00000,0x00000000eb480000)
  from space 2048K, 92% used [0x00000000eb480000,0x00000000eb65a820,0x00000000eb680000)
  to   space 2048K, 0% used [0x00000000eb680000,0x00000000eb680000,0x00000000eb880000)
 ParOldGen       total 68608K, used 68224K [0x00000000c0000000, 0x00000000c4300000, 0x00000000eab00000)
  object space 68608K, 99% used [0x00000000c0000000,0x00000000c42a0028,0x00000000c4300000)
 Metaspace       used 51004K, committed 52288K, reserved 1114112K
  class space    used 5412K, committed 5952K, reserved 1048576K
}
Event: 17.335 GC heap before
{Heap before GC invocations=38 (full 2):
 PSYoungGen      total 11776K, used 11626K [0x00000000eab00000, 0x00000000eb880000, 0x0000000100000000)
  eden space 9728K, 100% used [0x00000000eab00000,0x00000000eb480000,0x00000000eb480000)
  from space 2048K, 92% used [0x00000000eb480000,0x00000000eb65a820,0x00000000eb680000)
  to   space 2048K, 0% used [0x00000000eb680000,0x00000000eb680000,0x00000000eb880000)
 ParOldGen       total 68608K, used 68224K [0x00000000c0000000, 0x00000000c4300000, 0x00000000eab00000)
  object space 68608K, 99% used [0x00000000c0000000,0x00000000c42a0028,0x00000000c4300000)
 Metaspace       used 51126K, committed 52416K, reserved 1114112K
  class space    used 5424K, committed 5952K, reserved 1048576K
}
Event: 17.339 GC heap after
{Heap after GC invocations=38 (full 2):
 PSYoungGen      total 11776K, used 1748K [0x00000000eab00000, 0x00000000eb880000, 0x0000000100000000)
  eden space 9728K, 0% used [0x00000000eab00000,0x00000000eab00000,0x00000000eb480000)
  from space 2048K, 85% used [0x00000000eb680000,0x00000000eb835378,0x00000000eb880000)
  to   space 2048K, 0% used [0x00000000eb480000,0x00000000eb480000,0x00000000eb680000)
 ParOldGen       total 70144K, used 69969K [0x00000000c0000000, 0x00000000c4480000, 0x00000000eab00000)
  object space 70144K, 99% used [0x00000000c0000000,0x00000000c44544d0,0x00000000c4480000)
 Metaspace       used 51126K, committed 52416K, reserved 1114112K
  class space    used 5424K, committed 5952K, reserved 1048576K
}
Event: 17.435 GC heap before
{Heap before GC invocations=39 (full 2):
 PSYoungGen      total 11776K, used 11476K [0x00000000eab00000, 0x00000000eb880000, 0x0000000100000000)
  eden space 9728K, 100% used [0x00000000eab00000,0x00000000eb480000,0x00000000eb480000)
  from space 2048K, 85% used [0x00000000eb680000,0x00000000eb835378,0x00000000eb880000)
  to   space 2048K, 0% used [0x00000000eb480000,0x00000000eb480000,0x00000000eb680000)
 ParOldGen       total 70144K, used 69969K [0x00000000c0000000, 0x00000000c4480000, 0x00000000eab00000)
  object space 70144K, 99% used [0x00000000c0000000,0x00000000c44544d0,0x00000000c4480000)
 Metaspace       used 51181K, committed 52480K, reserved 1114112K
  class space    used 5446K, committed 6016K, reserved 1048576K
}
Event: 17.438 GC heap after
{Heap after GC invocations=39 (full 2):
 PSYoungGen      total 11776K, used 1952K [0x00000000eab00000, 0x00000000eb880000, 0x0000000100000000)
  eden space 9728K, 0% used [0x00000000eab00000,0x00000000eab00000,0x00000000eb480000)
  from space 2048K, 95% used [0x00000000eb480000,0x00000000eb668008,0x00000000eb680000)
  to   space 2048K, 0% used [0x00000000eb680000,0x00000000eb680000,0x00000000eb880000)
 ParOldGen       total 71680K, used 71554K [0x00000000c0000000, 0x00000000c4600000, 0x00000000eab00000)
  object space 71680K, 99% used [0x00000000c0000000,0x00000000c45e0ae8,0x00000000c4600000)
 Metaspace       used 51181K, committed 52480K, reserved 1114112K
  class space    used 5446K, committed 6016K, reserved 1048576K
}
Event: 17.531 GC heap before
{Heap before GC invocations=40 (full 2):
 PSYoungGen      total 11776K, used 11680K [0x00000000eab00000, 0x00000000eb880000, 0x0000000100000000)
  eden space 9728K, 100% used [0x00000000eab00000,0x00000000eb480000,0x00000000eb480000)
  from space 2048K, 95% used [0x00000000eb480000,0x00000000eb668008,0x00000000eb680000)
  to   space 2048K, 0% used [0x00000000eb680000,0x00000000eb680000,0x00000000eb880000)
 ParOldGen       total 71680K, used 71554K [0x00000000c0000000, 0x00000000c4600000, 0x00000000eab00000)
  object space 71680K, 99% used [0x00000000c0000000,0x00000000c45e0ae8,0x00000000c4600000)
 Metaspace       used 51227K, committed 52480K, reserved 1114112K
  class space    used 5462K, committed 6016K, reserved 1048576K
}
Event: 17.535 GC heap after
{Heap after GC invocations=40 (full 2):
 PSYoungGen      total 11776K, used 1696K [0x00000000eab00000, 0x00000000eb880000, 0x0000000100000000)
  eden space 9728K, 0% used [0x00000000eab00000,0x00000000eab00000,0x00000000eb480000)
  from space 2048K, 82% used [0x00000000eb680000,0x00000000eb828010,0x00000000eb880000)
  to   space 2048K, 0% used [0x00000000eb480000,0x00000000eb480000,0x00000000eb680000)
 ParOldGen       total 73728K, used 73428K [0x00000000c0000000, 0x00000000c4800000, 0x00000000eab00000)
  object space 73728K, 99% used [0x00000000c0000000,0x00000000c47b53a8,0x00000000c4800000)
 Metaspace       used 51227K, committed 52480K, reserved 1114112K
  class space    used 5462K, committed 6016K, reserved 1048576K
}
Event: 17.660 GC heap before
{Heap before GC invocations=41 (full 2):
 PSYoungGen      total 11776K, used 11424K [0x00000000eab00000, 0x00000000eb880000, 0x0000000100000000)
  eden space 9728K, 100% used [0x00000000eab00000,0x00000000eb480000,0x00000000eb480000)
  from space 2048K, 82% used [0x00000000eb680000,0x00000000eb828010,0x00000000eb880000)
  to   space 2048K, 0% used [0x00000000eb480000,0x00000000eb480000,0x00000000eb680000)
 ParOldGen       total 73728K, used 73428K [0x00000000c0000000, 0x00000000c4800000, 0x00000000eab00000)
  object space 73728K, 99% used [0x00000000c0000000,0x00000000c47b53a8,0x00000000c4800000)
 Metaspace       used 51332K, committed 52608K, reserved 1114112K
  class space    used 5474K, committed 6016K, reserved 1048576K
}
Event: 17.664 GC heap after
{Heap after GC invocations=41 (full 2):
 PSYoungGen      total 11776K, used 1934K [0x00000000eab00000, 0x00000000eb880000, 0x0000000100000000)
  eden space 9728K, 0% used [0x00000000eab00000,0x00000000eab00000,0x00000000eb480000)
  from space 2048K, 94% used [0x00000000eb480000,0x00000000eb663b28,0x00000000eb680000)
  to   space 2048K, 0% used [0x00000000eb680000,0x00000000eb680000,0x00000000eb880000)
 ParOldGen       total 75264K, used 74896K [0x00000000c0000000, 0x00000000c4980000, 0x00000000eab00000)
  object space 75264K, 99% used [0x00000000c0000000,0x00000000c4924160,0x00000000c4980000)
 Metaspace       used 51332K, committed 52608K, reserved 1114112K
  class space    used 5474K, committed 6016K, reserved 1048576K
}
Event: 17.767 GC heap before
{Heap before GC invocations=42 (full 2):
 PSYoungGen      total 11776K, used 11662K [0x00000000eab00000, 0x00000000eb880000, 0x0000000100000000)
  eden space 9728K, 100% used [0x00000000eab00000,0x00000000eb480000,0x00000000eb480000)
  from space 2048K, 94% used [0x00000000eb480000,0x00000000eb663b28,0x00000000eb680000)
  to   space 2048K, 0% used [0x00000000eb680000,0x00000000eb680000,0x00000000eb880000)
 ParOldGen       total 75264K, used 74896K [0x00000000c0000000, 0x00000000c4980000, 0x00000000eab00000)
  object space 75264K, 99% used [0x00000000c0000000,0x00000000c4924160,0x00000000c4980000)
 Metaspace       used 51443K, committed 52736K, reserved 1114112K
  class space    used 5481K, committed 6016K, reserved 1048576K
}
Event: 17.775 GC heap after
{Heap after GC invocations=42 (full 2):
 PSYoungGen      total 11776K, used 1878K [0x00000000eab00000, 0x00000000eb880000, 0x0000000100000000)
  eden space 9728K, 0% used [0x00000000eab00000,0x00000000eab00000,0x00000000eb480000)
  from space 2048K, 91% used [0x00000000eb680000,0x00000000eb855a18,0x00000000eb880000)
  to   space 2048K, 0% used [0x00000000eb480000,0x00000000eb480000,0x00000000eb680000)
 ParOldGen       total 76800K, used 76628K [0x00000000c0000000, 0x00000000c4b00000, 0x00000000eab00000)
  object space 76800K, 99% used [0x00000000c0000000,0x00000000c4ad53b0,0x00000000c4b00000)
 Metaspace       used 51443K, committed 52736K, reserved 1114112K
  class space    used 5481K, committed 6016K, reserved 1048576K
}

Dll operation events (10 events):
Event: 0.015 Loaded shared library c:\Users\HP\.vscode\extensions\redhat.java-1.39.0-win32-x64\jre\21.0.5-win32-x86_64\bin\java.dll
Event: 0.248 Loaded shared library c:\Users\HP\.vscode\extensions\redhat.java-1.39.0-win32-x64\jre\21.0.5-win32-x86_64\bin\zip.dll
Event: 0.296 Loaded shared library C:\Users\HP\.vscode\extensions\redhat.java-1.39.0-win32-x64\jre\21.0.5-win32-x86_64\bin\instrument.dll
Event: 0.305 Loaded shared library C:\Users\HP\.vscode\extensions\redhat.java-1.39.0-win32-x64\jre\21.0.5-win32-x86_64\bin\net.dll
Event: 0.314 Loaded shared library C:\Users\HP\.vscode\extensions\redhat.java-1.39.0-win32-x64\jre\21.0.5-win32-x86_64\bin\nio.dll
Event: 0.329 Loaded shared library C:\Users\HP\.vscode\extensions\redhat.java-1.39.0-win32-x64\jre\21.0.5-win32-x86_64\bin\zip.dll
Event: 0.371 Loaded shared library C:\Users\HP\.vscode\extensions\redhat.java-1.39.0-win32-x64\jre\21.0.5-win32-x86_64\bin\jimage.dll
Event: 0.564 Loaded shared library c:\Users\HP\.vscode\extensions\redhat.java-1.39.0-win32-x64\jre\21.0.5-win32-x86_64\bin\verify.dll
Event: 3.042 Loaded shared library C:\Users\HP\AppData\Roaming\Code\User\globalStorage\redhat.java\1.39.0\config_win\org.eclipse.equinox.launcher\org.eclipse.equinox.launcher.win32.win32.x86_64_1.2.1100.v20240722-2106\eclipse_11904.dll
Event: 6.234 Loaded shared library C:\Users\HP\AppData\Local\Temp\jna-2312\jna16066799474115933316.dll

Deoptimization events (20 events):
Event: 17.586 Thread 0x0000019e9a992670 DEOPT PACKING pc=0x0000019e41fef655 sp=0x0000003d1aefa2e0
Event: 17.586 Thread 0x0000019e9a992670 DEOPT UNPACKING pc=0x0000019e48b64242 sp=0x0000003d1aef97e8 mode 0
Event: 17.594 Thread 0x0000019e9a992670 DEOPT PACKING pc=0x0000019e41e9870d sp=0x0000003d1aefb990
Event: 17.594 Thread 0x0000019e9a992670 DEOPT UNPACKING pc=0x0000019e48b64242 sp=0x0000003d1aefae40 mode 0
Event: 17.599 Thread 0x0000019e9a9912c0 DEOPT PACKING pc=0x0000019e423aabd3 sp=0x0000003d1b2fe290
Event: 17.599 Thread 0x0000019e9a9912c0 DEOPT UNPACKING pc=0x0000019e48b64242 sp=0x0000003d1b2fd7f8 mode 0
Event: 17.630 Thread 0x0000019e9a9912c0 DEOPT PACKING pc=0x0000019e423aab53 sp=0x0000003d1b2fe290
Event: 17.630 Thread 0x0000019e9a9912c0 DEOPT UNPACKING pc=0x0000019e48b64242 sp=0x0000003d1b2fd7f8 mode 0
Event: 17.649 Thread 0x0000019e9a9912c0 DEOPT PACKING pc=0x0000019e423aab53 sp=0x0000003d1b2fe290
Event: 17.649 Thread 0x0000019e9a9912c0 DEOPT UNPACKING pc=0x0000019e48b64242 sp=0x0000003d1b2fd7f8 mode 0
Event: 17.681 Thread 0x0000019e9a9912c0 DEOPT PACKING pc=0x0000019e423aab53 sp=0x0000003d1b2fe290
Event: 17.681 Thread 0x0000019e9a9912c0 DEOPT UNPACKING pc=0x0000019e48b64242 sp=0x0000003d1b2fd7f8 mode 0
Event: 17.715 Thread 0x0000019e9a9912c0 DEOPT PACKING pc=0x0000019e423aab53 sp=0x0000003d1b2fe290
Event: 17.715 Thread 0x0000019e9a9912c0 DEOPT UNPACKING pc=0x0000019e48b64242 sp=0x0000003d1b2fd7f8 mode 0
Event: 17.729 Thread 0x0000019e9a9912c0 DEOPT PACKING pc=0x0000019e423aab53 sp=0x0000003d1b2fe290
Event: 17.729 Thread 0x0000019e9a9912c0 DEOPT UNPACKING pc=0x0000019e48b64242 sp=0x0000003d1b2fd7f8 mode 0
Event: 17.742 Thread 0x0000019e9a9912c0 DEOPT PACKING pc=0x0000019e423aabd3 sp=0x0000003d1b2fe290
Event: 17.742 Thread 0x0000019e9a9912c0 DEOPT UNPACKING pc=0x0000019e48b64242 sp=0x0000003d1b2fd7f8 mode 0
Event: 17.779 Thread 0x0000019e9a9912c0 DEOPT PACKING pc=0x0000019e423aab53 sp=0x0000003d1b2fe290
Event: 17.779 Thread 0x0000019e9a9912c0 DEOPT UNPACKING pc=0x0000019e48b64242 sp=0x0000003d1b2fd7f8 mode 0

Classes loaded (20 events):
Event: 13.801 Loading class java/util/stream/MatchOps$BooleanTerminalSink
Event: 13.801 Loading class java/util/stream/MatchOps$BooleanTerminalSink done
Event: 13.801 Loading class java/util/stream/MatchOps$1MatchSink
Event: 13.802 Loading class java/util/stream/MatchOps$1MatchSink done
Event: 14.322 Loading class java/util/WeakHashMap$KeyIterator
Event: 14.323 Loading class java/util/WeakHashMap$KeyIterator done
Event: 15.708 Loading class java/nio/file/attribute/PosixFileAttributes
Event: 15.708 Loading class java/nio/file/attribute/PosixFileAttributes done
Event: 15.750 Loading class java/nio/file/attribute/PosixFileAttributeView
Event: 15.750 Loading class java/nio/file/attribute/PosixFileAttributeView done
Event: 16.235 Loading class java/nio/file/DirectoryIteratorException
Event: 16.235 Loading class java/nio/file/DirectoryIteratorException done
Event: 16.250 Loading class java/time/DateTimeException
Event: 16.252 Loading class java/time/DateTimeException done
Event: 16.502 Loading class jdk/internal/math/FormattedFPDecimal
Event: 16.502 Loading class jdk/internal/math/FormattedFPDecimal done
Event: 17.120 Loading class java/util/concurrent/ForkJoinTask$AdaptedCallable
Event: 17.121 Loading class java/util/concurrent/ForkJoinTask$AdaptedCallable done
Event: 17.623 Loading class java/util/Vector$1
Event: 17.625 Loading class java/util/Vector$1 done

Classes unloaded (7 events):
Event: 7.617 Thread 0x0000019e52782c00 Unloading class 0x0000019e5419d400 'java/lang/invoke/LambdaForm$MH+0x0000019e5419d400'
Event: 7.617 Thread 0x0000019e52782c00 Unloading class 0x0000019e5419d000 'java/lang/invoke/LambdaForm$MH+0x0000019e5419d000'
Event: 7.617 Thread 0x0000019e52782c00 Unloading class 0x0000019e5419cc00 'java/lang/invoke/LambdaForm$MH+0x0000019e5419cc00'
Event: 7.617 Thread 0x0000019e52782c00 Unloading class 0x0000019e5419c800 'java/lang/invoke/LambdaForm$MH+0x0000019e5419c800'
Event: 7.617 Thread 0x0000019e52782c00 Unloading class 0x0000019e5419c400 'java/lang/invoke/LambdaForm$BMH+0x0000019e5419c400'
Event: 7.617 Thread 0x0000019e52782c00 Unloading class 0x0000019e5419c000 'java/lang/invoke/LambdaForm$DMH+0x0000019e5419c000'
Event: 7.617 Thread 0x0000019e52782c00 Unloading class 0x0000019e5419ac00 'java/lang/invoke/LambdaForm$DMH+0x0000019e5419ac00'

Classes redefined (0 events):
No events

Internal exceptions (20 events):
Event: 14.327 Thread 0x0000019e9a992670 Exception <a 'java/io/FileNotFoundException'{0x00000000eb51ef78}> (0x00000000eb51ef78) 
thrown [s\src\hotspot\share\prims\jni.cpp, line 520]
Event: 14.666 Thread 0x0000019e9a9912c0 Implicit null exception at 0x0000019e4938a160 to 0x0000019e4938a274
Event: 14.667 Thread 0x0000019e9a991950 Exception <a 'sun/nio/fs/WindowsException'{0x00000000eb6ae648}> (0x00000000eb6ae648) 
thrown [s\src\hotspot\share\prims\jni.cpp, line 520]
Event: 14.667 Thread 0x0000019e9a991950 Exception <a 'sun/nio/fs/WindowsException'{0x00000000eb6af008}> (0x00000000eb6af008) 
thrown [s\src\hotspot\share\prims\jni.cpp, line 520]
Event: 14.772 Thread 0x0000019e9a992670 Exception <a 'sun/nio/fs/WindowsException'{0x00000000eaf41be0}> (0x00000000eaf41be0) 
thrown [s\src\hotspot\share\prims\jni.cpp, line 520]
Event: 14.772 Thread 0x0000019e9a992670 Exception <a 'sun/nio/fs/WindowsException'{0x00000000eaf422f0}> (0x00000000eaf422f0) 
thrown [s\src\hotspot\share\prims\jni.cpp, line 520]
Event: 14.785 Thread 0x0000019e9a992670 Exception <a 'sun/nio/fs/WindowsException'{0x00000000eb026828}> (0x00000000eb026828) 
thrown [s\src\hotspot\share\prims\jni.cpp, line 520]
Event: 14.785 Thread 0x0000019e9a992670 Exception <a 'sun/nio/fs/WindowsException'{0x00000000eb0271e8}> (0x00000000eb0271e8) 
thrown [s\src\hotspot\share\prims\jni.cpp, line 520]
Event: 14.792 Thread 0x0000019e9a992670 Exception <a 'java/lang/NoSuchMethodError'{0x00000000eb085b10}: 'int java.lang.invoke.DirectMethodHandle$Holder.invokeStatic(java.lang.Object)'> (0x00000000eb085b10) 
thrown [s\src\hotspot\share\interpreter\linkResolver.cpp, line 773]
Event: 15.118 Thread 0x0000019e9d3fe5c0 Exception <a 'java/io/FileNotFoundException'{0x00000000eb954c88}> (0x00000000eb954c88) 
thrown [s\src\hotspot\share\prims\jni.cpp, line 520]
Event: 15.294 Thread 0x0000019e9a992670 Exception <a 'java/io/FileNotFoundException'{0x00000000eadeec70}> (0x00000000eadeec70) 
thrown [s\src\hotspot\share\prims\jni.cpp, line 520]
Event: 15.295 Thread 0x0000019e9a992670 Exception <a 'java/io/FileNotFoundException'{0x00000000eadefc58}> (0x00000000eadefc58) 
thrown [s\src\hotspot\share\prims\jni.cpp, line 520]
Event: 15.312 Thread 0x0000019e9a992670 Exception <a 'java/io/FileNotFoundException'{0x00000000eb19cbe8}> (0x00000000eb19cbe8) 
thrown [s\src\hotspot\share\prims\jni.cpp, line 520]
Event: 15.312 Thread 0x0000019e9a992670 Exception <a 'java/io/FileNotFoundException'{0x00000000eb22a930}> (0x00000000eb22a930) 
thrown [s\src\hotspot\share\prims\jni.cpp, line 520]
Event: 15.313 Thread 0x0000019e9a992670 Exception <a 'java/io/FileNotFoundException'{0x00000000eb22b938}> (0x00000000eb22b938) 
thrown [s\src\hotspot\share\prims\jni.cpp, line 520]
Event: 16.252 Thread 0x0000019e9d3fe5c0 Exception <a 'java/lang/IncompatibleClassChangeError'{0x00000000eb0fc7f8}: Found class java.lang.Object, but interface was expected> (0x00000000eb0fc7f8) 
thrown [s\src\hotspot\share\interpreter\linkResolver.cpp, line 840]
Event: 16.488 Thread 0x0000019e9a992670 Exception <a 'java/lang/NoSuchMethodError'{0x00000000eb2cfb00}: 'int java.lang.invoke.DirectMethodHandle$Holder.invokeSpecialIFC(java.lang.Object, java.lang.Object, java.lang.Object, java.lang.Object)'> (0x00000000eb2cfb00) 
thrown [s\src\hotspot\share\interpreter\linkResolver.cpp, line 773]
Event: 17.118 Thread 0x0000019e9a992670 Exception <a 'sun/nio/fs/WindowsException'{0x00000000ead70288}> (0x00000000ead70288) 
thrown [s\src\hotspot\share\prims\jni.cpp, line 520]
Event: 17.125 Thread 0x0000019e9d3f9d90 Exception <a 'sun/nio/fs/WindowsException'{0x00000000eada9640}> (0x00000000eada9640) 
thrown [s\src\hotspot\share\prims\jni.cpp, line 520]
Event: 17.126 Thread 0x0000019e9d3f9d90 Exception <a 'sun/nio/fs/WindowsException'{0x00000000eadae930}> (0x00000000eadae930) 
thrown [s\src\hotspot\share\prims\jni.cpp, line 520]

ZGC Phase Switch (0 events):
No events

VM Operations (20 events):
Event: 16.821 Executing VM operation: ParallelGCFailedAllocation (Allocation Failure)
Event: 16.824 Executing VM operation: ParallelGCFailedAllocation (Allocation Failure) done
Event: 16.956 Executing VM operation: HandshakeAllThreads (Deoptimize)
Event: 16.956 Executing VM operation: HandshakeAllThreads (Deoptimize) done
Event: 16.981 Executing VM operation: ParallelGCFailedAllocation (Allocation Failure)
Event: 16.984 Executing VM operation: ParallelGCFailedAllocation (Allocation Failure) done
Event: 17.094 Executing VM operation: ParallelGCFailedAllocation (Allocation Failure)
Event: 17.097 Executing VM operation: ParallelGCFailedAllocation (Allocation Failure) done
Event: 17.205 Executing VM operation: ParallelGCFailedAllocation (Allocation Failure)
Event: 17.208 Executing VM operation: ParallelGCFailedAllocation (Allocation Failure) done
Event: 17.335 Executing VM operation: ParallelGCFailedAllocation (Allocation Failure)
Event: 17.339 Executing VM operation: ParallelGCFailedAllocation (Allocation Failure) done
Event: 17.435 Executing VM operation: ParallelGCFailedAllocation (Allocation Failure)
Event: 17.438 Executing VM operation: ParallelGCFailedAllocation (Allocation Failure) done
Event: 17.531 Executing VM operation: ParallelGCFailedAllocation (Allocation Failure)
Event: 17.535 Executing VM operation: ParallelGCFailedAllocation (Allocation Failure) done
Event: 17.660 Executing VM operation: ParallelGCFailedAllocation (Allocation Failure)
Event: 17.664 Executing VM operation: ParallelGCFailedAllocation (Allocation Failure) done
Event: 17.767 Executing VM operation: ParallelGCFailedAllocation (Allocation Failure)
Event: 17.775 Executing VM operation: ParallelGCFailedAllocation (Allocation Failure) done

Memory protections (0 events):
No events

Nmethod flushes (20 events):
Event: 10.236 Thread 0x0000019e52782c00 flushing  nmethod 0x0000019e41c94010
Event: 10.236 Thread 0x0000019e52782c00 flushing  nmethod 0x0000019e41c95210
Event: 10.236 Thread 0x0000019e52782c00 flushing  nmethod 0x0000019e41c9e510
Event: 10.236 Thread 0x0000019e52782c00 flushing  nmethod 0x0000019e41ca0190
Event: 10.236 Thread 0x0000019e52782c00 flushing  nmethod 0x0000019e41ca4e10
Event: 10.236 Thread 0x0000019e52782c00 flushing  nmethod 0x0000019e41cbe310
Event: 10.236 Thread 0x0000019e52782c00 flushing  nmethod 0x0000019e41cc5290
Event: 10.236 Thread 0x0000019e52782c00 flushing  nmethod 0x0000019e41cc6f90
Event: 10.236 Thread 0x0000019e52782c00 flushing  nmethod 0x0000019e41ccb810
Event: 10.236 Thread 0x0000019e52782c00 flushing  nmethod 0x0000019e41ce1e90
Event: 10.236 Thread 0x0000019e52782c00 flushing  nmethod 0x0000019e41ce2390
Event: 10.236 Thread 0x0000019e52782c00 flushing  nmethod 0x0000019e41d12010
Event: 10.236 Thread 0x0000019e52782c00 flushing  nmethod 0x0000019e41d17a90
Event: 10.236 Thread 0x0000019e52782c00 flushing  nmethod 0x0000019e41d6ec90
Event: 10.236 Thread 0x0000019e52782c00 flushing  nmethod 0x0000019e41d6f110
Event: 10.236 Thread 0x0000019e52782c00 flushing  nmethod 0x0000019e41d71810
Event: 10.236 Thread 0x0000019e52782c00 flushing  nmethod 0x0000019e41d72610
Event: 10.236 Thread 0x0000019e52782c00 flushing  nmethod 0x0000019e41d73290
Event: 10.236 Thread 0x0000019e52782c00 flushing  nmethod 0x0000019e41d74b10
Event: 10.236 Thread 0x0000019e52782c00 flushing  nmethod 0x0000019e41d94710

Events (20 events):
Event: 10.062 Thread 0x0000019e9a992d00 Thread added: 0x0000019e9d3fb7d0
Event: 10.158 Thread 0x0000019e3e28f650 Thread added: 0x0000019e9d3fcb80
Event: 10.159 Thread 0x0000019e3e28f650 Thread added: 0x0000019e9d3fa420
Event: 10.159 Thread 0x0000019e3e28f650 Thread added: 0x0000019e9d3fbe60
Event: 10.159 Thread 0x0000019e3e28f650 Thread added: 0x0000019e9d3ff970
Event: 10.159 Thread 0x0000019e3e28f650 Thread added: 0x0000019e9d3fb140
Event: 10.160 Thread 0x0000019e3e28f650 Thread added: 0x0000019e9d400690
Event: 10.160 Thread 0x0000019e3e28f650 Thread added: 0x0000019e9d3ff2e0
Event: 10.160 Thread 0x0000019e3e28f650 Thread added: 0x0000019e9d3fc4f0
Event: 10.160 Thread 0x0000019e3e28f650 Thread added: 0x0000019e9d3fd210
Event: 10.193 Thread 0x0000019e3e28f650 Thread added: 0x0000019e9d3fd8a0
Event: 11.159 Thread 0x0000019e9d3fb7d0 Thread added: 0x0000019e9d400000
Event: 11.206 Thread 0x0000019e9d400000 Thread added: 0x0000019e9d400d20
Event: 11.333 Thread 0x0000019e3e28f650 Thread added: 0x0000019e9d3fdf30
Event: 11.336 Thread 0x0000019e3e28f650 Thread added: 0x0000019e9d3fe5c0
Event: 12.741 Thread 0x0000019e9a0f8780 Thread exited: 0x0000019e9a0f8780
Event: 17.121 Thread 0x0000019e9a992670 Thread added: 0x0000019e9d3f9d90
Event: 17.125 Thread 0x0000019e9d3f9d90 Thread added: 0x0000019e9d4013b0
Event: 17.127 Thread 0x0000019e9d3f9d90 Thread added: 0x0000019e9e74f4e0
Event: 17.165 Thread 0x0000019e9a992670 Thread added: 0x0000019e9e74c6f0


Dynamic libraries:
0x00007ff759de0000 - 0x00007ff759dee000 	c:\Users\HP\.vscode\extensions\redhat.java-1.39.0-win32-x64\jre\21.0.5-win32-x86_64\bin\java.exe
0x00007ffc6e250000 - 0x00007ffc6e467000 	C:\WINDOWS\SYSTEM32\ntdll.dll
0x00007ffc6c1c0000 - 0x00007ffc6c284000 	C:\WINDOWS\System32\KERNEL32.DLL
0x00007ffc6b6a0000 - 0x00007ffc6ba59000 	C:\WINDOWS\System32\KERNELBASE.dll
0x00007ffc6be50000 - 0x00007ffc6bf61000 	C:\WINDOWS\System32\ucrtbase.dll
0x00007ffc66e80000 - 0x00007ffc66e98000 	c:\Users\HP\.vscode\extensions\redhat.java-1.39.0-win32-x64\jre\21.0.5-win32-x86_64\bin\jli.dll
0x00007ffc6dcc0000 - 0x00007ffc6de6e000 	C:\WINDOWS\System32\USER32.dll
0x00007ffc6be20000 - 0x00007ffc6be46000 	C:\WINDOWS\System32\win32u.dll
0x00007ffc6bf70000 - 0x00007ffc6bf99000 	C:\WINDOWS\System32\GDI32.dll
0x00007ffc6ba60000 - 0x00007ffc6bb7b000 	C:\WINDOWS\System32\gdi32full.dll
0x00007ffc6b550000 - 0x00007ffc6b5ea000 	C:\WINDOWS\System32\msvcp_win.dll
0x00007ffc4ecc0000 - 0x00007ffc4ecde000 	c:\Users\HP\.vscode\extensions\redhat.java-1.39.0-win32-x64\jre\21.0.5-win32-x86_64\bin\VCRUNTIME140.dll
0x00007ffc52780000 - 0x00007ffc52a12000 	C:\WINDOWS\WinSxS\amd64_microsoft.windows.common-controls_6595b64144ccf1df_6.0.22621.4391_none_2715d37f73803e96\COMCTL32.dll
0x00007ffc6c080000 - 0x00007ffc6c127000 	C:\WINDOWS\System32\msvcrt.dll
0x00007ffc6d720000 - 0x00007ffc6d751000 	C:\WINDOWS\System32\IMM32.DLL
0x00007ffc66e70000 - 0x00007ffc66e7c000 	c:\Users\HP\.vscode\extensions\redhat.java-1.39.0-win32-x64\jre\21.0.5-win32-x86_64\bin\vcruntime140_1.dll
0x00007ffc4c6b0000 - 0x00007ffc4c73d000 	c:\Users\HP\.vscode\extensions\redhat.java-1.39.0-win32-x64\jre\21.0.5-win32-x86_64\bin\msvcp140.dll
0x00007ffc0a560000 - 0x00007ffc0b2ef000 	c:\Users\HP\.vscode\extensions\redhat.java-1.39.0-win32-x64\jre\21.0.5-win32-x86_64\bin\server\jvm.dll
0x00007ffc6dc00000 - 0x00007ffc6dcb2000 	C:\WINDOWS\System32\ADVAPI32.dll
0x00007ffc6c880000 - 0x00007ffc6c927000 	C:\WINDOWS\System32\sechost.dll
0x00007ffc6b5f0000 - 0x00007ffc6b618000 	C:\WINDOWS\System32\bcrypt.dll
0x00007ffc6d760000 - 0x00007ffc6d874000 	C:\WINDOWS\System32\RPCRT4.dll
0x00007ffc6ce20000 - 0x00007ffc6ce91000 	C:\WINDOWS\System32\WS2_32.dll
0x00007ffc6b420000 - 0x00007ffc6b46d000 	C:\WINDOWS\SYSTEM32\POWRPROF.dll
0x00007ffc66dd0000 - 0x00007ffc66e04000 	C:\WINDOWS\SYSTEM32\WINMM.dll
0x00007ffc630e0000 - 0x00007ffc630ea000 	C:\WINDOWS\SYSTEM32\VERSION.dll
0x00007ffc6b400000 - 0x00007ffc6b413000 	C:\WINDOWS\SYSTEM32\UMPDC.dll
0x00007ffc6a550000 - 0x00007ffc6a568000 	C:\WINDOWS\SYSTEM32\kernel.appcore.dll
0x00007ffc66210000 - 0x00007ffc6621a000 	c:\Users\HP\.vscode\extensions\redhat.java-1.39.0-win32-x64\jre\21.0.5-win32-x86_64\bin\jimage.dll
0x00007ffc68e60000 - 0x00007ffc69092000 	C:\WINDOWS\SYSTEM32\DBGHELP.DLL
0x00007ffc6de70000 - 0x00007ffc6e1ff000 	C:\WINDOWS\System32\combase.dll
0x00007ffc6bfa0000 - 0x00007ffc6c077000 	C:\WINDOWS\System32\OLEAUT32.dll
0x00007ffc4dea0000 - 0x00007ffc4ded2000 	C:\WINDOWS\SYSTEM32\dbgcore.DLL
0x00007ffc6b620000 - 0x00007ffc6b69b000 	C:\WINDOWS\System32\bcryptPrimitives.dll
0x00007ffc51050000 - 0x00007ffc5105f000 	c:\Users\HP\.vscode\extensions\redhat.java-1.39.0-win32-x64\jre\21.0.5-win32-x86_64\bin\instrument.dll
0x00007ffc4c680000 - 0x00007ffc4c69f000 	c:\Users\HP\.vscode\extensions\redhat.java-1.39.0-win32-x64\jre\21.0.5-win32-x86_64\bin\java.dll
0x00007ffc6cea0000 - 0x00007ffc6d716000 	C:\WINDOWS\System32\SHELL32.dll
0x00007ffc69440000 - 0x00007ffc69d43000 	C:\WINDOWS\SYSTEM32\windows.storage.dll
0x00007ffc69300000 - 0x00007ffc6943f000 	C:\WINDOWS\SYSTEM32\wintypes.dll
0x00007ffc6c780000 - 0x00007ffc6c879000 	C:\WINDOWS\System32\SHCORE.dll
0x00007ffc6db50000 - 0x00007ffc6dbae000 	C:\WINDOWS\System32\shlwapi.dll
0x00007ffc6b480000 - 0x00007ffc6b4ab000 	C:\WINDOWS\SYSTEM32\profapi.dll
0x00007ffc4c660000 - 0x00007ffc4c678000 	c:\Users\HP\.vscode\extensions\redhat.java-1.39.0-win32-x64\jre\21.0.5-win32-x86_64\bin\zip.dll
0x00007ffc4c650000 - 0x00007ffc4c660000 	C:\Users\HP\.vscode\extensions\redhat.java-1.39.0-win32-x64\jre\21.0.5-win32-x86_64\bin\net.dll
0x00007ffc67530000 - 0x00007ffc67666000 	C:\WINDOWS\SYSTEM32\WINHTTP.dll
0x00007ffc6a9d0000 - 0x00007ffc6aa39000 	C:\WINDOWS\system32\mswsock.dll
0x00007ffc4c630000 - 0x00007ffc4c646000 	C:\Users\HP\.vscode\extensions\redhat.java-1.39.0-win32-x64\jre\21.0.5-win32-x86_64\bin\nio.dll
0x00007ffc4c620000 - 0x00007ffc4c630000 	c:\Users\HP\.vscode\extensions\redhat.java-1.39.0-win32-x64\jre\21.0.5-win32-x86_64\bin\verify.dll
0x00007ffc46fb0000 - 0x00007ffc46ff5000 	C:\Users\HP\AppData\Roaming\Code\User\globalStorage\redhat.java\1.39.0\config_win\org.eclipse.equinox.launcher\org.eclipse.equinox.launcher.win32.win32.x86_64_1.2.1100.v20240722-2106\eclipse_11904.dll
0x00007ffc6d9a0000 - 0x00007ffc6db45000 	C:\WINDOWS\System32\ole32.dll
0x00007ffc6abf0000 - 0x00007ffc6ac0b000 	C:\WINDOWS\SYSTEM32\CRYPTSP.dll
0x00007ffc6a4b0000 - 0x00007ffc6a4e5000 	C:\WINDOWS\system32\rsaenh.dll
0x00007ffc6aa90000 - 0x00007ffc6aab8000 	C:\WINDOWS\SYSTEM32\USERENV.dll
0x00007ffc6ac10000 - 0x00007ffc6ac1c000 	C:\WINDOWS\SYSTEM32\CRYPTBASE.dll
0x00007ffc69fb0000 - 0x00007ffc69fdd000 	C:\WINDOWS\SYSTEM32\IPHLPAPI.DLL
0x00007ffc6cc30000 - 0x00007ffc6cc39000 	C:\WINDOWS\System32\NSI.dll
0x00007ffc46c20000 - 0x00007ffc46c69000 	C:\Users\HP\AppData\Local\Temp\jna-2312\jna16066799474115933316.dll
0x00007ffc6d930000 - 0x00007ffc6d938000 	C:\WINDOWS\System32\PSAPI.DLL
0x00007ffc67a20000 - 0x00007ffc67a39000 	C:\WINDOWS\SYSTEM32\dhcpcsvc6.DLL
0x00007ffc67290000 - 0x00007ffc672af000 	C:\WINDOWS\SYSTEM32\dhcpcsvc.DLL

dbghelp: loaded successfully - version: 4.0.5 - missing functions: none
symbol engine: initialized successfully - sym options: 0x614 - pdb path: .;c:\Users\HP\.vscode\extensions\redhat.java-1.39.0-win32-x64\jre\21.0.5-win32-x86_64\bin;C:\WINDOWS\SYSTEM32;C:\WINDOWS\WinSxS\amd64_microsoft.windows.common-controls_6595b64144ccf1df_6.0.22621.4391_none_2715d37f73803e96;c:\Users\HP\.vscode\extensions\redhat.java-1.39.0-win32-x64\jre\21.0.5-win32-x86_64\bin\server;C:\Users\HP\AppData\Roaming\Code\User\globalStorage\redhat.java\1.39.0\config_win\org.eclipse.equinox.launcher\org.eclipse.equinox.launcher.win32.win32.x86_64_1.2.1100.v20240722-2106;C:\Users\HP\AppData\Local\Temp\jna-2312

VM Arguments:
jvm_args: --add-modules=ALL-SYSTEM --add-opens=java.base/java.util=ALL-UNNAMED --add-opens=java.base/java.lang=ALL-UNNAMED --add-opens=java.base/sun.nio.fs=ALL-UNNAMED -Declipse.application=org.eclipse.jdt.ls.core.id1 -Dosgi.bundles.defaultStartLevel=4 -Declipse.product=org.eclipse.jdt.ls.core.product -Djava.import.generatesMetadataFilesAtProjectRoot=false -DDetectVMInstallationsJob.disabled=true -Dfile.encoding=utf8 -XX:+UseParallelGC -XX:GCTimeRatio=4 -XX:AdaptiveSizePolicyWeight=90 -Dsun.zip.disableMemoryMapping=true -Xmx1G -Xms100m -Xlog:disable -javaagent:c:\Users\HP\.vscode\extensions\redhat.java-1.39.0-win32-x64\lombok\lombok-1.18.34.jar -XX:+HeapDumpOnOutOfMemoryError -XX:HeapDumpPath=c:\Users\HP\AppData\Roaming\Code\User\workspaceStorage\6652d2f790df79effb5a0d950b696bcc\redhat.java -Daether.dependencyCollector.impl=bf 
java_command: c:\Users\HP\.vscode\extensions\redhat.java-1.39.0-win32-x64\server\plugins\org.eclipse.equinox.launcher_1.6.900.v20240613-2009.jar -configuration c:\Users\HP\AppData\Roaming\Code\User\globalStorage\redhat.java\1.39.0\config_win -data c:\Users\HP\AppData\Roaming\Code\User\workspaceStorage\6652d2f790df79effb5a0d950b696bcc\redhat.java\jdt_ws --pipe=\\.\pipe\lsp-1503157097c3324a27c6d3668e4c0be9-sock
java_class_path (initial): c:\Users\HP\.vscode\extensions\redhat.java-1.39.0-win32-x64\server\plugins\org.eclipse.equinox.launcher_1.6.900.v20240613-2009.jar
Launcher Type: SUN_STANDARD

[Global flags]
    uintx AdaptiveSizePolicyWeight                 = 90                                        {product} {command line}
     intx CICompilerCount                          = 4                                         {product} {ergonomic}
    uintx GCTimeRatio                              = 4                                         {product} {command line}
     bool HeapDumpOnOutOfMemoryError               = true                                   {manageable} {command line}
    ccstr HeapDumpPath                             = c:\Users\HP\AppData\Roaming\Code\User\workspaceStorage\6652d2f790df79effb5a0d950b696bcc\redhat.java         {manageable} {command line}
   size_t InitialHeapSize                          = 104857600                                 {product} {command line}
   size_t MaxHeapSize                              = 1073741824                                {product} {command line}
   size_t MaxNewSize                               = 357564416                                 {product} {ergonomic}
   size_t MinHeapDeltaBytes                        = 524288                                    {product} {ergonomic}
   size_t MinHeapSize                              = 104857600                                 {product} {command line}
   size_t NewSize                                  = 34603008                                  {product} {ergonomic}
    uintx NonNMethodCodeHeapSize                   = 5839372                                {pd product} {ergonomic}
    uintx NonProfiledCodeHeapSize                  = 122909434                              {pd product} {ergonomic}
   size_t OldSize                                  = 70254592                                  {product} {ergonomic}
    uintx ProfiledCodeHeapSize                     = 122909434                              {pd product} {ergonomic}
    uintx ReservedCodeCacheSize                    = 251658240                              {pd product} {ergonomic}
     bool SegmentedCodeCache                       = true                                      {product} {ergonomic}
   size_t SoftMaxHeapSize                          = 1073741824                             {manageable} {ergonomic}
     bool UseCompressedOops                        = true                           {product lp64_product} {ergonomic}
     bool UseLargePagesIndividualAllocation        = false                                  {pd product} {ergonomic}
     bool UseParallelGC                            = true                                      {product} {command line}

Logging:
Log output configuration:
 #0: stdout all=off uptime,level,tags foldmultilines=false
 #1: stderr all=off uptime,level,tags foldmultilines=false

Environment Variables:
JAVA_HOME=C:\Program Files\Eclipse Adoptium\jdk-21.0.4.7-hotspot
PATH=C:\Program Files (x86)\VMware\VMware Workstation\bin\;C:\Program Files\Common Files\Oracle\Java\javapath;C:\WINDOWS\system32;C:\WINDOWS;C:\WINDOWS\System32\Wbem;C:\WINDOWS\System32\WindowsPowerShell\v1.0\;C:\WINDOWS\System32\OpenSSH\;C:\Program Files\Java\bin;C:\Program Files (x86)\Microsoft SQL Server\160\Tools\Binn\;C:\Program Files\Microsoft SQL Server\160\Tools\Binn\;C:\Program Files\Microsoft SQL Server\Client SDK\ODBC\170\Tools\Binn\;C:\Program Files\Microsoft SQL Server\160\DTS\Binn\;C:\Program Files\Azure Data Studio\bin;C:\Program Files\MySQL\MySQL Server 8.0;C:\Program Files\MySQL\MySQL Server 8.0\bin;C:\Program Files\nodejs\;C:\Program Files\steghide;C:\Program Files\Docker\Docker\resources\bin;C:\Program Files\Eclipse Adoptium\jdk-21.0.4.7-hotspot\bin;C:\Program Files\Git\cmd;C:\Program Files\Git\bin;C:\Program Files\Ballerina\\bin;C:\php-8.4.1;C:\Program Files\MongoDB\Tools\100\bin;C:\Program Files\MongoDB\Server\7.0\bin;C:\Program Files\apache-maven-3.9.9\bin;C:\Program Files\PostgreSQL\17\bin;C:\Program Files\Git\bin\;C:\Program Files\Git\cmd\;C:\Users\HP\AppData\Local\Programs\Python\Python312\Scripts\;C:\Users\HP\AppData\Local\Programs\Python\Python312\;C:\Program Files\MySQL\MySQL Shell 8.0\bin\;C:\Users\HP\AppData\Local\Programs\Python\Python310\Scripts\;C:\Users\HP\AppData\Local\Programs\Python\Python310\;C:\Users\HP\AppData\Local\Microsoft\WindowsApps;C:\Program Files\JetBrains\IntelliJ IDEA Community Edition 2022.3.2\bin;C:\MinGW\bin;C:\Users\HP\AppData\Local\Programs\Microsoft VS Code\bin;C:\Users\HP\AppData\Local\GitHubDesktop\bin;C:\Program Files\Azure Data Studio\bin;C:\Users\HP\AppData\Roaming\npm;C:\MinGW\bin;C:\Users\HP\AppData\Roaming\npm;C:\flutter\src\flutter\bin;C:\Users\HP\AppData\Local\ComposerSetup\bin;C:\Users\HP\AppData\Roaming\Composer\vendor\bin;C:\Program Files\JetBrains\IntelliJ IDEA 2024.3.2.1\bin;
USERNAME=HP
OS=Windows_NT
PROCESSOR_IDENTIFIER=Intel64 Family 6 Model 142 Stepping 12, GenuineIntel
TMP=C:\Users\HP\AppData\Local\Temp
TEMP=C:\Users\HP\AppData\Local\Temp




Periodic native trim disabled

---------------  S Y S T E M  ---------------

OS:
 Windows 11 , 64 bit Build 22621 (10.0.22621.4391)
OS uptime: 0 days 2:04 hours
Hyper-V role detected

CPU: total 8 (initial active 8) (4 cores per cpu, 2 threads per core) family 6 model 142 stepping 12 microcode 0xde, cx8, cmov, fxsr, ht, mmx, 3dnowpref, sse, sse2, sse3, ssse3, sse4.1, sse4.2, popcnt, lzcnt, tsc, tscinvbit, avx, avx2, aes, erms, clmul, bmi1, bmi2, adx, fma, vzeroupper, clflush, clflushopt, hv, rdtscp, f16c
Processor Information for all 8 processors :
  Max Mhz: 2112, Current Mhz: 1609, Mhz Limit: 1605

Memory: 4k page, system-wide physical 7995M (1756M free)
TotalPageFile size 16187M (AvailPageFile size 5M)
current process WorkingSet (physical memory assigned to process): 315M, peak: 315M
current process commit charge ("private bytes"): 341M, peak: 343M

vm_info: OpenJDK 64-Bit Server VM (21.0.5+11-LTS) for windows-amd64 JRE (21.0.5+11-LTS), built on 2024-10-15T00:00:00Z by "admin" with MS VC++ 17.7 (VS2022)

END.
