#
# There is insufficient memory for the Java Runtime Environment to continue.
# Native memory allocation (malloc) failed to allocate 3079488 bytes. Error detail: Chunk::new
# Possible reasons:
#   The system is out of physical RAM or swap space
#   This process is running with CompressedOops enabled, and the Java Heap may be blocking the growth of the native heap
# Possible solutions:
#   Reduce memory load on the system
#   Increase physical memory or swap space
#   Check if swap backing store is full
#   Decrease Java heap size (-Xmx/-Xms)
#   Decrease number of Java threads
#   Decrease Java thread stack sizes (-Xss)
#   Set larger code cache with -XX:ReservedCodeCacheSize=
#   JVM is running with Unscaled Compressed Oops mode in which the Java heap is
#     placed in the first 4GB address space. The Java Heap base address is the
#     maximum limit for the native heap growth. Please use -XX:HeapBaseMinAddress
#     to set the Java Heap base and to place the Java Heap above 4GB virtual address.
# This output file may be truncated or incomplete.
#
#  Out of Memory Error (arena.cpp:168), pid=16208, tid=18156
#
# JRE version: OpenJDK Runtime Environment Temurin-21.0.5+11 (21.0.5+11) (build 21.0.5+11-LTS)
# Java VM: OpenJDK 64-Bit Server VM Temurin-21.0.5+11 (21.0.5+11-LTS, mixed mode, sharing, tiered, compressed oops, compressed class ptrs, parallel gc, windows-amd64)
# No core dump will be written. Minidumps are not enabled by default on client versions of Windows
#

---------------  S U M M A R Y ------------

Command Line: --add-modules=ALL-SYSTEM --add-opens=java.base/java.util=ALL-UNNAMED --add-opens=java.base/java.lang=ALL-UNNAMED --add-opens=java.base/sun.nio.fs=ALL-UNNAMED -Declipse.application=org.eclipse.jdt.ls.core.id1 -Dosgi.bundles.defaultStartLevel=4 -Declipse.product=org.eclipse.jdt.ls.core.product -Djava.import.generatesMetadataFilesAtProjectRoot=false -DDetectVMInstallationsJob.disabled=true -Dfile.encoding=utf8 -XX:+UseParallelGC -XX:GCTimeRatio=4 -XX:AdaptiveSizePolicyWeight=90 -Dsun.zip.disableMemoryMapping=true -Xmx1G -Xms100m -Xlog:disable -javaagent:c:\Users\HP\.vscode\extensions\redhat.java-1.39.0-win32-x64\lombok\lombok-1.18.34.jar -XX:+HeapDumpOnOutOfMemoryError -XX:HeapDumpPath=c:\Users\HP\AppData\Roaming\Code\User\workspaceStorage\6652d2f790df79effb5a0d950b696bcc\redhat.java -Daether.dependencyCollector.impl=bf c:\Users\HP\.vscode\extensions\redhat.java-1.39.0-win32-x64\server\plugins\org.eclipse.equinox.launcher_1.6.900.v20240613-2009.jar -configuration c:\Users\HP\AppData\Roaming\Code\User\globalStorage\redhat.java\1.39.0\config_win -data c:\Users\HP\AppData\Roaming\Code\User\workspaceStorage\6652d2f790df79effb5a0d950b696bcc\redhat.java\jdt_ws --pipe=\\.\pipe\lsp-022d3c84b264a37253a98a99c0f14db6-sock

Host: Intel(R) Core(TM) i5-10210U CPU @ 1.60GHz, 8 cores, 7G,  Windows 11 , 64 bit Build 22621 (10.0.22621.4391)
Time: Sun Feb  2 00:16:02 2025 Sri Lanka Standard Time elapsed time: 1231.991456 seconds (0d 0h 20m 31s)

---------------  T H R E A D  ---------------

Current thread (0x000001e6f8145750):  JavaThread "C2 CompilerThread2" daemon [_thread_in_native, id=18156, stack(0x00000018c9400000,0x00000018c9500000) (1024K)]


Current CompileTask:
C2:1231991 13470       4       org.eclipse.jdt.internal.compiler.lookup.LookupEnvironment::getTypeFromTypeSignature (770 bytes)

Stack: [0x00000018c9400000,0x00000018c9500000]
Native frames: (J=compiled Java code, j=interpreted, Vv=VM code, C=native code)
V  [jvm.dll+0x6cd4e9]
V  [jvm.dll+0x8a7941]
V  [jvm.dll+0x8a9e6e]
V  [jvm.dll+0x8aa543]
V  [jvm.dll+0x27f6d6]
V  [jvm.dll+0xc500d]
V  [jvm.dll+0xc5543]
V  [jvm.dll+0x3b660c]
V  [jvm.dll+0x1dffe9]
V  [jvm.dll+0x247b22]
V  [jvm.dll+0x246faf]
V  [jvm.dll+0x1c75ce]
V  [jvm.dll+0x25682a]
V  [jvm.dll+0x254dca]
V  [jvm.dll+0x3f00d6]
V  [jvm.dll+0x8514fb]
V  [jvm.dll+0x6cbbed]
C  [ucrtbase.dll+0x29333]
C  [KERNEL32.DLL+0x1259d]
C  [ntdll.dll+0x5af38]


---------------  P R O C E S S  ---------------

Threads class SMR info:
_java_thread_list=0x000001e6fb92a180, length=44, elements={
0x000001e6dc231570, 0x000001e6f073ff40, 0x000001e6f0743490, 0x000001e6f0748490,
0x000001e6f07490e0, 0x000001e6f074ca30, 0x000001e6f0750950, 0x000001e6f0751d00,
0x000001e6f07533d0, 0x000001e6f074e1f0, 0x000001e6f074f5a0, 0x000001e6f074fc30,
0x000001e6f074d4d0, 0x000001e6f07502c0, 0x000001e6f074e880, 0x000001e6f074db60,
0x000001e6f074ef10, 0x000001e6f793b9e0, 0x000001e6f79371b0, 0x000001e6f7935e00,
0x000001e6f7937840, 0x000001e6f7935770, 0x000001e6f7939910, 0x000001e6f7938560,
0x000001e6f7936490, 0x000001e6f7939280, 0x000001e6f793a630, 0x000001e6f793acc0,
0x000001e6f7938bf0, 0x000001e6f793b350, 0x000001e6f793c070, 0x000001e6f96b1060,
0x000001e6f96b16f0, 0x000001e6f96b3130, 0x000001e6f96b5890, 0x000001e6f96b2410,
0x000001e6f96b7960, 0x000001e6f96b3e50, 0x000001e6f96b5f20, 0x000001e6f96b65b0,
0x000001e6f96b6c40, 0x000001e6f96b72d0, 0x000001e6f8145080, 0x000001e6f8145750
}

Java Threads: ( => current thread )
  0x000001e6dc231570 JavaThread "main"                              [_thread_blocked, id=10172, stack(0x00000018c6400000,0x00000018c6500000) (1024K)]
  0x000001e6f073ff40 JavaThread "Reference Handler"          daemon [_thread_blocked, id=9956, stack(0x00000018c6800000,0x00000018c6900000) (1024K)]
  0x000001e6f0743490 JavaThread "Finalizer"                  daemon [_thread_blocked, id=10468, stack(0x00000018c6900000,0x00000018c6a00000) (1024K)]
  0x000001e6f0748490 JavaThread "Signal Dispatcher"          daemon [_thread_blocked, id=1868, stack(0x00000018c6a00000,0x00000018c6b00000) (1024K)]
  0x000001e6f07490e0 JavaThread "Attach Listener"            daemon [_thread_blocked, id=16876, stack(0x00000018c6b00000,0x00000018c6c00000) (1024K)]
  0x000001e6f074ca30 JavaThread "Service Thread"             daemon [_thread_blocked, id=13036, stack(0x00000018c6c00000,0x00000018c6d00000) (1024K)]
  0x000001e6f0750950 JavaThread "Monitor Deflation Thread"   daemon [_thread_blocked, id=14808, stack(0x00000018c6d00000,0x00000018c6e00000) (1024K)]
  0x000001e6f0751d00 JavaThread "C2 CompilerThread0"         daemon [_thread_blocked, id=3652, stack(0x00000018c6e00000,0x00000018c6f00000) (1024K)]
  0x000001e6f07533d0 JavaThread "C1 CompilerThread0"         daemon [_thread_blocked, id=12580, stack(0x00000018c6f00000,0x00000018c7000000) (1024K)]
  0x000001e6f074e1f0 JavaThread "Common-Cleaner"             daemon [_thread_blocked, id=17276, stack(0x00000018c7000000,0x00000018c7100000) (1024K)]
  0x000001e6f074f5a0 JavaThread "Notification Thread"        daemon [_thread_blocked, id=17320, stack(0x00000018c7200000,0x00000018c7300000) (1024K)]
  0x000001e6f074fc30 JavaThread "Active Thread: Equinox Container: 98149a10-d57d-4c81-a585-b4d05f2ed05b"        [_thread_blocked, id=9416, stack(0x00000018c7a00000,0x00000018c7b00000) (1024K)]
  0x000001e6f074d4d0 JavaThread "Refresh Thread: Equinox Container: 98149a10-d57d-4c81-a585-b4d05f2ed05b" daemon [_thread_blocked, id=1904, stack(0x00000018c7b00000,0x00000018c7c00000) (1024K)]
  0x000001e6f07502c0 JavaThread "Framework Event Dispatcher: Equinox Container: 98149a10-d57d-4c81-a585-b4d05f2ed05b" daemon [_thread_blocked, id=11128, stack(0x00000018c7c00000,0x00000018c7d00000) (1024K)]
  0x000001e6f074e880 JavaThread "Start Level: Equinox Container: 98149a10-d57d-4c81-a585-b4d05f2ed05b" daemon [_thread_blocked, id=7688, stack(0x00000018c7e00000,0x00000018c7f00000) (1024K)]
  0x000001e6f074db60 JavaThread "Bundle File Closer"         daemon [_thread_blocked, id=2780, stack(0x00000018c7f00000,0x00000018c8000000) (1024K)]
  0x000001e6f074ef10 JavaThread "SCR Component Actor"        daemon [_thread_blocked, id=7372, stack(0x00000018c8000000,0x00000018c8100000) (1024K)]
  0x000001e6f793b9e0 JavaThread "Worker-JM"                         [_thread_blocked, id=5924, stack(0x00000018c7900000,0x00000018c7a00000) (1024K)]
  0x000001e6f79371b0 JavaThread "Java indexing"              daemon [_thread_blocked, id=16580, stack(0x00000018c8500000,0x00000018c8600000) (1024K)]
  0x000001e6f7935e00 JavaThread "JNA Cleaner"                daemon [_thread_blocked, id=16984, stack(0x00000018c8600000,0x00000018c8700000) (1024K)]
  0x000001e6f7937840 JavaThread "Worker-3"                          [_thread_blocked, id=3504, stack(0x00000018c8800000,0x00000018c8900000) (1024K)]
  0x000001e6f7935770 JavaThread "Thread-2"                   daemon [_thread_in_native, id=15900, stack(0x00000018c8a00000,0x00000018c8b00000) (1024K)]
  0x000001e6f7939910 JavaThread "Thread-3"                   daemon [_thread_in_native, id=6844, stack(0x00000018c8b00000,0x00000018c8c00000) (1024K)]
  0x000001e6f7938560 JavaThread "Thread-4"                   daemon [_thread_in_native, id=4800, stack(0x00000018c8c00000,0x00000018c8d00000) (1024K)]
  0x000001e6f7936490 JavaThread "Thread-5"                   daemon [_thread_in_native, id=15944, stack(0x00000018c8d00000,0x00000018c8e00000) (1024K)]
  0x000001e6f7939280 JavaThread "Thread-6"                   daemon [_thread_in_native, id=15660, stack(0x00000018c8e00000,0x00000018c8f00000) (1024K)]
  0x000001e6f793a630 JavaThread "Thread-7"                   daemon [_thread_in_native, id=16760, stack(0x00000018c8f00000,0x00000018c9000000) (1024K)]
  0x000001e6f793acc0 JavaThread "Thread-8"                   daemon [_thread_in_native, id=11832, stack(0x00000018c9000000,0x00000018c9100000) (1024K)]
  0x000001e6f7938bf0 JavaThread "Thread-9"                   daemon [_thread_in_native, id=15164, stack(0x00000018c9100000,0x00000018c9200000) (1024K)]
  0x000001e6f793b350 JavaThread "Thread-10"                  daemon [_thread_in_native, id=3492, stack(0x00000018c9200000,0x00000018c9300000) (1024K)]
  0x000001e6f793c070 JavaThread "pool-2-thread-1"                   [_thread_blocked, id=8548, stack(0x00000018c9300000,0x00000018c9400000) (1024K)]
  0x000001e6f96b1060 JavaThread "WorkspaceEventsHandler"            [_thread_blocked, id=17036, stack(0x00000018c9600000,0x00000018c9700000) (1024K)]
  0x000001e6f96b16f0 JavaThread "pool-1-thread-1"                   [_thread_blocked, id=1244, stack(0x00000018c9700000,0x00000018c9800000) (1024K)]
  0x000001e6f96b3130 JavaThread "Worker-7"                          [_thread_blocked, id=11784, stack(0x00000018c6200000,0x00000018c6300000) (1024K)]
  0x000001e6f96b5890 JavaThread "ForkJoinPool.commonPool-worker-8" daemon [_thread_in_Java, id=15196, stack(0x00000018c6100000,0x00000018c6200000) (1024K)]
  0x000001e6f96b2410 JavaThread "Worker-8"                          [_thread_blocked, id=13040, stack(0x00000018c6300000,0x00000018c6400000) (1024K)]
  0x000001e6f96b7960 JavaThread "ForkJoinPool.commonPool-worker-9" daemon [_thread_blocked, id=14772, stack(0x00000018c7800000,0x00000018c7900000) (1024K)]
  0x000001e6f96b3e50 JavaThread "ForkJoinPool.commonPool-worker-10" daemon [_thread_blocked, id=1832, stack(0x00000018c8100000,0x00000018c8200000) (1024K)]
  0x000001e6f96b5f20 JavaThread "ForkJoinPool.commonPool-worker-11" daemon [_thread_blocked, id=18264, stack(0x00000018c8200000,0x00000018c8300000) (1024K)]
  0x000001e6f96b65b0 JavaThread "ForkJoinPool.commonPool-worker-12" daemon [_thread_blocked, id=14548, stack(0x00000018c8300000,0x00000018c8400000) (1024K)]
  0x000001e6f96b6c40 JavaThread "ForkJoinPool.commonPool-worker-13" daemon [_thread_blocked, id=2196, stack(0x00000018c8400000,0x00000018c8500000) (1024K)]
  0x000001e6f96b72d0 JavaThread "ForkJoinPool.commonPool-worker-14" daemon [_thread_in_Java, id=18428, stack(0x00000018c8700000,0x00000018c8800000) (1024K)]
  0x000001e6f8145080 JavaThread "C2 CompilerThread1"         daemon [_thread_blocked, id=7124, stack(0x00000018c8900000,0x00000018c8a00000) (1024K)]
=>0x000001e6f8145750 JavaThread "C2 CompilerThread2"         daemon [_thread_in_native, id=18156, stack(0x00000018c9400000,0x00000018c9500000) (1024K)]
Total: 44

Other Threads:
  0x000001e6f07243f0 VMThread "VM Thread"                           [id=308, stack(0x00000018c6700000,0x00000018c6800000) (1024K)] _threads_hazard_ptr=0x000001e6fb92a180
  0x000001e6f065ca00 WatcherThread "VM Periodic Task Thread"        [id=11516, stack(0x00000018c6600000,0x00000018c6700000) (1024K)]
  0x000001e6dc2517a0 WorkerThread "GC Thread#0"                     [id=10200, stack(0x00000018c6500000,0x00000018c6600000) (1024K)]
  0x000001e6f244edd0 WorkerThread "GC Thread#1"                     [id=4044, stack(0x00000018c7100000,0x00000018c7200000) (1024K)]
  0x000001e6f2d1b470 WorkerThread "GC Thread#2"                     [id=320, stack(0x00000018c7300000,0x00000018c7400000) (1024K)]
  0x000001e6f2d1b810 WorkerThread "GC Thread#3"                     [id=16832, stack(0x00000018c7400000,0x00000018c7500000) (1024K)]
  0x000001e6f2d1bbb0 WorkerThread "GC Thread#4"                     [id=14340, stack(0x00000018c7500000,0x00000018c7600000) (1024K)]
  0x000001e6f2a2bf30 WorkerThread "GC Thread#5"                     [id=15688, stack(0x00000018c7600000,0x00000018c7700000) (1024K)]
  0x000001e6f2a2c2d0 WorkerThread "GC Thread#6"                     [id=13572, stack(0x00000018c7700000,0x00000018c7800000) (1024K)]
  0x000001e6f71246a0 WorkerThread "GC Thread#7"                     [id=15152, stack(0x00000018c7d00000,0x00000018c7e00000) (1024K)]
Total: 10

Threads with active compile tasks:
C2 CompilerThread0  1232044 13708   !   4       org.eclipse.jdt.internal.core.NameLookup::seekModule (267 bytes)
C2 CompilerThread1  1232044 13686       4       org.eclipse.jdt.internal.compiler.lookup.PackageBinding::hasCompilationUnit (101 bytes)
C2 CompilerThread2  1232044 13470       4       org.eclipse.jdt.internal.compiler.lookup.LookupEnvironment::getTypeFromTypeSignature (770 bytes)
Total: 3

VM state: synchronizing (normal execution)

VM Mutex/Monitor currently owned by a thread:  ([mutex/lock_event])
[0x00007ffc0b20d380] Threads_lock - owner thread: 0x000001e6f07243f0
[0x00007ffc0b20d480] Heap_lock - owner thread: 0x000001e6f96b3e50

Heap address: 0x00000000c0000000, size: 1024 MB, Compressed Oops mode: 32-bit

CDS archive(s) mapped at: [0x000001e680000000-0x000001e680ba0000-0x000001e680ba0000), size 12189696, SharedBaseAddress: 0x000001e680000000, ArchiveRelocationMode: 1.
Compressed class space mapped at: 0x000001e681000000-0x000001e6c1000000, reserved size: 1073741824
Narrow klass base: 0x000001e680000000, Narrow klass shift: 0, Narrow klass range: 0x100000000

GC Precious Log:
 CardTable entry size: 512
 CPUs: 8 total, 8 available
 Memory: 7995M
 Large Page Support: Disabled
 NUMA Support: Disabled
 Compressed Oops: Enabled (32-bit)
 Alignments: Space 512K, Generation 512K, Heap 2M
 Heap Min Capacity: 100M
 Heap Initial Capacity: 100M
 Heap Max Capacity: 1G
 Pre-touch: Disabled
 Parallel Workers: 8

Heap:
 PSYoungGen      total 11776K, used 11316K [0x00000000eab00000, 0x00000000eb800000, 0x0000000100000000)
  eden space 10240K, 99% used [0x00000000eab00000,0x00000000eb4fffe0,0x00000000eb500000)
  from space 1536K, 70% used [0x00000000eb500000,0x00000000eb60d248,0x00000000eb680000)
  to   space 1536K, 0% used [0x00000000eb680000,0x00000000eb680000,0x00000000eb800000)
 ParOldGen       total 232448K, used 232106K [0x00000000c0000000, 0x00000000ce300000, 0x00000000eab00000)
  object space 232448K, 99% used [0x00000000c0000000,0x00000000ce2aab88,0x00000000ce300000)
 Metaspace       used 71235K, committed 72704K, reserved 1114112K
  class space    used 7398K, committed 8128K, reserved 1048576K

Card table byte_map: [0x000001e6dbbd0000,0x000001e6dbde0000] _byte_map_base: 0x000001e6db5d0000

Marking Bits: (ParMarkBitMap*) 0x00007ffc0b212250
 Begin Bits: [0x000001e6ee580000, 0x000001e6ef580000)
 End Bits:   [0x000001e6ef580000, 0x000001e6f0580000)

Polling page: 0x000001e6da160000

Metaspace:

Usage:
  Non-class:     62.34 MB used.
      Class:      7.23 MB used.
       Both:     69.57 MB used.

Virtual space:
  Non-class space:       64.00 MB reserved,      63.06 MB ( 99%) committed,  1 nodes.
      Class space:        1.00 GB reserved,       7.94 MB ( <1%) committed,  1 nodes.
             Both:        1.06 GB reserved,      71.00 MB (  7%) committed. 

Chunk freelists:
   Non-Class:  0 bytes
       Class:  8.10 MB
        Both:  8.10 MB

MaxMetaspaceSize: unlimited
CompressedClassSpaceSize: 1.00 GB
Initial GC threshold: 21.00 MB
Current GC threshold: 116.25 MB
CDS: on
 - commit_granule_bytes: 65536.
 - commit_granule_words: 8192.
 - virtual_space_node_default_size: 8388608.
 - enlarge_chunks_in_place: 1.
 - use_allocation_guard: 0.


Internal statistics:

num_allocs_failed_limit: 9.
num_arena_births: 1198.
num_arena_deaths: 412.
num_vsnodes_births: 2.
num_vsnodes_deaths: 0.
num_space_committed: 1136.
num_space_uncommitted: 0.
num_chunks_returned_to_freelist: 489.
num_chunks_taken_from_freelist: 4491.
num_chunk_merges: 137.
num_chunk_splits: 2678.
num_chunks_enlarged: 1593.
num_inconsistent_stats: 0.

CodeHeap 'non-profiled nmethods': size=120000Kb used=9384Kb max_used=9649Kb free=110616Kb
 bounds [0x000001e6e7050000, 0x000001e6e79d0000, 0x000001e6ee580000]
CodeHeap 'profiled nmethods': size=120000Kb used=23633Kb max_used=24651Kb free=96366Kb
 bounds [0x000001e6df580000, 0x000001e6e0e60000, 0x000001e6e6ab0000]
CodeHeap 'non-nmethods': size=5760Kb used=1472Kb max_used=1567Kb free=4287Kb
 bounds [0x000001e6e6ab0000, 0x000001e6e6d20000, 0x000001e6e7050000]
 total_blobs=11861 nmethods=11071 adapters=696
 compilation: enabled
              stopped_count=0, restarted_count=0
 full_count=0

Compilation events (20 events):
Event: 1231.955 Thread 0x000001e6f8145080 nmethod 13675% 0x000001e6e7141390 code [0x000001e6e7141660, 0x000001e6e7142ae8]
Event: 1231.955 Thread 0x000001e6f8145080 13686       4       org.eclipse.jdt.internal.compiler.lookup.PackageBinding::hasCompilationUnit (101 bytes)
Event: 1231.955 Thread 0x000001e6f07533d0 13703       2       org.eclipse.jdt.internal.compiler.ast.TypeReference::resolveType (7 bytes)
Event: 1231.955 Thread 0x000001e6f07533d0 nmethod 13703 0x000001e6dfed0d10 code [0x000001e6dfed0ec0, 0x000001e6dfed0ff0]
Event: 1231.955 Thread 0x000001e6f07533d0 13704       2       org.eclipse.jdt.internal.compiler.ast.TypeReference::resolveType (7 bytes)
Event: 1231.956 Thread 0x000001e6f07533d0 nmethod 13704 0x000001e6e028df90 code [0x000001e6e028e140, 0x000001e6e028e278]
Event: 1231.956 Thread 0x000001e6f07533d0 13705       2       org.eclipse.jdt.internal.compiler.lookup.Scope::findMemberType (723 bytes)
Event: 1231.963 Thread 0x000001e6f07533d0 nmethod 13705 0x000001e6e00b2f90 code [0x000001e6e00b3460, 0x000001e6e00b5a98]
Event: 1231.963 Thread 0x000001e6f07533d0 13706       2       org.eclipse.jdt.internal.compiler.ast.QualifiedTypeReference::getTypeBinding (660 bytes)
Event: 1231.968 Thread 0x000001e6f07533d0 nmethod 13706 0x000001e6df962a90 code [0x000001e6df962fa0, 0x000001e6df9645c0]
Event: 1231.969 Thread 0x000001e6f07533d0 13707   !   2       org.eclipse.jdt.internal.core.PackageFragmentRoot::getSourceMapper (67 bytes)
Event: 1231.969 Thread 0x000001e6f07533d0 nmethod 13707 0x000001e6e0769210 code [0x000001e6e0769420, 0x000001e6e0769758]
Event: 1231.969 Thread 0x000001e6f07533d0 13709       2       org.eclipse.jdt.internal.compiler.ast.TypeDeclaration::updateWithAnnotations (241 bytes)
Event: 1231.971 Thread 0x000001e6f07533d0 nmethod 13709 0x000001e6df7f6510 code [0x000001e6df7f67c0, 0x000001e6df7f7110]
Event: 1231.971 Thread 0x000001e6f07533d0 13710       2       org.eclipse.jdt.internal.compiler.ast.TypeReference::updateWithAnnotations (7 bytes)
Event: 1231.972 Thread 0x000001e6f07533d0 nmethod 13710 0x000001e6e0293110 code [0x000001e6e02932c0, 0x000001e6e02933e8]
Event: 1231.973 Thread 0x000001e6f07533d0 13711   !   2       org.eclipse.jdt.internal.compiler.lookup.BinaryTypeBinding::hasValueBasedTypeAnnotation (108 bytes)
Event: 1231.974 Thread 0x000001e6f07533d0 nmethod 13711 0x000001e6df864910 code [0x000001e6df864ae0, 0x000001e6df864de8]
Event: 1231.986 Thread 0x000001e6f07533d0 13712       2       org.eclipse.jdt.internal.compiler.ast.TypeReference::resolveSuperType (62 bytes)
Event: 1231.987 Thread 0x000001e6f07533d0 nmethod 13712 0x000001e6df863f90 code [0x000001e6df8641c0, 0x000001e6df864660]

GC Heap History (20 events):
Event: 1231.750 GC heap before
{Heap before GC invocations=1559 (full 5):
 PSYoungGen      total 8704K, used 8672K [0x00000000eab00000, 0x00000000eb580000, 0x0000000100000000)
  eden space 7680K, 100% used [0x00000000eab00000,0x00000000eb280000,0x00000000eb280000)
  from space 1024K, 96% used [0x00000000eb300000,0x00000000eb3f8000,0x00000000eb400000)
  to   space 1536K, 0% used [0x00000000eb400000,0x00000000eb400000,0x00000000eb580000)
 ParOldGen       total 203264K, used 202995K [0x00000000c0000000, 0x00000000cc680000, 0x00000000eab00000)
  object space 203264K, 99% used [0x00000000c0000000,0x00000000cc63cd38,0x00000000cc680000)
 Metaspace       used 71158K, committed 72640K, reserved 1114112K
  class space    used 7396K, committed 8128K, reserved 1048576K
}
Event: 1231.756 GC heap after
{Heap after GC invocations=1559 (full 5):
 PSYoungGen      total 9216K, used 1265K [0x00000000eab00000, 0x00000000eb580000, 0x0000000100000000)
  eden space 7680K, 0% used [0x00000000eab00000,0x00000000eab00000,0x00000000eb280000)
  from space 1536K, 82% used [0x00000000eb400000,0x00000000eb53c410,0x00000000eb580000)
  to   space 1536K, 0% used [0x00000000eb280000,0x00000000eb280000,0x00000000eb400000)
 ParOldGen       total 207872K, used 206934K [0x00000000c0000000, 0x00000000ccb00000, 0x00000000eab00000)
  object space 207872K, 99% used [0x00000000c0000000,0x00000000cca158f8,0x00000000ccb00000)
 Metaspace       used 71158K, committed 72640K, reserved 1114112K
  class space    used 7396K, committed 8128K, reserved 1048576K
}
Event: 1231.797 GC heap before
{Heap before GC invocations=1560 (full 5):
 PSYoungGen      total 9216K, used 8945K [0x00000000eab00000, 0x00000000eb580000, 0x0000000100000000)
  eden space 7680K, 100% used [0x00000000eab00000,0x00000000eb280000,0x00000000eb280000)
  from space 1536K, 82% used [0x00000000eb400000,0x00000000eb53c410,0x00000000eb580000)
  to   space 1536K, 0% used [0x00000000eb280000,0x00000000eb280000,0x00000000eb400000)
 ParOldGen       total 207872K, used 206934K [0x00000000c0000000, 0x00000000ccb00000, 0x00000000eab00000)
  object space 207872K, 99% used [0x00000000c0000000,0x00000000cca158f8,0x00000000ccb00000)
 Metaspace       used 71159K, committed 72640K, reserved 1114112K
  class space    used 7396K, committed 8128K, reserved 1048576K
}
Event: 1231.801 GC heap after
{Heap after GC invocations=1560 (full 5):
 PSYoungGen      total 9216K, used 1010K [0x00000000eab00000, 0x00000000eb580000, 0x0000000100000000)
  eden space 7680K, 0% used [0x00000000eab00000,0x00000000eab00000,0x00000000eb280000)
  from space 1536K, 65% used [0x00000000eb280000,0x00000000eb37cab8,0x00000000eb400000)
  to   space 1536K, 0% used [0x00000000eb400000,0x00000000eb400000,0x00000000eb580000)
 ParOldGen       total 214016K, used 212070K [0x00000000c0000000, 0x00000000cd100000, 0x00000000eab00000)
  object space 214016K, 99% used [0x00000000c0000000,0x00000000ccf19a98,0x00000000cd100000)
 Metaspace       used 71159K, committed 72640K, reserved 1114112K
  class space    used 7396K, committed 8128K, reserved 1048576K
}
Event: 1231.818 GC heap before
{Heap before GC invocations=1561 (full 5):
 PSYoungGen      total 9216K, used 8565K [0x00000000eab00000, 0x00000000eb580000, 0x0000000100000000)
  eden space 7680K, 98% used [0x00000000eab00000,0x00000000eb260bd8,0x00000000eb280000)
  from space 1536K, 65% used [0x00000000eb280000,0x00000000eb37cab8,0x00000000eb400000)
  to   space 1536K, 0% used [0x00000000eb400000,0x00000000eb400000,0x00000000eb580000)
 ParOldGen       total 214016K, used 212070K [0x00000000c0000000, 0x00000000cd100000, 0x00000000eab00000)
  object space 214016K, 99% used [0x00000000c0000000,0x00000000ccf19a98,0x00000000cd100000)
 Metaspace       used 71161K, committed 72640K, reserved 1114112K
  class space    used 7396K, committed 8128K, reserved 1048576K
}
Event: 1231.823 GC heap after
{Heap after GC invocations=1561 (full 5):
 PSYoungGen      total 9216K, used 1089K [0x00000000eab00000, 0x00000000eb580000, 0x0000000100000000)
  eden space 7680K, 0% used [0x00000000eab00000,0x00000000eab00000,0x00000000eb280000)
  from space 1536K, 70% used [0x00000000eb400000,0x00000000eb510780,0x00000000eb580000)
  to   space 1536K, 0% used [0x00000000eb280000,0x00000000eb280000,0x00000000eb400000)
 ParOldGen       total 216576K, used 216069K [0x00000000c0000000, 0x00000000cd380000, 0x00000000eab00000)
  object space 216576K, 99% used [0x00000000c0000000,0x00000000cd3014f0,0x00000000cd380000)
 Metaspace       used 71161K, committed 72640K, reserved 1114112K
  class space    used 7396K, committed 8128K, reserved 1048576K
}
Event: 1231.842 GC heap before
{Heap before GC invocations=1562 (full 5):
 PSYoungGen      total 9216K, used 8769K [0x00000000eab00000, 0x00000000eb580000, 0x0000000100000000)
  eden space 7680K, 100% used [0x00000000eab00000,0x00000000eb280000,0x00000000eb280000)
  from space 1536K, 70% used [0x00000000eb400000,0x00000000eb510780,0x00000000eb580000)
  to   space 1536K, 0% used [0x00000000eb280000,0x00000000eb280000,0x00000000eb400000)
 ParOldGen       total 216576K, used 216069K [0x00000000c0000000, 0x00000000cd380000, 0x00000000eab00000)
  object space 216576K, 99% used [0x00000000c0000000,0x00000000cd3014f0,0x00000000cd380000)
 Metaspace       used 71184K, committed 72640K, reserved 1114112K
  class space    used 7398K, committed 8128K, reserved 1048576K
}
Event: 1231.847 GC heap after
{Heap after GC invocations=1562 (full 5):
 PSYoungGen      total 9216K, used 1182K [0x00000000eab00000, 0x00000000eb580000, 0x0000000100000000)
  eden space 7680K, 0% used [0x00000000eab00000,0x00000000eab00000,0x00000000eb280000)
  from space 1536K, 76% used [0x00000000eb280000,0x00000000eb3a7958,0x00000000eb400000)
  to   space 1536K, 0% used [0x00000000eb400000,0x00000000eb400000,0x00000000eb580000)
 ParOldGen       total 218624K, used 218218K [0x00000000c0000000, 0x00000000cd580000, 0x00000000eab00000)
  object space 218624K, 99% used [0x00000000c0000000,0x00000000cd51aad0,0x00000000cd580000)
 Metaspace       used 71184K, committed 72640K, reserved 1114112K
  class space    used 7398K, committed 8128K, reserved 1048576K
}
Event: 1231.862 GC heap before
{Heap before GC invocations=1563 (full 5):
 PSYoungGen      total 9216K, used 8862K [0x00000000eab00000, 0x00000000eb580000, 0x0000000100000000)
  eden space 7680K, 100% used [0x00000000eab00000,0x00000000eb280000,0x00000000eb280000)
  from space 1536K, 76% used [0x00000000eb280000,0x00000000eb3a7958,0x00000000eb400000)
  to   space 1536K, 0% used [0x00000000eb400000,0x00000000eb400000,0x00000000eb580000)
 ParOldGen       total 218624K, used 218218K [0x00000000c0000000, 0x00000000cd580000, 0x00000000eab00000)
  object space 218624K, 99% used [0x00000000c0000000,0x00000000cd51aad0,0x00000000cd580000)
 Metaspace       used 71195K, committed 72704K, reserved 1114112K
  class space    used 7398K, committed 8128K, reserved 1048576K
}
Event: 1231.866 GC heap after
{Heap after GC invocations=1563 (full 5):
 PSYoungGen      total 9728K, used 576K [0x00000000eab00000, 0x00000000eb600000, 0x0000000100000000)
  eden space 8192K, 0% used [0x00000000eab00000,0x00000000eab00000,0x00000000eb300000)
  from space 1536K, 37% used [0x00000000eb400000,0x00000000eb490000,0x00000000eb580000)
  to   space 1024K, 0% used [0x00000000eb300000,0x00000000eb300000,0x00000000eb400000)
 ParOldGen       total 219648K, used 219249K [0x00000000c0000000, 0x00000000cd680000, 0x00000000eab00000)
  object space 219648K, 99% used [0x00000000c0000000,0x00000000cd61c428,0x00000000cd680000)
 Metaspace       used 71195K, committed 72704K, reserved 1114112K
  class space    used 7398K, committed 8128K, reserved 1048576K
}
Event: 1231.878 GC heap before
{Heap before GC invocations=1564 (full 5):
 PSYoungGen      total 9728K, used 8768K [0x00000000eab00000, 0x00000000eb600000, 0x0000000100000000)
  eden space 8192K, 100% used [0x00000000eab00000,0x00000000eb300000,0x00000000eb300000)
  from space 1536K, 37% used [0x00000000eb400000,0x00000000eb490000,0x00000000eb580000)
  to   space 1024K, 0% used [0x00000000eb300000,0x00000000eb300000,0x00000000eb400000)
 ParOldGen       total 219648K, used 219249K [0x00000000c0000000, 0x00000000cd680000, 0x00000000eab00000)
  object space 219648K, 99% used [0x00000000c0000000,0x00000000cd61c428,0x00000000cd680000)
 Metaspace       used 71200K, committed 72704K, reserved 1114112K
  class space    used 7398K, committed 8128K, reserved 1048576K
}
Event: 1231.882 GC heap after
{Heap after GC invocations=1564 (full 5):
 PSYoungGen      total 9216K, used 960K [0x00000000eab00000, 0x00000000eb800000, 0x0000000100000000)
  eden space 8192K, 0% used [0x00000000eab00000,0x00000000eab00000,0x00000000eb300000)
  from space 1024K, 93% used [0x00000000eb300000,0x00000000eb3f0000,0x00000000eb400000)
  to   space 1536K, 0% used [0x00000000eb680000,0x00000000eb680000,0x00000000eb800000)
 ParOldGen       total 221696K, used 221262K [0x00000000c0000000, 0x00000000cd880000, 0x00000000eab00000)
  object space 221696K, 99% used [0x00000000c0000000,0x00000000cd813a08,0x00000000cd880000)
 Metaspace       used 71200K, committed 72704K, reserved 1114112K
  class space    used 7398K, committed 8128K, reserved 1048576K
}
Event: 1231.895 GC heap before
{Heap before GC invocations=1565 (full 5):
 PSYoungGen      total 9216K, used 8303K [0x00000000eab00000, 0x00000000eb800000, 0x0000000100000000)
  eden space 8192K, 89% used [0x00000000eab00000,0x00000000eb22bfe0,0x00000000eb300000)
  from space 1024K, 93% used [0x00000000eb300000,0x00000000eb3f0000,0x00000000eb400000)
  to   space 1536K, 0% used [0x00000000eb680000,0x00000000eb680000,0x00000000eb800000)
 ParOldGen       total 221696K, used 221262K [0x00000000c0000000, 0x00000000cd880000, 0x00000000eab00000)
  object space 221696K, 99% used [0x00000000c0000000,0x00000000cd813a08,0x00000000cd880000)
 Metaspace       used 71201K, committed 72704K, reserved 1114112K
  class space    used 7398K, committed 8128K, reserved 1048576K
}
Event: 1231.899 GC heap after
{Heap after GC invocations=1565 (full 5):
 PSYoungGen      total 11776K, used 1216K [0x00000000eab00000, 0x00000000eb800000, 0x0000000100000000)
  eden space 10240K, 0% used [0x00000000eab00000,0x00000000eab00000,0x00000000eb500000)
  from space 1536K, 79% used [0x00000000eb680000,0x00000000eb7b0000,0x00000000eb800000)
  to   space 1536K, 0% used [0x00000000eb500000,0x00000000eb500000,0x00000000eb680000)
 ParOldGen       total 222208K, used 222108K [0x00000000c0000000, 0x00000000cd900000, 0x00000000eab00000)
  object space 222208K, 99% used [0x00000000c0000000,0x00000000cd8e70a8,0x00000000cd900000)
 Metaspace       used 71201K, committed 72704K, reserved 1114112K
  class space    used 7398K, committed 8128K, reserved 1048576K
}
Event: 1231.915 GC heap before
{Heap before GC invocations=1566 (full 5):
 PSYoungGen      total 11776K, used 11434K [0x00000000eab00000, 0x00000000eb800000, 0x0000000100000000)
  eden space 10240K, 99% used [0x00000000eab00000,0x00000000eb4fa960,0x00000000eb500000)
  from space 1536K, 79% used [0x00000000eb680000,0x00000000eb7b0000,0x00000000eb800000)
  to   space 1536K, 0% used [0x00000000eb500000,0x00000000eb500000,0x00000000eb680000)
 ParOldGen       total 223232K, used 222892K [0x00000000c0000000, 0x00000000cda00000, 0x00000000eab00000)
  object space 223232K, 99% used [0x00000000c0000000,0x00000000cd9ab170,0x00000000cda00000)
 Metaspace       used 71202K, committed 72704K, reserved 1114112K
  class space    used 7398K, committed 8128K, reserved 1048576K
}
Event: 1231.920 GC heap after
{Heap after GC invocations=1566 (full 5):
 PSYoungGen      total 11776K, used 1250K [0x00000000eab00000, 0x00000000eb800000, 0x0000000100000000)
  eden space 10240K, 0% used [0x00000000eab00000,0x00000000eab00000,0x00000000eb500000)
  from space 1536K, 81% used [0x00000000eb500000,0x00000000eb638b88,0x00000000eb680000)
  to   space 1536K, 0% used [0x00000000eb680000,0x00000000eb680000,0x00000000eb800000)
 ParOldGen       total 229888K, used 228588K [0x00000000c0000000, 0x00000000ce080000, 0x00000000eab00000)
  object space 229888K, 99% used [0x00000000c0000000,0x00000000cdf3b310,0x00000000ce080000)
 Metaspace       used 71202K, committed 72704K, reserved 1114112K
  class space    used 7398K, committed 8128K, reserved 1048576K
}
Event: 1231.949 GC heap before
{Heap before GC invocations=1567 (full 5):
 PSYoungGen      total 11776K, used 11490K [0x00000000eab00000, 0x00000000eb800000, 0x0000000100000000)
  eden space 10240K, 100% used [0x00000000eab00000,0x00000000eb500000,0x00000000eb500000)
  from space 1536K, 81% used [0x00000000eb500000,0x00000000eb638b88,0x00000000eb680000)
  to   space 1536K, 0% used [0x00000000eb680000,0x00000000eb680000,0x00000000eb800000)
 ParOldGen       total 229888K, used 228591K [0x00000000c0000000, 0x00000000ce080000, 0x00000000eab00000)
  object space 229888K, 99% used [0x00000000c0000000,0x00000000cdf3bd70,0x00000000ce080000)
 Metaspace       used 71207K, committed 72704K, reserved 1114112K
  class space    used 7398K, committed 8128K, reserved 1048576K
}
Event: 1231.953 GC heap after
{Heap after GC invocations=1567 (full 5):
 PSYoungGen      total 11776K, used 1248K [0x00000000eab00000, 0x00000000eb800000, 0x0000000100000000)
  eden space 10240K, 0% used [0x00000000eab00000,0x00000000eab00000,0x00000000eb500000)
  from space 1536K, 81% used [0x00000000eb680000,0x00000000eb7b8000,0x00000000eb800000)
  to   space 1536K, 0% used [0x00000000eb500000,0x00000000eb500000,0x00000000eb680000)
 ParOldGen       total 229888K, used 229453K [0x00000000c0000000, 0x00000000ce080000, 0x00000000eab00000)
  object space 229888K, 99% used [0x00000000c0000000,0x00000000ce0135a8,0x00000000ce080000)
 Metaspace       used 71207K, committed 72704K, reserved 1114112K
  class space    used 7398K, committed 8128K, reserved 1048576K
}
Event: 1231.980 GC heap before
{Heap before GC invocations=1568 (full 5):
 PSYoungGen      total 11776K, used 11459K [0x00000000eab00000, 0x00000000eb800000, 0x0000000100000000)
  eden space 10240K, 99% used [0x00000000eab00000,0x00000000eb4f8f18,0x00000000eb500000)
  from space 1536K, 81% used [0x00000000eb680000,0x00000000eb7b8000,0x00000000eb800000)
  to   space 1536K, 0% used [0x00000000eb500000,0x00000000eb500000,0x00000000eb680000)
 ParOldGen       total 229888K, used 229453K [0x00000000c0000000, 0x00000000ce080000, 0x00000000eab00000)
  object space 229888K, 99% used [0x00000000c0000000,0x00000000ce0135a8,0x00000000ce080000)
 Metaspace       used 71231K, committed 72704K, reserved 1114112K
  class space    used 7398K, committed 8128K, reserved 1048576K
}
Event: 1231.983 GC heap after
{Heap after GC invocations=1568 (full 5):
 PSYoungGen      total 11776K, used 1076K [0x00000000eab00000, 0x00000000eb800000, 0x0000000100000000)
  eden space 10240K, 0% used [0x00000000eab00000,0x00000000eab00000,0x00000000eb500000)
  from space 1536K, 70% used [0x00000000eb500000,0x00000000eb60d248,0x00000000eb680000)
  to   space 1536K, 0% used [0x00000000eb680000,0x00000000eb680000,0x00000000eb800000)
 ParOldGen       total 232448K, used 232106K [0x00000000c0000000, 0x00000000ce300000, 0x00000000eab00000)
  object space 232448K, 99% used [0x00000000c0000000,0x00000000ce2aab88,0x00000000ce300000)
 Metaspace       used 71231K, committed 72704K, reserved 1114112K
  class space    used 7398K, committed 8128K, reserved 1048576K
}

Dll operation events (14 events):
Event: 0.021 Loaded shared library c:\Users\HP\.vscode\extensions\redhat.java-1.39.0-win32-x64\jre\21.0.5-win32-x86_64\bin\java.dll
Event: 0.141 Loaded shared library c:\Users\HP\.vscode\extensions\redhat.java-1.39.0-win32-x64\jre\21.0.5-win32-x86_64\bin\zip.dll
Event: 0.191 Loaded shared library C:\Users\HP\.vscode\extensions\redhat.java-1.39.0-win32-x64\jre\21.0.5-win32-x86_64\bin\instrument.dll
Event: 0.199 Loaded shared library C:\Users\HP\.vscode\extensions\redhat.java-1.39.0-win32-x64\jre\21.0.5-win32-x86_64\bin\net.dll
Event: 0.203 Loaded shared library C:\Users\HP\.vscode\extensions\redhat.java-1.39.0-win32-x64\jre\21.0.5-win32-x86_64\bin\nio.dll
Event: 0.211 Loaded shared library C:\Users\HP\.vscode\extensions\redhat.java-1.39.0-win32-x64\jre\21.0.5-win32-x86_64\bin\zip.dll
Event: 0.292 Loaded shared library C:\Users\HP\.vscode\extensions\redhat.java-1.39.0-win32-x64\jre\21.0.5-win32-x86_64\bin\jimage.dll
Event: 0.418 Loaded shared library c:\Users\HP\.vscode\extensions\redhat.java-1.39.0-win32-x64\jre\21.0.5-win32-x86_64\bin\verify.dll
Event: 2.156 Loaded shared library C:\Users\HP\AppData\Roaming\Code\User\globalStorage\redhat.java\1.39.0\config_win\org.eclipse.equinox.launcher\org.eclipse.equinox.launcher.win32.win32.x86_64_1.2.1100.v20240722-2106\eclipse_11904.dll
Event: 3.944 Loaded shared library C:\Users\HP\.vscode\extensions\redhat.java-1.39.0-win32-x64\jre\21.0.5-win32-x86_64\bin\management.dll
Event: 3.949 Loaded shared library C:\Users\HP\.vscode\extensions\redhat.java-1.39.0-win32-x64\jre\21.0.5-win32-x86_64\bin\management_ext.dll
Event: 5.493 Loaded shared library C:\Users\HP\AppData\Local\Temp\jna-2312\jna17107977411389170772.dll
Event: 5.846 Loaded shared library C:\Users\HP\.vscode\extensions\redhat.java-1.39.0-win32-x64\jre\21.0.5-win32-x86_64\bin\sunmscapi.dll
Event: 5.963 Loaded shared library C:\Users\HP\.vscode\extensions\redhat.java-1.39.0-win32-x64\jre\21.0.5-win32-x86_64\bin\extnet.dll

Deoptimization events (20 events):
Event: 1231.278 Thread 0x000001e6f96b6c40 DEOPT PACKING pc=0x000001e6e07a2cf8 sp=0x00000018c84fdfc0
Event: 1231.278 Thread 0x000001e6f96b6c40 DEOPT UNPACKING pc=0x000001e6e6b04242 sp=0x00000018c84fd448 mode 0
Event: 1231.295 Thread 0x000001e6f96b72d0 DEOPT PACKING pc=0x000001e6e07a2cf8 sp=0x00000018c87fddc0
Event: 1231.296 Thread 0x000001e6f96b72d0 DEOPT UNPACKING pc=0x000001e6e6b04242 sp=0x00000018c87fd248 mode 0
Event: 1231.336 Thread 0x000001e6f96b6c40 DEOPT PACKING pc=0x000001e6e07a2cf8 sp=0x00000018c84fdac0
Event: 1231.336 Thread 0x000001e6f96b6c40 DEOPT UNPACKING pc=0x000001e6e6b04242 sp=0x00000018c84fcf48 mode 0
Event: 1231.357 Thread 0x000001e6f96b3e50 DEOPT PACKING pc=0x000001e6e07a2cf8 sp=0x00000018c81fdb30
Event: 1231.357 Thread 0x000001e6f96b3e50 DEOPT UNPACKING pc=0x000001e6e6b04242 sp=0x00000018c81fcfb8 mode 0
Event: 1231.374 Thread 0x000001e6f96b65b0 DEOPT PACKING pc=0x000001e6e07a2cf8 sp=0x00000018c83fe6b0
Event: 1231.374 Thread 0x000001e6f96b65b0 DEOPT UNPACKING pc=0x000001e6e6b04242 sp=0x00000018c83fdb38 mode 0
Event: 1231.388 Thread 0x000001e6f96b5f20 DEOPT PACKING pc=0x000001e6e07a2cf8 sp=0x00000018c82fe130
Event: 1231.388 Thread 0x000001e6f96b5f20 DEOPT UNPACKING pc=0x000001e6e6b04242 sp=0x00000018c82fd5b8 mode 0
Event: 1231.407 Thread 0x000001e6f96b65b0 DEOPT PACKING pc=0x000001e6e07a2cf8 sp=0x00000018c83fe1b0
Event: 1231.407 Thread 0x000001e6f96b65b0 DEOPT UNPACKING pc=0x000001e6e6b04242 sp=0x00000018c83fd638 mode 0
Event: 1231.762 Thread 0x000001e6f96b3e50 Uncommon trap: trap_request=0xffffff6e fr.pc=0x000001e6e7945840 relative=0x0000000000000160
Event: 1231.762 Thread 0x000001e6f96b3e50 Uncommon trap: reason=loop_limit_check action=maybe_recompile pc=0x000001e6e7945840 method=org.eclipse.jdt.internal.compiler.lookup.BinaryTypeBinding.createMethods([Lorg/eclipse/jdt/internal/compiler/env/IBinaryMethod;Lorg/eclipse/jdt/internal/compiler/en
Event: 1231.762 Thread 0x000001e6f96b3e50 DEOPT PACKING pc=0x000001e6e7945840 sp=0x00000018c81fde10
Event: 1231.762 Thread 0x000001e6f96b3e50 DEOPT UNPACKING pc=0x000001e6e6b03aa2 sp=0x00000018c81fdd78 mode 2
Event: 1231.960 Thread 0x000001e6f96b5f20 DEOPT PACKING pc=0x000001e6df6b94f9 sp=0x00000018c82fd890
Event: 1231.961 Thread 0x000001e6f96b5f20 DEOPT UNPACKING pc=0x000001e6e6b04242 sp=0x00000018c82fcdc0 mode 0

Classes loaded (20 events):
Event: 14.698 Loading class java/nio/file/FileTreeIterator
Event: 14.698 Loading class java/nio/file/FileTreeIterator done
Event: 14.863 Loading class java/util/stream/ReduceOps$4
Event: 14.863 Loading class java/util/stream/ReduceOps$4 done
Event: 14.863 Loading class java/util/stream/ReduceOps$4ReducingSink
Event: 14.863 Loading class java/util/stream/ReduceOps$4ReducingSink done
Event: 14.865 Loading class java/nio/file/Files$2
Event: 14.866 Loading class java/nio/file/Files$2 done
Event: 14.995 Loading class jdk/internal/module/IllegalAccessLogger
Event: 14.995 Loading class jdk/internal/module/IllegalAccessLogger done
Event: 15.012 Loading class java/util/concurrent/ArrayBlockingQueue
Event: 15.012 Loading class java/util/concurrent/ArrayBlockingQueue done
Event: 15.183 Loading class java/util/Hashtable$ValueCollection
Event: 15.183 Loading class java/util/Hashtable$ValueCollection done
Event: 15.189 Loading class java/util/concurrent/ConcurrentHashMap$KeySpliterator
Event: 15.190 Loading class java/util/concurrent/ConcurrentHashMap$KeySpliterator done
Event: 15.322 Loading class jdk/internal/module/IllegalAccessLogger
Event: 15.322 Loading class jdk/internal/module/IllegalAccessLogger done
Event: 16.291 Loading class java/io/CharArrayWriter
Event: 16.291 Loading class java/io/CharArrayWriter done

Classes unloaded (20 events):
Event: 1224.362 Thread 0x000001e6f07243f0 Unloading class 0x000001e681014800 'java/lang/invoke/LambdaForm$MH+0x000001e681014800'
Event: 1224.363 Thread 0x000001e6f07243f0 Unloading class 0x000001e68100d800 'java/lang/invoke/LambdaForm$MH+0x000001e68100d800'
Event: 1224.363 Thread 0x000001e6f07243f0 Unloading class 0x000001e68100d400 'java/lang/invoke/LambdaForm$MH+0x000001e68100d400'
Event: 1224.363 Thread 0x000001e6f07243f0 Unloading class 0x000001e68100d000 'java/lang/invoke/LambdaForm$MH+0x000001e68100d000'
Event: 1224.363 Thread 0x000001e6f07243f0 Unloading class 0x000001e68100cc00 'java/lang/invoke/LambdaForm$MH+0x000001e68100cc00'
Event: 1224.363 Thread 0x000001e6f07243f0 Unloading class 0x000001e68100c800 'java/lang/invoke/LambdaForm$BMH+0x000001e68100c800'
Event: 1224.363 Thread 0x000001e6f07243f0 Unloading class 0x000001e68100c000 'java/lang/invoke/LambdaForm$DMH+0x000001e68100c000'
Event: 1224.363 Thread 0x000001e6f07243f0 Unloading class 0x000001e681008400 'java/lang/invoke/LambdaForm$MH+0x000001e681008400'
Event: 1224.363 Thread 0x000001e6f07243f0 Unloading class 0x000001e681008000 'java/lang/invoke/LambdaForm$MH+0x000001e681008000'
Event: 1224.363 Thread 0x000001e6f07243f0 Unloading class 0x000001e681007c00 'java/lang/invoke/LambdaForm$MH+0x000001e681007c00'
Event: 1224.363 Thread 0x000001e6f07243f0 Unloading class 0x000001e681006800 'java/lang/invoke/LambdaForm$MH+0x000001e681006800'
Event: 1224.363 Thread 0x000001e6f07243f0 Unloading class 0x000001e681006000 'java/lang/invoke/LambdaForm$MH+0x000001e681006000'
Event: 1224.363 Thread 0x000001e6f07243f0 Unloading class 0x000001e681005c00 'java/lang/invoke/LambdaForm$MH+0x000001e681005c00'
Event: 1224.363 Thread 0x000001e6f07243f0 Unloading class 0x000001e681005800 'java/lang/invoke/LambdaForm$MH+0x000001e681005800'
Event: 1224.363 Thread 0x000001e6f07243f0 Unloading class 0x000001e681005400 'java/lang/invoke/LambdaForm$BMH+0x000001e681005400'
Event: 1224.363 Thread 0x000001e6f07243f0 Unloading class 0x000001e681004000 'java/lang/invoke/LambdaForm$DMH+0x000001e681004000'
Event: 1224.363 Thread 0x000001e6f07243f0 Unloading class 0x000001e681002400 'java/lang/invoke/LambdaForm$MH+0x000001e681002400'
Event: 1224.363 Thread 0x000001e6f07243f0 Unloading class 0x000001e681002000 'java/lang/invoke/LambdaForm$MH+0x000001e681002000'
Event: 1224.363 Thread 0x000001e6f07243f0 Unloading class 0x000001e681001800 'java/lang/invoke/LambdaForm$MH+0x000001e681001800'
Event: 1224.363 Thread 0x000001e6f07243f0 Unloading class 0x000001e681000400 'java/lang/invoke/LambdaForm$MH+0x000001e681000400'

Classes redefined (0 events):
No events

Internal exceptions (20 events):
Event: 35.274 Thread 0x000001e6f79371b0 Exception <a 'sun/nio/fs/WindowsException'{0x00000000eab1bdc8}> (0x00000000eab1bdc8) 
thrown [s\src\hotspot\share\prims\jni.cpp, line 520]
Event: 35.545 Thread 0x000001e6f79371b0 Exception <a 'sun/nio/fs/WindowsException'{0x00000000eacc49c8}> (0x00000000eacc49c8) 
thrown [s\src\hotspot\share\prims\jni.cpp, line 520]
Event: 35.563 Thread 0x000001e6f79371b0 Exception <a 'sun/nio/fs/WindowsException'{0x00000000eab97f70}> (0x00000000eab97f70) 
thrown [s\src\hotspot\share\prims\jni.cpp, line 520]
Event: 35.710 Thread 0x000001e6f79371b0 Exception <a 'sun/nio/fs/WindowsException'{0x00000000eab6d9c8}> (0x00000000eab6d9c8) 
thrown [s\src\hotspot\share\prims\jni.cpp, line 520]
Event: 35.748 Thread 0x000001e6f79371b0 Exception <a 'sun/nio/fs/WindowsException'{0x00000000eac70058}> (0x00000000eac70058) 
thrown [s\src\hotspot\share\prims\jni.cpp, line 520]
Event: 36.355 Thread 0x000001e6f79371b0 Implicit null exception at 0x000001e6e7872813 to 0x000001e6e7874f88
Event: 36.368 Thread 0x000001e6f79371b0 Exception <a 'sun/nio/fs/WindowsException'{0x00000000eab2f8d8}> (0x00000000eab2f8d8) 
thrown [s\src\hotspot\share\prims\jni.cpp, line 520]
Event: 36.457 Thread 0x000001e6f96b65b0 Exception <a 'java/lang/IncompatibleClassChangeError'{0x00000000eac0e0a0}: Found class java.lang.Object, but interface was expected> (0x00000000eac0e0a0) 
thrown [s\src\hotspot\share\interpreter\linkResolver.cpp, line 840]
Event: 36.758 Thread 0x000001e6f96b65b0 Implicit null exception at 0x000001e6e7703049 to 0x000001e6e7703a4c
Event: 36.758 Thread 0x000001e6f96b65b0 Implicit null exception at 0x000001e6e71a3009 to 0x000001e6e71a374c
Event: 36.896 Thread 0x000001e6f96b65b0 Implicit null exception at 0x000001e6e77c55b1 to 0x000001e6e77c9074
Event: 37.085 Thread 0x000001e6f96b65b0 Implicit null exception at 0x000001e6e7333140 to 0x000001e6e73351c8
Event: 1218.621 Thread 0x000001e6f96b2410 Exception <a 'java/lang/NoSuchMethodError'{0x00000000eacef038}: 'int java.lang.invoke.DirectMethodHandle$Holder.invokeStatic(java.lang.Object, java.lang.Object, java.lang.Object, java.lang.Object, java.lang.Object, java.lang.Object)'> (0x00000000eacef038) 
thrown [s\src\hotspot\share\interpreter\linkResolver.cpp, line 773]
Event: 1222.371 Thread 0x000001e6f96b5890 Implicit null exception at 0x000001e6e7769b60 to 0x000001e6e7769bb9
Event: 1226.152 Thread 0x000001e6f96b2410 Implicit null exception at 0x000001e6e70cdf92 to 0x000001e6e70ce03d
Event: 1227.779 Thread 0x000001e6f96b5890 Exception <a 'java/lang/NoSuchMethodError'{0x00000000ead4e270}: 'void java.lang.invoke.DelegatingMethodHandle$Holder.reinvoke_L(java.lang.Object, java.lang.Object, int)'> (0x00000000ead4e270) 
thrown [s\src\hotspot\share\interpreter\linkResolver.cpp, line 773]
Event: 1229.624 Thread 0x000001e6f96b5890 Implicit null exception at 0x000001e6e77d86ad to 0x000001e6e77d997a
Event: 1229.624 Thread 0x000001e6f96b65b0 Implicit null exception at 0x000001e6e77d86ad to 0x000001e6e77d997a
Event: 1229.634 Thread 0x000001e6f96b65b0 Implicit null exception at 0x000001e6e77ceea2 to 0x000001e6e77cef95
Event: 1230.611 Thread 0x000001e6f96b5f20 Implicit null exception at 0x000001e6e759fd4f to 0x000001e6e759fecc

ZGC Phase Switch (0 events):
No events

VM Operations (20 events):
Event: 1231.779 Executing VM operation: ParallelGCFailedAllocation (Allocation Failure)
Event: 1231.801 Executing VM operation: ParallelGCFailedAllocation (Allocation Failure) done
Event: 1231.818 Executing VM operation: ParallelGCFailedAllocation (Allocation Failure)
Event: 1231.823 Executing VM operation: ParallelGCFailedAllocation (Allocation Failure) done
Event: 1231.835 Executing VM operation: ParallelGCFailedAllocation (Allocation Failure)
Event: 1231.847 Executing VM operation: ParallelGCFailedAllocation (Allocation Failure) done
Event: 1231.862 Executing VM operation: ParallelGCFailedAllocation (Allocation Failure)
Event: 1231.866 Executing VM operation: ParallelGCFailedAllocation (Allocation Failure) done
Event: 1231.878 Executing VM operation: ParallelGCFailedAllocation (Allocation Failure)
Event: 1231.882 Executing VM operation: ParallelGCFailedAllocation (Allocation Failure) done
Event: 1231.895 Executing VM operation: ParallelGCFailedAllocation (Allocation Failure)
Event: 1231.899 Executing VM operation: ParallelGCFailedAllocation (Allocation Failure) done
Event: 1231.914 Executing VM operation: ParallelGCFailedAllocation (Allocation Failure)
Event: 1231.914 Executing VM operation: ParallelGCFailedAllocation (Allocation Failure) done
Event: 1231.915 Executing VM operation: ParallelGCSystemGC (GCLocker Initiated GC)
Event: 1231.920 Executing VM operation: ParallelGCSystemGC (GCLocker Initiated GC) done
Event: 1231.932 Executing VM operation: ParallelGCFailedAllocation (Allocation Failure)
Event: 1231.953 Executing VM operation: ParallelGCFailedAllocation (Allocation Failure) done
Event: 1231.975 Executing VM operation: ParallelGCFailedAllocation (Allocation Failure)
Event: 1231.983 Executing VM operation: ParallelGCFailedAllocation (Allocation Failure) done

Memory protections (0 events):
No events

Nmethod flushes (20 events):
Event: 1224.847 Thread 0x000001e6f07243f0 flushing  nmethod 0x000001e6e0d00310
Event: 1224.847 Thread 0x000001e6f07243f0 flushing  nmethod 0x000001e6e0d10810
Event: 1224.847 Thread 0x000001e6f07243f0 flushing  nmethod 0x000001e6e0d11090
Event: 1224.847 Thread 0x000001e6f07243f0 flushing  nmethod 0x000001e6e0d1b790
Event: 1224.847 Thread 0x000001e6f07243f0 flushing  nmethod 0x000001e6e0d28510
Event: 1224.847 Thread 0x000001e6f07243f0 flushing  nmethod 0x000001e6e0d30410
Event: 1224.847 Thread 0x000001e6f07243f0 flushing  nmethod 0x000001e6e0d31210
Event: 1224.847 Thread 0x000001e6f07243f0 flushing  nmethod 0x000001e6e0d38b10
Event: 1224.847 Thread 0x000001e6f07243f0 flushing  nmethod 0x000001e6e0d42190
Event: 1224.847 Thread 0x000001e6f07243f0 flushing  nmethod 0x000001e6e0d46410
Event: 1224.847 Thread 0x000001e6f07243f0 flushing  nmethod 0x000001e6e0d46a90
Event: 1224.847 Thread 0x000001e6f07243f0 flushing  nmethod 0x000001e6e0d49c90
Event: 1224.847 Thread 0x000001e6f07243f0 flushing  nmethod 0x000001e6e0d4d810
Event: 1224.847 Thread 0x000001e6f07243f0 flushing  nmethod 0x000001e6e0d51910
Event: 1224.847 Thread 0x000001e6f07243f0 flushing  nmethod 0x000001e6e0d52610
Event: 1224.847 Thread 0x000001e6f07243f0 flushing  nmethod 0x000001e6e0d52b90
Event: 1224.847 Thread 0x000001e6f07243f0 flushing  nmethod 0x000001e6e0d55a10
Event: 1224.847 Thread 0x000001e6f07243f0 flushing  nmethod 0x000001e6e0d58e90
Event: 1224.847 Thread 0x000001e6f07243f0 flushing  nmethod 0x000001e6e0d8a590
Event: 1224.847 Thread 0x000001e6f07243f0 flushing  nmethod 0x000001e6e0d8d210

Events (20 events):
Event: 320.023 Thread 0x000001e6f81420d0 Thread exited: 0x000001e6f81420d0
Event: 337.209 Thread 0x000001e6f96b5f20 Thread exited: 0x000001e6f96b5f20
Event: 397.213 Thread 0x000001e6f96b09d0 Thread exited: 0x000001e6f96b09d0
Event: 457.221 Thread 0x000001e6f96b44e0 Thread exited: 0x000001e6f96b44e0
Event: 1209.313 Thread 0x000001e6f96b16f0 Thread added: 0x000001e6f96b5890
Event: 1214.833 Thread 0x000001e6f96b3130 Thread added: 0x000001e6f96b2410
Event: 1215.372 Thread 0x000001e6f07533d0 Thread added: 0x000001e6f8140c60
Event: 1215.935 Thread 0x000001e6f8140c60 Thread exited: 0x000001e6f8140c60
Event: 1218.687 Thread 0x000001e6f96b16f0 Thread added: 0x000001e6f96b7960
Event: 1220.970 Thread 0x000001e6f96b16f0 Thread added: 0x000001e6f96b3e50
Event: 1221.552 Thread 0x000001e6f96b16f0 Thread added: 0x000001e6f96b5f20
Event: 1222.945 Thread 0x000001e6f96b16f0 Thread added: 0x000001e6f96b65b0
Event: 1222.982 Thread 0x000001e6f96b65b0 Thread added: 0x000001e6f96b6c40
Event: 1223.002 Thread 0x000001e6f96b6c40 Thread added: 0x000001e6f96b72d0
Event: 1228.201 Thread 0x000001e6f07533d0 Thread added: 0x000001e6f8145080
Event: 1228.501 Thread 0x000001e6f8145080 Thread added: 0x000001e6f8147290
Event: 1229.598 Thread 0x000001e6f8147290 Thread exited: 0x000001e6f8147290
Event: 1229.716 Thread 0x000001e6f07533d0 Thread added: 0x000001e6f8148030
Event: 1229.985 Thread 0x000001e6f8148030 Thread exited: 0x000001e6f8148030
Event: 1230.168 Thread 0x000001e6f07533d0 Thread added: 0x000001e6f8145750


Dynamic libraries:
0x00007ff759de0000 - 0x00007ff759dee000 	c:\Users\HP\.vscode\extensions\redhat.java-1.39.0-win32-x64\jre\21.0.5-win32-x86_64\bin\java.exe
0x00007ffc6e250000 - 0x00007ffc6e467000 	C:\WINDOWS\SYSTEM32\ntdll.dll
0x00007ffc6c1c0000 - 0x00007ffc6c284000 	C:\WINDOWS\System32\KERNEL32.DLL
0x00007ffc6b6a0000 - 0x00007ffc6ba59000 	C:\WINDOWS\System32\KERNELBASE.dll
0x00007ffc6be50000 - 0x00007ffc6bf61000 	C:\WINDOWS\System32\ucrtbase.dll
0x00007ffc66e80000 - 0x00007ffc66e98000 	c:\Users\HP\.vscode\extensions\redhat.java-1.39.0-win32-x64\jre\21.0.5-win32-x86_64\bin\jli.dll
0x00007ffc6dcc0000 - 0x00007ffc6de6e000 	C:\WINDOWS\System32\USER32.dll
0x00007ffc6be20000 - 0x00007ffc6be46000 	C:\WINDOWS\System32\win32u.dll
0x00007ffc6bf70000 - 0x00007ffc6bf99000 	C:\WINDOWS\System32\GDI32.dll
0x00007ffc6ba60000 - 0x00007ffc6bb7b000 	C:\WINDOWS\System32\gdi32full.dll
0x00007ffc6b550000 - 0x00007ffc6b5ea000 	C:\WINDOWS\System32\msvcp_win.dll
0x00007ffc4ecc0000 - 0x00007ffc4ecde000 	c:\Users\HP\.vscode\extensions\redhat.java-1.39.0-win32-x64\jre\21.0.5-win32-x86_64\bin\VCRUNTIME140.dll
0x00007ffc52780000 - 0x00007ffc52a12000 	C:\WINDOWS\WinSxS\amd64_microsoft.windows.common-controls_6595b64144ccf1df_6.0.22621.4391_none_2715d37f73803e96\COMCTL32.dll
0x00007ffc6c080000 - 0x00007ffc6c127000 	C:\WINDOWS\System32\msvcrt.dll
0x00007ffc6d720000 - 0x00007ffc6d751000 	C:\WINDOWS\System32\IMM32.DLL
0x00007ffc66e70000 - 0x00007ffc66e7c000 	c:\Users\HP\.vscode\extensions\redhat.java-1.39.0-win32-x64\jre\21.0.5-win32-x86_64\bin\vcruntime140_1.dll
0x00007ffc4c6b0000 - 0x00007ffc4c73d000 	c:\Users\HP\.vscode\extensions\redhat.java-1.39.0-win32-x64\jre\21.0.5-win32-x86_64\bin\msvcp140.dll
0x00007ffc0a560000 - 0x00007ffc0b2ef000 	c:\Users\HP\.vscode\extensions\redhat.java-1.39.0-win32-x64\jre\21.0.5-win32-x86_64\bin\server\jvm.dll
0x00007ffc6dc00000 - 0x00007ffc6dcb2000 	C:\WINDOWS\System32\ADVAPI32.dll
0x00007ffc6c880000 - 0x00007ffc6c927000 	C:\WINDOWS\System32\sechost.dll
0x00007ffc6b5f0000 - 0x00007ffc6b618000 	C:\WINDOWS\System32\bcrypt.dll
0x00007ffc6d760000 - 0x00007ffc6d874000 	C:\WINDOWS\System32\RPCRT4.dll
0x00007ffc6ce20000 - 0x00007ffc6ce91000 	C:\WINDOWS\System32\WS2_32.dll
0x00007ffc6b420000 - 0x00007ffc6b46d000 	C:\WINDOWS\SYSTEM32\POWRPROF.dll
0x00007ffc630e0000 - 0x00007ffc630ea000 	C:\WINDOWS\SYSTEM32\VERSION.dll
0x00007ffc66dd0000 - 0x00007ffc66e04000 	C:\WINDOWS\SYSTEM32\WINMM.dll
0x00007ffc6b400000 - 0x00007ffc6b413000 	C:\WINDOWS\SYSTEM32\UMPDC.dll
0x00007ffc6a550000 - 0x00007ffc6a568000 	C:\WINDOWS\SYSTEM32\kernel.appcore.dll
0x00007ffc66210000 - 0x00007ffc6621a000 	c:\Users\HP\.vscode\extensions\redhat.java-1.39.0-win32-x64\jre\21.0.5-win32-x86_64\bin\jimage.dll
0x00007ffc68e60000 - 0x00007ffc69092000 	C:\WINDOWS\SYSTEM32\DBGHELP.DLL
0x00007ffc6de70000 - 0x00007ffc6e1ff000 	C:\WINDOWS\System32\combase.dll
0x00007ffc6bfa0000 - 0x00007ffc6c077000 	C:\WINDOWS\System32\OLEAUT32.dll
0x00007ffc4dea0000 - 0x00007ffc4ded2000 	C:\WINDOWS\SYSTEM32\dbgcore.DLL
0x00007ffc6b620000 - 0x00007ffc6b69b000 	C:\WINDOWS\System32\bcryptPrimitives.dll
0x00007ffc51050000 - 0x00007ffc5105f000 	c:\Users\HP\.vscode\extensions\redhat.java-1.39.0-win32-x64\jre\21.0.5-win32-x86_64\bin\instrument.dll
0x00007ffc4c680000 - 0x00007ffc4c69f000 	c:\Users\HP\.vscode\extensions\redhat.java-1.39.0-win32-x64\jre\21.0.5-win32-x86_64\bin\java.dll
0x00007ffc6cea0000 - 0x00007ffc6d716000 	C:\WINDOWS\System32\SHELL32.dll
0x00007ffc69440000 - 0x00007ffc69d43000 	C:\WINDOWS\SYSTEM32\windows.storage.dll
0x00007ffc69300000 - 0x00007ffc6943f000 	C:\WINDOWS\SYSTEM32\wintypes.dll
0x00007ffc6c780000 - 0x00007ffc6c879000 	C:\WINDOWS\System32\SHCORE.dll
0x00007ffc6db50000 - 0x00007ffc6dbae000 	C:\WINDOWS\System32\shlwapi.dll
0x00007ffc6b480000 - 0x00007ffc6b4ab000 	C:\WINDOWS\SYSTEM32\profapi.dll
0x00007ffc4c660000 - 0x00007ffc4c678000 	c:\Users\HP\.vscode\extensions\redhat.java-1.39.0-win32-x64\jre\21.0.5-win32-x86_64\bin\zip.dll
0x00007ffc4c650000 - 0x00007ffc4c660000 	C:\Users\HP\.vscode\extensions\redhat.java-1.39.0-win32-x64\jre\21.0.5-win32-x86_64\bin\net.dll
0x00007ffc67530000 - 0x00007ffc67666000 	C:\WINDOWS\SYSTEM32\WINHTTP.dll
0x00007ffc6a9d0000 - 0x00007ffc6aa39000 	C:\WINDOWS\system32\mswsock.dll
0x00007ffc4c630000 - 0x00007ffc4c646000 	C:\Users\HP\.vscode\extensions\redhat.java-1.39.0-win32-x64\jre\21.0.5-win32-x86_64\bin\nio.dll
0x00007ffc4c620000 - 0x00007ffc4c630000 	c:\Users\HP\.vscode\extensions\redhat.java-1.39.0-win32-x64\jre\21.0.5-win32-x86_64\bin\verify.dll
0x00007ffc46fb0000 - 0x00007ffc46ff5000 	C:\Users\HP\AppData\Roaming\Code\User\globalStorage\redhat.java\1.39.0\config_win\org.eclipse.equinox.launcher\org.eclipse.equinox.launcher.win32.win32.x86_64_1.2.1100.v20240722-2106\eclipse_11904.dll
0x00007ffc6d9a0000 - 0x00007ffc6db45000 	C:\WINDOWS\System32\ole32.dll
0x00007ffc4c4e0000 - 0x00007ffc4c4ea000 	C:\Users\HP\.vscode\extensions\redhat.java-1.39.0-win32-x64\jre\21.0.5-win32-x86_64\bin\management.dll
0x00007ffc4c4d0000 - 0x00007ffc4c4db000 	C:\Users\HP\.vscode\extensions\redhat.java-1.39.0-win32-x64\jre\21.0.5-win32-x86_64\bin\management_ext.dll
0x00007ffc6d930000 - 0x00007ffc6d938000 	C:\WINDOWS\System32\PSAPI.DLL
0x00007ffc6abf0000 - 0x00007ffc6ac0b000 	C:\WINDOWS\SYSTEM32\CRYPTSP.dll
0x00007ffc6a4b0000 - 0x00007ffc6a4e5000 	C:\WINDOWS\system32\rsaenh.dll
0x00007ffc6aa90000 - 0x00007ffc6aab8000 	C:\WINDOWS\SYSTEM32\USERENV.dll
0x00007ffc6ac10000 - 0x00007ffc6ac1c000 	C:\WINDOWS\SYSTEM32\CRYPTBASE.dll
0x00007ffc69fb0000 - 0x00007ffc69fdd000 	C:\WINDOWS\SYSTEM32\IPHLPAPI.DLL
0x00007ffc6cc30000 - 0x00007ffc6cc39000 	C:\WINDOWS\System32\NSI.dll
0x00007ffc46c20000 - 0x00007ffc46c69000 	C:\Users\HP\AppData\Local\Temp\jna-2312\jna17107977411389170772.dll
0x00007ffc67a20000 - 0x00007ffc67a39000 	C:\WINDOWS\SYSTEM32\dhcpcsvc6.DLL
0x00007ffc67290000 - 0x00007ffc672af000 	C:\WINDOWS\SYSTEM32\dhcpcsvc.DLL
0x00007ffc4c610000 - 0x00007ffc4c61e000 	C:\Users\HP\.vscode\extensions\redhat.java-1.39.0-win32-x64\jre\21.0.5-win32-x86_64\bin\sunmscapi.dll
0x00007ffc6bbf0000 - 0x00007ffc6bd56000 	C:\WINDOWS\System32\CRYPT32.dll
0x00007ffc6ae20000 - 0x00007ffc6ae4d000 	C:\WINDOWS\SYSTEM32\ncrypt.dll
0x00007ffc6ade0000 - 0x00007ffc6ae17000 	C:\WINDOWS\SYSTEM32\NTASN1.dll
0x00007ffc6a020000 - 0x00007ffc6a122000 	C:\WINDOWS\SYSTEM32\DNSAPI.dll
0x00007ffc63720000 - 0x00007ffc6372a000 	C:\Windows\System32\rasadhlp.dll
0x00007ffc64df0000 - 0x00007ffc64e73000 	C:\WINDOWS\System32\fwpuclnt.dll
0x00007ffc49e60000 - 0x00007ffc49e69000 	C:\Users\HP\.vscode\extensions\redhat.java-1.39.0-win32-x64\jre\21.0.5-win32-x86_64\bin\extnet.dll

dbghelp: loaded successfully - version: 4.0.5 - missing functions: none
symbol engine: initialized successfully - sym options: 0x614 - pdb path: .;c:\Users\HP\.vscode\extensions\redhat.java-1.39.0-win32-x64\jre\21.0.5-win32-x86_64\bin;C:\WINDOWS\SYSTEM32;C:\WINDOWS\WinSxS\amd64_microsoft.windows.common-controls_6595b64144ccf1df_6.0.22621.4391_none_2715d37f73803e96;c:\Users\HP\.vscode\extensions\redhat.java-1.39.0-win32-x64\jre\21.0.5-win32-x86_64\bin\server;C:\Users\HP\AppData\Roaming\Code\User\globalStorage\redhat.java\1.39.0\config_win\org.eclipse.equinox.launcher\org.eclipse.equinox.launcher.win32.win32.x86_64_1.2.1100.v20240722-2106;C:\Users\HP\AppData\Local\Temp\jna-2312

VM Arguments:
jvm_args: --add-modules=ALL-SYSTEM --add-opens=java.base/java.util=ALL-UNNAMED --add-opens=java.base/java.lang=ALL-UNNAMED --add-opens=java.base/sun.nio.fs=ALL-UNNAMED -Declipse.application=org.eclipse.jdt.ls.core.id1 -Dosgi.bundles.defaultStartLevel=4 -Declipse.product=org.eclipse.jdt.ls.core.product -Djava.import.generatesMetadataFilesAtProjectRoot=false -DDetectVMInstallationsJob.disabled=true -Dfile.encoding=utf8 -XX:+UseParallelGC -XX:GCTimeRatio=4 -XX:AdaptiveSizePolicyWeight=90 -Dsun.zip.disableMemoryMapping=true -Xmx1G -Xms100m -Xlog:disable -javaagent:c:\Users\HP\.vscode\extensions\redhat.java-1.39.0-win32-x64\lombok\lombok-1.18.34.jar -XX:+HeapDumpOnOutOfMemoryError -XX:HeapDumpPath=c:\Users\HP\AppData\Roaming\Code\User\workspaceStorage\6652d2f790df79effb5a0d950b696bcc\redhat.java -Daether.dependencyCollector.impl=bf 
java_command: c:\Users\HP\.vscode\extensions\redhat.java-1.39.0-win32-x64\server\plugins\org.eclipse.equinox.launcher_1.6.900.v20240613-2009.jar -configuration c:\Users\HP\AppData\Roaming\Code\User\globalStorage\redhat.java\1.39.0\config_win -data c:\Users\HP\AppData\Roaming\Code\User\workspaceStorage\6652d2f790df79effb5a0d950b696bcc\redhat.java\jdt_ws --pipe=\\.\pipe\lsp-022d3c84b264a37253a98a99c0f14db6-sock
java_class_path (initial): c:\Users\HP\.vscode\extensions\redhat.java-1.39.0-win32-x64\server\plugins\org.eclipse.equinox.launcher_1.6.900.v20240613-2009.jar
Launcher Type: SUN_STANDARD

[Global flags]
    uintx AdaptiveSizePolicyWeight                 = 90                                        {product} {command line}
     intx CICompilerCount                          = 4                                         {product} {ergonomic}
    uintx GCTimeRatio                              = 4                                         {product} {command line}
     bool HeapDumpOnOutOfMemoryError               = true                                   {manageable} {command line}
    ccstr HeapDumpPath                             = c:\Users\HP\AppData\Roaming\Code\User\workspaceStorage\6652d2f790df79effb5a0d950b696bcc\redhat.java         {manageable} {command line}
   size_t InitialHeapSize                          = 104857600                                 {product} {command line}
   size_t MaxHeapSize                              = 1073741824                                {product} {command line}
   size_t MaxNewSize                               = 357564416                                 {product} {ergonomic}
   size_t MinHeapDeltaBytes                        = 524288                                    {product} {ergonomic}
   size_t MinHeapSize                              = 104857600                                 {product} {command line}
   size_t NewSize                                  = 34603008                                  {product} {ergonomic}
    uintx NonNMethodCodeHeapSize                   = 5839372                                {pd product} {ergonomic}
    uintx NonProfiledCodeHeapSize                  = 122909434                              {pd product} {ergonomic}
   size_t OldSize                                  = 70254592                                  {product} {ergonomic}
    uintx ProfiledCodeHeapSize                     = 122909434                              {pd product} {ergonomic}
    uintx ReservedCodeCacheSize                    = 251658240                              {pd product} {ergonomic}
     bool SegmentedCodeCache                       = true                                      {product} {ergonomic}
   size_t SoftMaxHeapSize                          = 1073741824                             {manageable} {ergonomic}
     bool UseCompressedOops                        = true                           {product lp64_product} {ergonomic}
     bool UseLargePagesIndividualAllocation        = false                                  {pd product} {ergonomic}
     bool UseParallelGC                            = true                                      {product} {command line}

Logging:
Log output configuration:
 #0: stdout all=off uptime,level,tags foldmultilines=false
 #1: stderr all=off uptime,level,tags foldmultilines=false

Environment Variables:
JAVA_HOME=C:\Program Files\Eclipse Adoptium\jdk-21.0.4.7-hotspot
PATH=C:\Program Files (x86)\VMware\VMware Workstation\bin\;C:\Program Files\Common Files\Oracle\Java\javapath;C:\WINDOWS\system32;C:\WINDOWS;C:\WINDOWS\System32\Wbem;C:\WINDOWS\System32\WindowsPowerShell\v1.0\;C:\WINDOWS\System32\OpenSSH\;C:\Program Files\Java\bin;C:\Program Files (x86)\Microsoft SQL Server\160\Tools\Binn\;C:\Program Files\Microsoft SQL Server\160\Tools\Binn\;C:\Program Files\Microsoft SQL Server\Client SDK\ODBC\170\Tools\Binn\;C:\Program Files\Microsoft SQL Server\160\DTS\Binn\;C:\Program Files\Azure Data Studio\bin;C:\Program Files\MySQL\MySQL Server 8.0;C:\Program Files\MySQL\MySQL Server 8.0\bin;C:\Program Files\nodejs\;C:\Program Files\steghide;C:\Program Files\Docker\Docker\resources\bin;C:\Program Files\Eclipse Adoptium\jdk-21.0.4.7-hotspot\bin;C:\Program Files\Git\cmd;C:\Program Files\Git\bin;C:\Program Files\Ballerina\\bin;C:\php-8.4.1;C:\Program Files\MongoDB\Tools\100\bin;C:\Program Files\MongoDB\Server\7.0\bin;C:\Program Files\apache-maven-3.9.9\bin;C:\Program Files\PostgreSQL\17\bin;C:\Program Files\Git\bin\;C:\Program Files\Git\cmd\;C:\Users\HP\AppData\Local\Programs\Python\Python312\Scripts\;C:\Users\HP\AppData\Local\Programs\Python\Python312\;C:\Program Files\MySQL\MySQL Shell 8.0\bin\;C:\Users\HP\AppData\Local\Programs\Python\Python310\Scripts\;C:\Users\HP\AppData\Local\Programs\Python\Python310\;C:\Users\HP\AppData\Local\Microsoft\WindowsApps;C:\Program Files\JetBrains\IntelliJ IDEA Community Edition 2022.3.2\bin;C:\MinGW\bin;C:\Users\HP\AppData\Local\Programs\Microsoft VS Code\bin;C:\Users\HP\AppData\Local\GitHubDesktop\bin;C:\Program Files\Azure Data Studio\bin;C:\Users\HP\AppData\Roaming\npm;C:\MinGW\bin;C:\Users\HP\AppData\Roaming\npm;C:\flutter\src\flutter\bin;C:\Users\HP\AppData\Local\ComposerSetup\bin;C:\Users\HP\AppData\Roaming\Composer\vendor\bin;C:\Program Files\JetBrains\IntelliJ IDEA 2024.3.2.1\bin;
USERNAME=HP
OS=Windows_NT
PROCESSOR_IDENTIFIER=Intel64 Family 6 Model 142 Stepping 12, GenuineIntel
TMP=C:\Users\HP\AppData\Local\Temp
TEMP=C:\Users\HP\AppData\Local\Temp




Periodic native trim disabled

---------------  S Y S T E M  ---------------

OS:
 Windows 11 , 64 bit Build 22621 (10.0.22621.4391)
OS uptime: 0 days 2:03 hours
Hyper-V role detected

CPU: total 8 (initial active 8) (4 cores per cpu, 2 threads per core) family 6 model 142 stepping 12 microcode 0xde, cx8, cmov, fxsr, ht, mmx, 3dnowpref, sse, sse2, sse3, ssse3, sse4.1, sse4.2, popcnt, lzcnt, tsc, tscinvbit, avx, avx2, aes, erms, clmul, bmi1, bmi2, adx, fma, vzeroupper, clflush, clflushopt, hv, rdtscp, f16c
Processor Information for all 8 processors :
  Max Mhz: 2112, Current Mhz: 1609, Mhz Limit: 1605

Memory: 4k page, system-wide physical 7995M (1039M free)
TotalPageFile size 16187M (AvailPageFile size 5M)
current process WorkingSet (physical memory assigned to process): 459M, peak: 858M
current process commit charge ("private bytes"): 531M, peak: 943M

vm_info: OpenJDK 64-Bit Server VM (21.0.5+11-LTS) for windows-amd64 JRE (21.0.5+11-LTS), built on 2024-10-15T00:00:00Z by "admin" with MS VC++ 17.7 (VS2022)

END.
