#
# There is insufficient memory for the Java Runtime Environment to continue.
# Native memory allocation (malloc) failed to allocate 32744 bytes. Error detail: Chunk::new
# Possible reasons:
#   The system is out of physical RAM or swap space
#   This process is running with CompressedOops enabled, and the Java Heap may be blocking the growth of the native heap
# Possible solutions:
#   Reduce memory load on the system
#   Increase physical memory or swap space
#   Check if swap backing store is full
#   Decrease Java heap size (-Xmx/-Xms)
#   Decrease number of Java threads
#   Decrease Java thread stack sizes (-Xss)
#   Set larger code cache with -XX:ReservedCodeCacheSize=
#   JVM is running with Unscaled Compressed Oops mode in which the Java heap is
#     placed in the first 4GB address space. The Java Heap base address is the
#     maximum limit for the native heap growth. Please use -XX:HeapBaseMinAddress
#     to set the Java Heap base and to place the Java Heap above 4GB virtual address.
# This output file may be truncated or incomplete.
#
#  Out of Memory Error (arena.cpp:168), pid=10572, tid=10580
#
# JRE version: OpenJDK Runtime Environment Temurin-21.0.5+11 (21.0.5+11) (build 21.0.5+11-LTS)
# Java VM: OpenJDK 64-Bit Server VM Temurin-21.0.5+11 (21.0.5+11-LTS, mixed mode, sharing, tiered, compressed oops, compressed class ptrs, parallel gc, windows-amd64)
# No core dump will be written. Minidumps are not enabled by default on client versions of Windows
#

---------------  S U M M A R Y ------------

Command Line: --add-modules=ALL-SYSTEM --add-opens=java.base/java.util=ALL-UNNAMED --add-opens=java.base/java.lang=ALL-UNNAMED --add-opens=java.base/sun.nio.fs=ALL-UNNAMED -Declipse.application=org.eclipse.jdt.ls.core.id1 -Dosgi.bundles.defaultStartLevel=4 -Declipse.product=org.eclipse.jdt.ls.core.product -Djava.import.generatesMetadataFilesAtProjectRoot=false -DDetectVMInstallationsJob.disabled=true -Dfile.encoding=utf8 -XX:+UseParallelGC -XX:GCTimeRatio=4 -XX:AdaptiveSizePolicyWeight=90 -Dsun.zip.disableMemoryMapping=true -Xmx1G -Xms100m -Xlog:disable -javaagent:c:\Users\HP\.vscode\extensions\redhat.java-1.39.0-win32-x64\lombok\lombok-1.18.34.jar -XX:+HeapDumpOnOutOfMemoryError -XX:HeapDumpPath=c:\Users\HP\AppData\Roaming\Code\User\workspaceStorage\784cf034e120703ef00e0831c0bbd203\redhat.java -Daether.dependencyCollector.impl=bf c:\Users\HP\.vscode\extensions\redhat.java-1.39.0-win32-x64\server\plugins\org.eclipse.equinox.launcher_1.6.900.v20240613-2009.jar -configuration c:\Users\HP\AppData\Roaming\Code\User\globalStorage\redhat.java\1.39.0\config_win -data c:\Users\HP\AppData\Roaming\Code\User\workspaceStorage\784cf034e120703ef00e0831c0bbd203\redhat.java\jdt_ws --pipe=\\.\pipe\lsp-9fa78c5ae6d907a239260c08271fce57-sock

Host: Intel(R) Core(TM) i5-10210U CPU @ 1.60GHz, 8 cores, 7G,  Windows 11 , 64 bit Build 22621 (10.0.22621.4391)
Time: Sun Feb  2 00:16:02 2025 Sri Lanka Standard Time elapsed time: 36.552947 seconds (0d 0h 0m 36s)

---------------  T H R E A D  ---------------

Current thread (0x00000188dbeb6250):  JavaThread "C1 CompilerThread0" daemon [_thread_in_native, id=10580, stack(0x0000006df3400000,0x0000006df3500000) (1024K)]


Current CompileTask:
C1:36553 8784       3       org.eclipse.jdt.internal.compiler.util.CtSym::getFullPath (308 bytes)

Stack: [0x0000006df3400000,0x0000006df3500000]
Native frames: (J=compiled Java code, j=interpreted, Vv=VM code, C=native code)
V  [jvm.dll+0x6cd4e9]
V  [jvm.dll+0x8a7941]
V  [jvm.dll+0x8a9e6e]
V  [jvm.dll+0x8aa543]
V  [jvm.dll+0x27f6d6]
V  [jvm.dll+0xc500d]
V  [jvm.dll+0xc5543]
V  [jvm.dll+0x1970db]
V  [jvm.dll+0x198b04]
V  [jvm.dll+0x1537e3]
V  [jvm.dll+0x153028]
V  [jvm.dll+0x153274]
V  [jvm.dll+0x1526a6]
V  [jvm.dll+0x15447d]
V  [jvm.dll+0x25682a]
V  [jvm.dll+0x254dca]
V  [jvm.dll+0x3f00d6]
V  [jvm.dll+0x8514fb]
V  [jvm.dll+0x6cbbed]
C  [ucrtbase.dll+0x29333]
C  [KERNEL32.DLL+0x1259d]
C  [ntdll.dll+0x5af38]


---------------  P R O C E S S  ---------------

Threads class SMR info:
_java_thread_list=0x00000188ddb4d860, length=60, elements={
0x00000188c79902d0, 0x00000188dbea0790, 0x00000188dbea3de0, 0x00000188dbea8de0,
0x00000188dbea9a30, 0x00000188dbead5e0, 0x00000188dbeb07c0, 0x00000188dbeb1950,
0x00000188dbeb6250, 0x00000188dda2ba90, 0x00000188ddb3e130, 0x00000188e27ca100,
0x00000188e29670b0, 0x00000188e27e1770, 0x00000188e27e21a0, 0x00000188e2cbabe0,
0x00000188e2aa50f0, 0x00000188e2cb6690, 0x00000188e2cb52e0, 0x00000188e2cb6000,
0x00000188e2cb38a0, 0x00000188e2cb5970, 0x00000188e2cb3210, 0x00000188e2cb3f30,
0x00000188e2cb45c0, 0x00000188e2cb4c50, 0x00000188e5145bb0, 0x00000188e513ec20,
0x00000188e5144170, 0x00000188e5145520, 0x00000188e5144e90, 0x00000188e5144800,
0x00000188e513f940, 0x00000188e5143ae0, 0x00000188e5146240, 0x00000188e5140660,
0x00000188e513f2b0, 0x00000188e5141380, 0x00000188e51420a0, 0x00000188e513ffd0,
0x00000188e5140cf0, 0x00000188e5142730, 0x00000188e5141a10, 0x00000188e5142dc0,
0x00000188e5143450, 0x00000188e249b1f0, 0x00000188e2497050, 0x00000188e249a4d0,
0x00000188e2497d70, 0x00000188e249e670, 0x00000188e249d2c0, 0x00000188e2498400,
0x00000188e2499e40, 0x00000188e249b880, 0x00000188e24976e0, 0x00000188e249ab60,
0x00000188e2498a90, 0x00000188e249bf10, 0x00000188e249dfe0, 0x00000188e30393e0
}

Java Threads: ( => current thread )
  0x00000188c79902d0 JavaThread "main"                              [_thread_blocked, id=17352, stack(0x0000006df2800000,0x0000006df2900000) (1024K)]
  0x00000188dbea0790 JavaThread "Reference Handler"          daemon [_thread_blocked, id=18208, stack(0x0000006df2d00000,0x0000006df2e00000) (1024K)]
  0x00000188dbea3de0 JavaThread "Finalizer"                  daemon [_thread_blocked, id=17460, stack(0x0000006df2e00000,0x0000006df2f00000) (1024K)]
  0x00000188dbea8de0 JavaThread "Signal Dispatcher"          daemon [_thread_blocked, id=14292, stack(0x0000006df2f00000,0x0000006df3000000) (1024K)]
  0x00000188dbea9a30 JavaThread "Attach Listener"            daemon [_thread_blocked, id=17732, stack(0x0000006df3000000,0x0000006df3100000) (1024K)]
  0x00000188dbead5e0 JavaThread "Service Thread"             daemon [_thread_blocked, id=17416, stack(0x0000006df3100000,0x0000006df3200000) (1024K)]
  0x00000188dbeb07c0 JavaThread "Monitor Deflation Thread"   daemon [_thread_blocked, id=17840, stack(0x0000006df3200000,0x0000006df3300000) (1024K)]
  0x00000188dbeb1950 JavaThread "C2 CompilerThread0"         daemon [_thread_blocked, id=3928, stack(0x0000006df3300000,0x0000006df3400000) (1024K)]
=>0x00000188dbeb6250 JavaThread "C1 CompilerThread0"         daemon [_thread_in_native, id=10580, stack(0x0000006df3400000,0x0000006df3500000) (1024K)]
  0x00000188dda2ba90 JavaThread "Common-Cleaner"             daemon [_thread_blocked, id=17064, stack(0x0000006df3500000,0x0000006df3600000) (1024K)]
  0x00000188ddb3e130 JavaThread "Notification Thread"        daemon [_thread_blocked, id=6128, stack(0x0000006df3600000,0x0000006df3700000) (1024K)]
  0x00000188e27ca100 JavaThread "Active Thread: Equinox Container: b40c6d44-8531-41bb-b60c-ad64b5544df3"        [_thread_blocked, id=14328, stack(0x0000006df3e00000,0x0000006df3f00000) (1024K)]
  0x00000188e29670b0 JavaThread "Refresh Thread: Equinox Container: b40c6d44-8531-41bb-b60c-ad64b5544df3" daemon [_thread_blocked, id=2948, stack(0x0000006df3f00000,0x0000006df4000000) (1024K)]
  0x00000188e27e1770 JavaThread "Framework Event Dispatcher: Equinox Container: b40c6d44-8531-41bb-b60c-ad64b5544df3" daemon [_thread_blocked, id=17816, stack(0x0000006df4100000,0x0000006df4200000) (1024K)]
  0x00000188e27e21a0 JavaThread "Start Level: Equinox Container: b40c6d44-8531-41bb-b60c-ad64b5544df3" daemon [_thread_blocked, id=15892, stack(0x0000006df4200000,0x0000006df4300000) (1024K)]
  0x00000188e2cbabe0 JavaThread "Bundle File Closer"         daemon [_thread_blocked, id=17788, stack(0x0000006df3700000,0x0000006df3800000) (1024K)]
  0x00000188e2aa50f0 JavaThread "SCR Component Actor"        daemon [_thread_blocked, id=2544, stack(0x0000006df4400000,0x0000006df4500000) (1024K)]
  0x00000188e2cb6690 JavaThread "Worker-JM"                         [_thread_blocked, id=16856, stack(0x0000006df4600000,0x0000006df4700000) (1024K)]
  0x00000188e2cb52e0 JavaThread "JNA Cleaner"                daemon [_thread_blocked, id=17824, stack(0x0000006df4500000,0x0000006df4600000) (1024K)]
  0x00000188e2cb6000 JavaThread "Worker-0"                          [_thread_blocked, id=17656, stack(0x0000006df4700000,0x0000006df4800000) (1024K)]
  0x00000188e2cb38a0 JavaThread "Worker-1: Building"                [_thread_blocked, id=13956, stack(0x0000006df4800000,0x0000006df4900000) (1024K)]
  0x00000188e2cb5970 JavaThread "Worker-2"                          [_thread_blocked, id=17096, stack(0x0000006df4900000,0x0000006df4a00000) (1024K)]
  0x00000188e2cb3210 JavaThread "Java indexing"              daemon [_thread_in_Java, id=14956, stack(0x0000006df4b00000,0x0000006df4c00000) (1024K)]
  0x00000188e2cb3f30 JavaThread "Worker-3: Java indexing... "        [_thread_blocked, id=8300, stack(0x0000006df4c00000,0x0000006df4d00000) (1024K)]
  0x00000188e2cb45c0 JavaThread "Worker-4"                          [_thread_blocked, id=3324, stack(0x0000006df4d00000,0x0000006df4e00000) (1024K)]
  0x00000188e2cb4c50 JavaThread "Thread-2"                   daemon [_thread_in_native, id=2152, stack(0x0000006df4e00000,0x0000006df4f00000) (1024K)]
  0x00000188e5145bb0 JavaThread "Thread-3"                   daemon [_thread_in_native, id=6880, stack(0x0000006df4f00000,0x0000006df5000000) (1024K)]
  0x00000188e513ec20 JavaThread "Thread-4"                   daemon [_thread_in_native, id=7196, stack(0x0000006df5000000,0x0000006df5100000) (1024K)]
  0x00000188e5144170 JavaThread "Thread-5"                   daemon [_thread_in_native, id=12856, stack(0x0000006df5100000,0x0000006df5200000) (1024K)]
  0x00000188e5145520 JavaThread "Thread-6"                   daemon [_thread_in_native, id=17432, stack(0x0000006df5200000,0x0000006df5300000) (1024K)]
  0x00000188e5144e90 JavaThread "Thread-7"                   daemon [_thread_in_native, id=6232, stack(0x0000006df5300000,0x0000006df5400000) (1024K)]
  0x00000188e5144800 JavaThread "Thread-8"                   daemon [_thread_in_native, id=9976, stack(0x0000006df5400000,0x0000006df5500000) (1024K)]
  0x00000188e513f940 JavaThread "Thread-9"                   daemon [_thread_in_native, id=3304, stack(0x0000006df5500000,0x0000006df5600000) (1024K)]
  0x00000188e5143ae0 JavaThread "Thread-10"                  daemon [_thread_in_native, id=12384, stack(0x0000006df5600000,0x0000006df5700000) (1024K)]
  0x00000188e5146240 JavaThread "pool-2-thread-1"                   [_thread_blocked, id=12552, stack(0x0000006df5700000,0x0000006df5800000) (1024K)]
  0x00000188e5140660 JavaThread "WorkspaceEventsHandler"            [_thread_blocked, id=9908, stack(0x0000006df4300000,0x0000006df4400000) (1024K)]
  0x00000188e513f2b0 JavaThread "pool-1-thread-1"                   [_thread_blocked, id=2304, stack(0x0000006df5800000,0x0000006df5900000) (1024K)]
  0x00000188e5141380 JavaThread "Worker-5"                          [_thread_blocked, id=10792, stack(0x0000006df5a00000,0x0000006df5b00000) (1024K)]
  0x00000188e51420a0 JavaThread "LocalFile Deleter"          daemon [_thread_blocked, id=13188, stack(0x0000006df5900000,0x0000006df5a00000) (1024K)]
  0x00000188e513ffd0 JavaThread "LocalFile Deleter"          daemon [_thread_blocked, id=6960, stack(0x0000006df5b00000,0x0000006df5c00000) (1024K)]
  0x00000188e5140cf0 JavaThread "LocalFile Deleter"          daemon [_thread_blocked, id=3512, stack(0x0000006df5c00000,0x0000006df5d00000) (1024K)]
  0x00000188e5142730 JavaThread "LocalFile Deleter"          daemon [_thread_blocked, id=10728, stack(0x0000006df5d00000,0x0000006df5e00000) (1024K)]
  0x00000188e5141a10 JavaThread "LocalFile Deleter"          daemon [_thread_blocked, id=14252, stack(0x0000006df5e00000,0x0000006df5f00000) (1024K)]
  0x00000188e5142dc0 JavaThread "LocalFile Deleter"          daemon [_thread_blocked, id=17648, stack(0x0000006df5f00000,0x0000006df6000000) (1024K)]
  0x00000188e5143450 JavaThread "LocalFile Deleter"          daemon [_thread_blocked, id=17488, stack(0x0000006df6000000,0x0000006df6100000) (1024K)]
  0x00000188e249b1f0 JavaThread "LocalFile Deleter"          daemon [_thread_blocked, id=17848, stack(0x0000006df6100000,0x0000006df6200000) (1024K)]
  0x00000188e2497050 JavaThread "Compiler Source File Reader" daemon [_thread_blocked, id=1736, stack(0x0000006df6200000,0x0000006df6300000) (1024K)]
  0x00000188e249a4d0 JavaThread "Compiler Source File Reader" daemon [_thread_blocked, id=17756, stack(0x0000006df6300000,0x0000006df6400000) (1024K)]
  0x00000188e2497d70 JavaThread "Compiler Source File Reader" daemon [_thread_blocked, id=14008, stack(0x0000006df6400000,0x0000006df6500000) (1024K)]
  0x00000188e249e670 JavaThread "Compiler Source File Reader" daemon [_thread_blocked, id=12284, stack(0x0000006df6500000,0x0000006df6600000) (1024K)]
  0x00000188e249d2c0 JavaThread "Compiler Source File Reader" daemon [_thread_blocked, id=2400, stack(0x0000006df6600000,0x0000006df6700000) (1024K)]
  0x00000188e2498400 JavaThread "Compiler Source File Reader" daemon [_thread_blocked, id=5968, stack(0x0000006df6700000,0x0000006df6800000) (1024K)]
  0x00000188e2499e40 JavaThread "Compiler Processing Task"   daemon [_thread_in_Java, id=16620, stack(0x0000006df6900000,0x0000006df6a00000) (1024K)]
  0x00000188e249b880 JavaThread "Compiler Class File Writer" daemon [_thread_blocked, id=16044, stack(0x0000006df4a00000,0x0000006df4b00000) (1024K)]
  0x00000188e24976e0 JavaThread "Compiler Class File Writer" daemon [_thread_blocked, id=14964, stack(0x0000006df6800000,0x0000006df6900000) (1024K)]
  0x00000188e249ab60 JavaThread "Compiler Class File Writer" daemon [_thread_blocked, id=5892, stack(0x0000006df6a00000,0x0000006df6b00000) (1024K)]
  0x00000188e2498a90 JavaThread "Compiler Class File Writer" daemon [_thread_blocked, id=17348, stack(0x0000006df6c00000,0x0000006df6d00000) (1024K)]
  0x00000188e249bf10 JavaThread "Compiler Class File Writer" daemon [_thread_blocked, id=17712, stack(0x0000006df6d00000,0x0000006df6e00000) (1024K)]
  0x00000188e249dfe0 JavaThread "Compiler Class File Writer" daemon [_thread_blocked, id=12852, stack(0x0000006df6e00000,0x0000006df6f00000) (1024K)]
  0x00000188e30393e0 JavaThread "C2 CompilerThread1"         daemon [_thread_blocked, id=5604, stack(0x0000006df6b00000,0x0000006df6c00000) (1024K)]
Total: 60

Other Threads:
  0x00000188c7a4e320 VMThread "VM Thread"                           [id=16544, stack(0x0000006df2b00000,0x0000006df2c00000) (1024K)]
  0x00000188dbdbc8d0 WatcherThread "VM Periodic Task Thread"        [id=15576, stack(0x0000006df2a00000,0x0000006df2b00000) (1024K)]
  0x00000188c79af3e0 WorkerThread "GC Thread#0"                     [id=12176, stack(0x0000006df2900000,0x0000006df2a00000) (1024K)]
  0x00000188e24c26b0 WorkerThread "GC Thread#1"                     [id=8924, stack(0x0000006df3800000,0x0000006df3900000) (1024K)]
  0x00000188e22219a0 WorkerThread "GC Thread#2"                     [id=10496, stack(0x0000006df3900000,0x0000006df3a00000) (1024K)]
  0x00000188e2221d40 WorkerThread "GC Thread#3"                     [id=17740, stack(0x0000006df3a00000,0x0000006df3b00000) (1024K)]
  0x00000188e22220e0 WorkerThread "GC Thread#4"                     [id=1592, stack(0x0000006df3b00000,0x0000006df3c00000) (1024K)]
  0x00000188e228f650 WorkerThread "GC Thread#5"                     [id=10420, stack(0x0000006df3c00000,0x0000006df3d00000) (1024K)]
  0x00000188e228f9f0 WorkerThread "GC Thread#6"                     [id=13184, stack(0x0000006df3d00000,0x0000006df3e00000) (1024K)]
  0x00000188e27b5bb0 WorkerThread "GC Thread#7"                     [id=17208, stack(0x0000006df4000000,0x0000006df4100000) (1024K)]
Total: 10

Threads with active compile tasks:
C1 CompilerThread0  36585 8784       3       org.eclipse.jdt.internal.compiler.util.CtSym::getFullPath (308 bytes)
Total: 1

VM state: not at safepoint (normal execution)

VM Mutex/Monitor currently owned by a thread: None

Heap address: 0x00000000c0000000, size: 1024 MB, Compressed Oops mode: 32-bit

CDS archive(s) mapped at: [0x0000018880000000-0x0000018880ba0000-0x0000018880ba0000), size 12189696, SharedBaseAddress: 0x0000018880000000, ArchiveRelocationMode: 1.
Compressed class space mapped at: 0x0000018881000000-0x00000188c1000000, reserved size: 1073741824
Narrow klass base: 0x0000018880000000, Narrow klass shift: 0, Narrow klass range: 0x100000000

GC Precious Log:
 CardTable entry size: 512
 CPUs: 8 total, 8 available
 Memory: 7995M
 Large Page Support: Disabled
 NUMA Support: Disabled
 Compressed Oops: Enabled (32-bit)
 Alignments: Space 512K, Generation 512K, Heap 2M
 Heap Min Capacity: 100M
 Heap Initial Capacity: 100M
 Heap Max Capacity: 1G
 Pre-touch: Disabled
 Parallel Workers: 8

Heap:
 PSYoungGen      total 16384K, used 11240K [0x00000000eab00000, 0x00000000ebe00000, 0x0000000100000000)
  eden space 13824K, 64% used [0x00000000eab00000,0x00000000eb3b1d30,0x00000000eb880000)
  from space 2560K, 91% used [0x00000000ebb80000,0x00000000ebdc8698,0x00000000ebe00000)
  to   space 2560K, 0% used [0x00000000eb900000,0x00000000eb900000,0x00000000ebb80000)
 ParOldGen       total 68608K, used 57113K [0x00000000c0000000, 0x00000000c4300000, 0x00000000eab00000)
  object space 68608K, 83% used [0x00000000c0000000,0x00000000c37c6478,0x00000000c4300000)
 Metaspace       used 55800K, committed 57088K, reserved 1114112K
  class space    used 5842K, committed 6400K, reserved 1048576K

Card table byte_map: [0x00000188c7330000,0x00000188c7540000] _byte_map_base: 0x00000188c6d30000

Marking Bits: (ParMarkBitMap*) 0x00007ffc0b212250
 Begin Bits: [0x00000188d9ce0000, 0x00000188dace0000)
 End Bits:   [0x00000188dace0000, 0x00000188dbce0000)

Polling page: 0x00000188c5910000

Metaspace:

Usage:
  Non-class:     48.79 MB used.
      Class:      5.71 MB used.
       Both:     54.49 MB used.

Virtual space:
  Non-class space:       64.00 MB reserved,      49.50 MB ( 77%) committed,  1 nodes.
      Class space:        1.00 GB reserved,       6.25 MB ( <1%) committed,  1 nodes.
             Both:        1.06 GB reserved,      55.75 MB (  5%) committed. 

Chunk freelists:
   Non-Class:  14.06 MB
       Class:  9.64 MB
        Both:  23.71 MB

MaxMetaspaceSize: unlimited
CompressedClassSpaceSize: 1.00 GB
Initial GC threshold: 21.00 MB
Current GC threshold: 58.38 MB
CDS: on
 - commit_granule_bytes: 65536.
 - commit_granule_words: 8192.
 - virtual_space_node_default_size: 8388608.
 - enlarge_chunks_in_place: 1.
 - use_allocation_guard: 0.


Internal statistics:

num_allocs_failed_limit: 6.
num_arena_births: 1044.
num_arena_deaths: 14.
num_vsnodes_births: 2.
num_vsnodes_deaths: 0.
num_space_committed: 892.
num_space_uncommitted: 0.
num_chunks_returned_to_freelist: 20.
num_chunks_taken_from_freelist: 3664.
num_chunk_merges: 9.
num_chunk_splits: 2233.
num_chunks_enlarged: 1218.
num_inconsistent_stats: 0.

CodeHeap 'non-profiled nmethods': size=120000Kb used=5145Kb max_used=5145Kb free=114854Kb
 bounds [0x00000188d27b0000, 0x00000188d2cc0000, 0x00000188d9ce0000]
CodeHeap 'profiled nmethods': size=120000Kb used=17921Kb max_used=17921Kb free=102079Kb
 bounds [0x00000188cace0000, 0x00000188cbe70000, 0x00000188d2210000]
CodeHeap 'non-nmethods': size=5760Kb used=1405Kb max_used=1482Kb free=4354Kb
 bounds [0x00000188d2210000, 0x00000188d2480000, 0x00000188d27b0000]
 total_blobs=8883 nmethods=8166 adapters=623
 compilation: enabled
              stopped_count=0, restarted_count=0
 full_count=0

Compilation events (20 events):
Event: 36.530 Thread 0x00000188dbeb6250 nmethod 8774 0x00000188cbe5cf90 code [0x00000188cbe5d160, 0x00000188cbe5d558]
Event: 36.530 Thread 0x00000188dbeb6250 8773       1       org.eclipse.core.internal.preferences.ImmutableMap$EmptyMap::get (2 bytes)
Event: 36.530 Thread 0x00000188dbeb6250 nmethod 8773 0x00000188d2ca3910 code [0x00000188d2ca3aa0, 0x00000188d2ca3b70]
Event: 36.532 Thread 0x00000188dbeb6250 8776       3       org.eclipse.jdt.internal.compiler.codegen.StackMapFrame::getCachedValue (63 bytes)
Event: 36.532 Thread 0x00000188dbeb6250 nmethod 8776 0x00000188cbe5d690 code [0x00000188cbe5d880, 0x00000188cbe5dd90]
Event: 36.533 Thread 0x00000188dbeb6250 8777       3       org.eclipse.jdt.internal.compiler.codegen.VerificationTypeInfo::<init> (131 bytes)
Event: 36.533 Thread 0x00000188dbeb6250 nmethod 8777 0x00000188cbe5df10 code [0x00000188cbe5e100, 0x00000188cbe5e558]
Event: 36.533 Thread 0x00000188dbeb6250 8779       3       org.eclipse.jdt.internal.compiler.codegen.VerificationTypeInfo::duplicate (26 bytes)
Event: 36.533 Thread 0x00000188dbeb6250 nmethod 8779 0x00000188cbe5e690 code [0x00000188cbe5e840, 0x00000188cbe5ea70]
Event: 36.534 Thread 0x00000188dbeb6250 8778       3       org.eclipse.jdt.internal.compiler.lookup.TypeBinding::isAnonymousType (17 bytes)
Event: 36.534 Thread 0x00000188dbeb6250 nmethod 8778 0x00000188cbe5eb90 code [0x00000188cbe5ed40, 0x00000188cbe5eec0]
Event: 36.537 Thread 0x00000188dbeb6250 8780       1       org.eclipse.jdt.internal.compiler.codegen.VerificationTypeInfo::id (5 bytes)
Event: 36.537 Thread 0x00000188dbeb6250 nmethod 8780 0x00000188d2ca3c10 code [0x00000188d2ca3da0, 0x00000188d2ca3e68]
Event: 36.537 Thread 0x00000188dbeb6250 8781       3       org.eclipse.jdt.internal.compiler.lookup.ReferenceBinding::constantPoolName (27 bytes)
Event: 36.538 Thread 0x00000188dbeb6250 nmethod 8781 0x00000188cbe5ef90 code [0x00000188cbe5f140, 0x00000188cbe5f310]
Event: 36.538 Thread 0x00000188dbeb6250 8782       3       org.eclipse.jdt.internal.compiler.codegen.VerificationTypeInfo::constantPoolName (8 bytes)
Event: 36.538 Thread 0x00000188dbeb6250 nmethod 8782 0x00000188cbe5f390 code [0x00000188cbe5f540, 0x00000188cbe5f718]
Event: 36.544 Thread 0x00000188dbeb6250 8783       3       org.eclipse.jdt.internal.compiler.util.CtSym::releaseRoots (23 bytes)
Event: 36.545 Thread 0x00000188dbeb6250 nmethod 8783 0x00000188cbe5f810 code [0x00000188cbe5fa20, 0x00000188cbe60150]
Event: 36.545 Thread 0x00000188dbeb6250 8784       3       org.eclipse.jdt.internal.compiler.util.CtSym::getFullPath (308 bytes)

GC Heap History (20 events):
Event: 23.017 GC heap before
{Heap before GC invocations=25 (full 2):
 PSYoungGen      total 22528K, used 22500K [0x00000000eab00000, 0x00000000ed400000, 0x0000000100000000)
  eden space 16896K, 100% used [0x00000000eab00000,0x00000000ebb80000,0x00000000ebb80000)
  from space 5632K, 99% used [0x00000000ec580000,0x00000000ecaf93a8,0x00000000ecb00000)
  to   space 10240K, 0% used [0x00000000ebb80000,0x00000000ebb80000,0x00000000ec580000)
 ParOldGen       total 68608K, used 32985K [0x00000000c0000000, 0x00000000c4300000, 0x00000000eab00000)
  object space 68608K, 48% used [0x00000000c0000000,0x00000000c2036618,0x00000000c4300000)
 Metaspace       used 49380K, committed 50560K, reserved 1114112K
  class space    used 5165K, committed 5696K, reserved 1048576K
}
Event: 23.023 GC heap after
{Heap after GC invocations=25 (full 2):
 PSYoungGen      total 18944K, used 2016K [0x00000000eab00000, 0x00000000ec600000, 0x0000000100000000)
  eden space 16896K, 0% used [0x00000000eab00000,0x00000000eab00000,0x00000000ebb80000)
  from space 2048K, 98% used [0x00000000ebb80000,0x00000000ebd78140,0x00000000ebd80000)
  to   space 5120K, 0% used [0x00000000ec100000,0x00000000ec100000,0x00000000ec600000)
 ParOldGen       total 68608K, used 38600K [0x00000000c0000000, 0x00000000c4300000, 0x00000000eab00000)
  object space 68608K, 56% used [0x00000000c0000000,0x00000000c25b2098,0x00000000c4300000)
 Metaspace       used 49380K, committed 50560K, reserved 1114112K
  class space    used 5165K, committed 5696K, reserved 1048576K
}
Event: 23.671 GC heap before
{Heap before GC invocations=26 (full 2):
 PSYoungGen      total 18944K, used 18885K [0x00000000eab00000, 0x00000000ec600000, 0x0000000100000000)
  eden space 16896K, 99% used [0x00000000eab00000,0x00000000ebb795a8,0x00000000ebb80000)
  from space 2048K, 98% used [0x00000000ebb80000,0x00000000ebd78140,0x00000000ebd80000)
  to   space 5120K, 0% used [0x00000000ec100000,0x00000000ec100000,0x00000000ec600000)
 ParOldGen       total 68608K, used 38600K [0x00000000c0000000, 0x00000000c4300000, 0x00000000eab00000)
  object space 68608K, 56% used [0x00000000c0000000,0x00000000c25b2098,0x00000000c4300000)
 Metaspace       used 50578K, committed 51840K, reserved 1114112K
  class space    used 5301K, committed 5824K, reserved 1048576K
}
Event: 23.676 GC heap after
{Heap after GC invocations=26 (full 2):
 PSYoungGen      total 19456K, used 2210K [0x00000000eab00000, 0x00000000ec380000, 0x0000000100000000)
  eden space 16896K, 0% used [0x00000000eab00000,0x00000000eab00000,0x00000000ebb80000)
  from space 2560K, 86% used [0x00000000ec100000,0x00000000ec328928,0x00000000ec380000)
  to   space 3072K, 0% used [0x00000000ebd80000,0x00000000ebd80000,0x00000000ec080000)
 ParOldGen       total 68608K, used 40145K [0x00000000c0000000, 0x00000000c4300000, 0x00000000eab00000)
  object space 68608K, 58% used [0x00000000c0000000,0x00000000c2734618,0x00000000c4300000)
 Metaspace       used 50578K, committed 51840K, reserved 1114112K
  class space    used 5301K, committed 5824K, reserved 1048576K
}
Event: 24.792 GC heap before
{Heap before GC invocations=27 (full 2):
 PSYoungGen      total 19456K, used 19106K [0x00000000eab00000, 0x00000000ec380000, 0x0000000100000000)
  eden space 16896K, 100% used [0x00000000eab00000,0x00000000ebb80000,0x00000000ebb80000)
  from space 2560K, 86% used [0x00000000ec100000,0x00000000ec328928,0x00000000ec380000)
  to   space 3072K, 0% used [0x00000000ebd80000,0x00000000ebd80000,0x00000000ec080000)
 ParOldGen       total 68608K, used 40145K [0x00000000c0000000, 0x00000000c4300000, 0x00000000eab00000)
  object space 68608K, 58% used [0x00000000c0000000,0x00000000c2734618,0x00000000c4300000)
 Metaspace       used 51422K, committed 52672K, reserved 1114112K
  class space    used 5414K, committed 5952K, reserved 1048576K
}
Event: 24.797 GC heap after
{Heap after GC invocations=27 (full 2):
 PSYoungGen      total 19456K, used 2271K [0x00000000eab00000, 0x00000000ec180000, 0x0000000100000000)
  eden space 16896K, 0% used [0x00000000eab00000,0x00000000eab00000,0x00000000ebb80000)
  from space 2560K, 88% used [0x00000000ebd80000,0x00000000ebfb7d58,0x00000000ec000000)
  to   space 1536K, 0% used [0x00000000ec000000,0x00000000ec000000,0x00000000ec180000)
 ParOldGen       total 68608K, used 42174K [0x00000000c0000000, 0x00000000c4300000, 0x00000000eab00000)
  object space 68608K, 61% used [0x00000000c0000000,0x00000000c292f810,0x00000000c4300000)
 Metaspace       used 51422K, committed 52672K, reserved 1114112K
  class space    used 5414K, committed 5952K, reserved 1048576K
}
Event: 26.080 GC heap before
{Heap before GC invocations=28 (full 2):
 PSYoungGen      total 19456K, used 19167K [0x00000000eab00000, 0x00000000ec180000, 0x0000000100000000)
  eden space 16896K, 100% used [0x00000000eab00000,0x00000000ebb80000,0x00000000ebb80000)
  from space 2560K, 88% used [0x00000000ebd80000,0x00000000ebfb7d58,0x00000000ec000000)
  to   space 1536K, 0% used [0x00000000ec000000,0x00000000ec000000,0x00000000ec180000)
 ParOldGen       total 68608K, used 42174K [0x00000000c0000000, 0x00000000c4300000, 0x00000000eab00000)
  object space 68608K, 61% used [0x00000000c0000000,0x00000000c292f810,0x00000000c4300000)
 Metaspace       used 51834K, committed 53120K, reserved 1114112K
  class space    used 5474K, committed 6016K, reserved 1048576K
}
Event: 26.085 GC heap after
{Heap after GC invocations=28 (full 2):
 PSYoungGen      total 18432K, used 1529K [0x00000000eab00000, 0x00000000ec380000, 0x0000000100000000)
  eden space 16896K, 0% used [0x00000000eab00000,0x00000000eab00000,0x00000000ebb80000)
  from space 1536K, 99% used [0x00000000ec000000,0x00000000ec17e5c8,0x00000000ec180000)
  to   space 4096K, 0% used [0x00000000ebb80000,0x00000000ebb80000,0x00000000ebf80000)
 ParOldGen       total 68608K, used 44272K [0x00000000c0000000, 0x00000000c4300000, 0x00000000eab00000)
  object space 68608K, 64% used [0x00000000c0000000,0x00000000c2b3c280,0x00000000c4300000)
 Metaspace       used 51834K, committed 53120K, reserved 1114112K
  class space    used 5474K, committed 6016K, reserved 1048576K
}
Event: 27.838 GC heap before
{Heap before GC invocations=29 (full 2):
 PSYoungGen      total 18432K, used 18425K [0x00000000eab00000, 0x00000000ec380000, 0x0000000100000000)
  eden space 16896K, 100% used [0x00000000eab00000,0x00000000ebb80000,0x00000000ebb80000)
  from space 1536K, 99% used [0x00000000ec000000,0x00000000ec17e5c8,0x00000000ec180000)
  to   space 4096K, 0% used [0x00000000ebb80000,0x00000000ebb80000,0x00000000ebf80000)
 ParOldGen       total 68608K, used 44272K [0x00000000c0000000, 0x00000000c4300000, 0x00000000eab00000)
  object space 68608K, 64% used [0x00000000c0000000,0x00000000c2b3c280,0x00000000c4300000)
 Metaspace       used 52623K, committed 53824K, reserved 1114112K
  class space    used 5549K, committed 6080K, reserved 1048576K
}
Event: 27.855 GC heap after
{Heap after GC invocations=29 (full 2):
 PSYoungGen      total 17920K, used 952K [0x00000000eab00000, 0x00000000ec080000, 0x0000000100000000)
  eden space 16896K, 0% used [0x00000000eab00000,0x00000000eab00000,0x00000000ebb80000)
  from space 1024K, 92% used [0x00000000ebb80000,0x00000000ebc6e008,0x00000000ebc80000)
  to   space 2048K, 0% used [0x00000000ebe80000,0x00000000ebe80000,0x00000000ec080000)
 ParOldGen       total 68608K, used 45698K [0x00000000c0000000, 0x00000000c4300000, 0x00000000eab00000)
  object space 68608K, 66% used [0x00000000c0000000,0x00000000c2ca0be0,0x00000000c4300000)
 Metaspace       used 52623K, committed 53824K, reserved 1114112K
  class space    used 5549K, committed 6080K, reserved 1048576K
}
Event: 29.598 GC heap before
{Heap before GC invocations=30 (full 2):
 PSYoungGen      total 17920K, used 17848K [0x00000000eab00000, 0x00000000ec080000, 0x0000000100000000)
  eden space 16896K, 100% used [0x00000000eab00000,0x00000000ebb80000,0x00000000ebb80000)
  from space 1024K, 92% used [0x00000000ebb80000,0x00000000ebc6e008,0x00000000ebc80000)
  to   space 2048K, 0% used [0x00000000ebe80000,0x00000000ebe80000,0x00000000ec080000)
 ParOldGen       total 68608K, used 45698K [0x00000000c0000000, 0x00000000c4300000, 0x00000000eab00000)
  object space 68608K, 66% used [0x00000000c0000000,0x00000000c2ca0be0,0x00000000c4300000)
 Metaspace       used 52936K, committed 54144K, reserved 1114112K
  class space    used 5578K, committed 6080K, reserved 1048576K
}
Event: 29.602 GC heap after
{Heap after GC invocations=30 (full 2):
 PSYoungGen      total 15872K, used 2021K [0x00000000eab00000, 0x00000000ec780000, 0x0000000100000000)
  eden space 13824K, 0% used [0x00000000eab00000,0x00000000eab00000,0x00000000eb880000)
  from space 2048K, 98% used [0x00000000ebe80000,0x00000000ec0797f0,0x00000000ec080000)
  to   space 6144K, 0% used [0x00000000eb880000,0x00000000eb880000,0x00000000ebe80000)
 ParOldGen       total 68608K, used 48728K [0x00000000c0000000, 0x00000000c4300000, 0x00000000eab00000)
  object space 68608K, 71% used [0x00000000c0000000,0x00000000c2f96028,0x00000000c4300000)
 Metaspace       used 52936K, committed 54144K, reserved 1114112K
  class space    used 5578K, committed 6080K, reserved 1048576K
}
Event: 29.872 GC heap before
{Heap before GC invocations=31 (full 2):
 PSYoungGen      total 15872K, used 15845K [0x00000000eab00000, 0x00000000ec780000, 0x0000000100000000)
  eden space 13824K, 100% used [0x00000000eab00000,0x00000000eb880000,0x00000000eb880000)
  from space 2048K, 98% used [0x00000000ebe80000,0x00000000ec0797f0,0x00000000ec080000)
  to   space 6144K, 0% used [0x00000000eb880000,0x00000000eb880000,0x00000000ebe80000)
 ParOldGen       total 68608K, used 48728K [0x00000000c0000000, 0x00000000c4300000, 0x00000000eab00000)
  object space 68608K, 71% used [0x00000000c0000000,0x00000000c2f96028,0x00000000c4300000)
 Metaspace       used 53060K, committed 54336K, reserved 1114112K
  class space    used 5593K, committed 6144K, reserved 1048576K
}
Event: 29.876 GC heap after
{Heap after GC invocations=31 (full 2):
 PSYoungGen      total 17408K, used 3579K [0x00000000eab00000, 0x00000000ec080000, 0x0000000100000000)
  eden space 13824K, 0% used [0x00000000eab00000,0x00000000eab00000,0x00000000eb880000)
  from space 3584K, 99% used [0x00000000eb880000,0x00000000ebbfec40,0x00000000ebc00000)
  to   space 4096K, 0% used [0x00000000ebc80000,0x00000000ebc80000,0x00000000ec080000)
 ParOldGen       total 68608K, used 50744K [0x00000000c0000000, 0x00000000c4300000, 0x00000000eab00000)
  object space 68608K, 73% used [0x00000000c0000000,0x00000000c318e210,0x00000000c4300000)
 Metaspace       used 53060K, committed 54336K, reserved 1114112K
  class space    used 5593K, committed 6144K, reserved 1048576K
}
Event: 31.361 GC heap before
{Heap before GC invocations=32 (full 2):
 PSYoungGen      total 17408K, used 17403K [0x00000000eab00000, 0x00000000ec080000, 0x0000000100000000)
  eden space 13824K, 100% used [0x00000000eab00000,0x00000000eb880000,0x00000000eb880000)
  from space 3584K, 99% used [0x00000000eb880000,0x00000000ebbfec40,0x00000000ebc00000)
  to   space 4096K, 0% used [0x00000000ebc80000,0x00000000ebc80000,0x00000000ec080000)
 ParOldGen       total 68608K, used 50744K [0x00000000c0000000, 0x00000000c4300000, 0x00000000eab00000)
  object space 68608K, 73% used [0x00000000c0000000,0x00000000c318e210,0x00000000c4300000)
 Metaspace       used 54052K, committed 55296K, reserved 1114112K
  class space    used 5666K, committed 6208K, reserved 1048576K
}
Event: 31.368 GC heap after
{Heap after GC invocations=32 (full 2):
 PSYoungGen      total 15360K, used 1514K [0x00000000eab00000, 0x00000000ebe00000, 0x0000000100000000)
  eden space 13824K, 0% used [0x00000000eab00000,0x00000000eab00000,0x00000000eb880000)
  from space 1536K, 98% used [0x00000000ebc80000,0x00000000ebdfab38,0x00000000ebe00000)
  to   space 2560K, 0% used [0x00000000eb900000,0x00000000eb900000,0x00000000ebb80000)
 ParOldGen       total 68608K, used 54175K [0x00000000c0000000, 0x00000000c4300000, 0x00000000eab00000)
  object space 68608K, 78% used [0x00000000c0000000,0x00000000c34e7c38,0x00000000c4300000)
 Metaspace       used 54052K, committed 55296K, reserved 1114112K
  class space    used 5666K, committed 6208K, reserved 1048576K
}
Event: 33.172 GC heap before
{Heap before GC invocations=33 (full 2):
 PSYoungGen      total 15360K, used 15338K [0x00000000eab00000, 0x00000000ebe00000, 0x0000000100000000)
  eden space 13824K, 100% used [0x00000000eab00000,0x00000000eb880000,0x00000000eb880000)
  from space 1536K, 98% used [0x00000000ebc80000,0x00000000ebdfab38,0x00000000ebe00000)
  to   space 2560K, 0% used [0x00000000eb900000,0x00000000eb900000,0x00000000ebb80000)
 ParOldGen       total 68608K, used 54175K [0x00000000c0000000, 0x00000000c4300000, 0x00000000eab00000)
  object space 68608K, 78% used [0x00000000c0000000,0x00000000c34e7c38,0x00000000c4300000)
 Metaspace       used 54694K, committed 55872K, reserved 1114112K
  class space    used 5722K, committed 6208K, reserved 1048576K
}
Event: 33.187 GC heap after
{Heap after GC invocations=33 (full 2):
 PSYoungGen      total 16384K, used 2502K [0x00000000eab00000, 0x00000000ebe80000, 0x0000000100000000)
  eden space 13824K, 0% used [0x00000000eab00000,0x00000000eab00000,0x00000000eb880000)
  from space 2560K, 97% used [0x00000000eb900000,0x00000000ebb71b88,0x00000000ebb80000)
  to   space 3072K, 0% used [0x00000000ebb80000,0x00000000ebb80000,0x00000000ebe80000)
 ParOldGen       total 68608K, used 55584K [0x00000000c0000000, 0x00000000c4300000, 0x00000000eab00000)
  object space 68608K, 81% used [0x00000000c0000000,0x00000000c3648190,0x00000000c4300000)
 Metaspace       used 54694K, committed 55872K, reserved 1114112K
  class space    used 5722K, committed 6208K, reserved 1048576K
}
Event: 33.847 GC heap before
{Heap before GC invocations=34 (full 2):
 PSYoungGen      total 16384K, used 16326K [0x00000000eab00000, 0x00000000ebe80000, 0x0000000100000000)
  eden space 13824K, 99% used [0x00000000eab00000,0x00000000eb87ffd0,0x00000000eb880000)
  from space 2560K, 97% used [0x00000000eb900000,0x00000000ebb71b88,0x00000000ebb80000)
  to   space 3072K, 0% used [0x00000000ebb80000,0x00000000ebb80000,0x00000000ebe80000)
 ParOldGen       total 68608K, used 55584K [0x00000000c0000000, 0x00000000c4300000, 0x00000000eab00000)
  object space 68608K, 81% used [0x00000000c0000000,0x00000000c3648190,0x00000000c4300000)
 Metaspace       used 55305K, committed 56576K, reserved 1114112K
  class space    used 5773K, committed 6336K, reserved 1048576K
}
Event: 33.857 GC heap after
{Heap after GC invocations=34 (full 2):
 PSYoungGen      total 16384K, used 2337K [0x00000000eab00000, 0x00000000ebe00000, 0x0000000100000000)
  eden space 13824K, 0% used [0x00000000eab00000,0x00000000eab00000,0x00000000eb880000)
  from space 2560K, 91% used [0x00000000ebb80000,0x00000000ebdc8698,0x00000000ebe00000)
  to   space 2560K, 0% used [0x00000000eb900000,0x00000000eb900000,0x00000000ebb80000)
 ParOldGen       total 68608K, used 57113K [0x00000000c0000000, 0x00000000c4300000, 0x00000000eab00000)
  object space 68608K, 83% used [0x00000000c0000000,0x00000000c37c6478,0x00000000c4300000)
 Metaspace       used 55305K, committed 56576K, reserved 1114112K
  class space    used 5773K, committed 6336K, reserved 1048576K
}

Dll operation events (10 events):
Event: 0.018 Loaded shared library c:\Users\HP\.vscode\extensions\redhat.java-1.39.0-win32-x64\jre\21.0.5-win32-x86_64\bin\java.dll
Event: 0.176 Loaded shared library c:\Users\HP\.vscode\extensions\redhat.java-1.39.0-win32-x64\jre\21.0.5-win32-x86_64\bin\zip.dll
Event: 0.251 Loaded shared library C:\Users\HP\.vscode\extensions\redhat.java-1.39.0-win32-x64\jre\21.0.5-win32-x86_64\bin\instrument.dll
Event: 0.259 Loaded shared library C:\Users\HP\.vscode\extensions\redhat.java-1.39.0-win32-x64\jre\21.0.5-win32-x86_64\bin\net.dll
Event: 0.262 Loaded shared library C:\Users\HP\.vscode\extensions\redhat.java-1.39.0-win32-x64\jre\21.0.5-win32-x86_64\bin\nio.dll
Event: 0.268 Loaded shared library C:\Users\HP\.vscode\extensions\redhat.java-1.39.0-win32-x64\jre\21.0.5-win32-x86_64\bin\zip.dll
Event: 0.339 Loaded shared library C:\Users\HP\.vscode\extensions\redhat.java-1.39.0-win32-x64\jre\21.0.5-win32-x86_64\bin\jimage.dll
Event: 0.563 Loaded shared library c:\Users\HP\.vscode\extensions\redhat.java-1.39.0-win32-x64\jre\21.0.5-win32-x86_64\bin\verify.dll
Event: 3.174 Loaded shared library C:\Users\HP\AppData\Roaming\Code\User\globalStorage\redhat.java\1.39.0\config_win\org.eclipse.equinox.launcher\org.eclipse.equinox.launcher.win32.win32.x86_64_1.2.1100.v20240722-2106\eclipse_11904.dll
Event: 6.952 Loaded shared library C:\Users\HP\AppData\Local\Temp\jna-2312\jna4386840532651656113.dll

Deoptimization events (20 events):
Event: 33.628 Thread 0x00000188e2499e40 Uncommon trap: trap_request=0xffffffcc fr.pc=0x00000188d2c93b08 relative=0x0000000000000148
Event: 33.628 Thread 0x00000188e2499e40 Uncommon trap: reason=intrinsic_or_type_checked_inlining action=make_not_entrant pc=0x00000188d2c93b08 method=java.util.ArrayList.toArray([Ljava/lang/Object;)[Ljava/lang/Object; @ 36 c2
Event: 33.628 Thread 0x00000188e2499e40 DEOPT PACKING pc=0x00000188d2c93b08 sp=0x0000006df69fdbd0
Event: 33.628 Thread 0x00000188e2499e40 DEOPT UNPACKING pc=0x00000188d2263aa2 sp=0x0000006df69fdb80 mode 2
Event: 33.720 Thread 0x00000188e2499e40 Uncommon trap: trap_request=0xfffffff4 fr.pc=0x00000188d2c1d9ac relative=0x00000000000006cc
Event: 33.720 Thread 0x00000188e2499e40 Uncommon trap: reason=null_check action=make_not_entrant pc=0x00000188d2c1d9ac method=jdk.nio.zipfs.ZipFileSystem$IndexNode.keyOf([B)Ljdk/nio/zipfs/ZipFileSystem$IndexNode; @ 6 c2
Event: 33.720 Thread 0x00000188e2499e40 DEOPT PACKING pc=0x00000188d2c1d9ac sp=0x0000006df69fdb10
Event: 33.720 Thread 0x00000188e2499e40 DEOPT UNPACKING pc=0x00000188d2263aa2 sp=0x0000006df69fda60 mode 2
Event: 33.887 Thread 0x00000188e2499e40 Uncommon trap: trap_request=0xffffff45 fr.pc=0x00000188d2b9a53c relative=0x000000000000009c
Event: 33.887 Thread 0x00000188e2499e40 Uncommon trap: reason=unstable_if action=reinterpret pc=0x00000188d2b9a53c method=java.util.Hashtable$Enumerator.nextElement()Ljava/lang/Object; @ 87 c2
Event: 33.888 Thread 0x00000188e2499e40 DEOPT PACKING pc=0x00000188d2b9a53c sp=0x0000006df69feca0
Event: 33.888 Thread 0x00000188e2499e40 DEOPT UNPACKING pc=0x00000188d2263aa2 sp=0x0000006df69fec20 mode 2
Event: 34.666 Thread 0x00000188e2499e40 Uncommon trap: trap_request=0xffffffc6 fr.pc=0x00000188d2b8c0f4 relative=0x00000000000004f4
Event: 34.666 Thread 0x00000188e2499e40 Uncommon trap: reason=bimorphic_or_optimized_type_check action=maybe_recompile pc=0x00000188d2b8c0f4 method=java.util.HashMap.removeNode(ILjava/lang/Object;Ljava/lang/Object;ZZ)Ljava/util/HashMap$Node; @ 68 c2
Event: 34.666 Thread 0x00000188e2499e40 DEOPT PACKING pc=0x00000188d2b8c0f4 sp=0x0000006df69fe7d0
Event: 34.666 Thread 0x00000188e2499e40 DEOPT UNPACKING pc=0x00000188d2263aa2 sp=0x0000006df69fe748 mode 2
Event: 36.533 Thread 0x00000188e2499e40 Uncommon trap: trap_request=0xffffffc6 fr.pc=0x00000188d2b8c0f4 relative=0x00000000000004f4
Event: 36.533 Thread 0x00000188e2499e40 Uncommon trap: reason=bimorphic_or_optimized_type_check action=maybe_recompile pc=0x00000188d2b8c0f4 method=java.util.HashMap.removeNode(ILjava/lang/Object;Ljava/lang/Object;ZZ)Ljava/util/HashMap$Node; @ 68 c2
Event: 36.534 Thread 0x00000188e2499e40 DEOPT PACKING pc=0x00000188d2b8c0f4 sp=0x0000006df69fe590
Event: 36.535 Thread 0x00000188e2499e40 DEOPT UNPACKING pc=0x00000188d2263aa2 sp=0x0000006df69fe508 mode 2

Classes loaded (20 events):
Event: 31.634 Loading class java/util/stream/ReduceOps$4ReducingSink
Event: 31.634 Loading class java/util/stream/ReduceOps$4ReducingSink done
Event: 31.637 Loading class java/nio/file/Files$2
Event: 31.637 Loading class java/nio/file/Files$2 done
Event: 33.203 Loading class sun/nio/cs/ISO_8859_1$Encoder
Event: 33.206 Loading class sun/nio/cs/ISO_8859_1$Encoder done
Event: 33.208 Loading class sun/nio/cs/Surrogate$Parser
Event: 33.210 Loading class sun/nio/cs/Surrogate$Parser done
Event: 33.211 Loading class sun/nio/cs/Surrogate
Event: 33.212 Loading class sun/nio/cs/Surrogate done
Event: 33.565 Loading class jdk/internal/module/IllegalAccessLogger
Event: 33.565 Loading class jdk/internal/module/IllegalAccessLogger done
Event: 33.583 Loading class java/util/concurrent/ArrayBlockingQueue
Event: 33.584 Loading class java/util/concurrent/ArrayBlockingQueue done
Event: 33.887 Loading class java/util/Hashtable$ValueCollection
Event: 33.887 Loading class java/util/Hashtable$ValueCollection done
Event: 33.905 Loading class java/util/concurrent/ConcurrentHashMap$KeySpliterator
Event: 33.906 Loading class java/util/concurrent/ConcurrentHashMap$KeySpliterator done
Event: 34.026 Loading class sun/nio/ch/ChannelOutputStream
Event: 34.027 Loading class sun/nio/ch/ChannelOutputStream done

Classes unloaded (7 events):
Event: 10.803 Thread 0x00000188c7a4e320 Unloading class 0x000001888119f400 'java/lang/invoke/LambdaForm$MH+0x000001888119f400'
Event: 10.803 Thread 0x00000188c7a4e320 Unloading class 0x000001888119f000 'java/lang/invoke/LambdaForm$MH+0x000001888119f000'
Event: 10.803 Thread 0x00000188c7a4e320 Unloading class 0x000001888119ec00 'java/lang/invoke/LambdaForm$MH+0x000001888119ec00'
Event: 10.803 Thread 0x00000188c7a4e320 Unloading class 0x000001888119e800 'java/lang/invoke/LambdaForm$MH+0x000001888119e800'
Event: 10.803 Thread 0x00000188c7a4e320 Unloading class 0x000001888119e400 'java/lang/invoke/LambdaForm$BMH+0x000001888119e400'
Event: 10.803 Thread 0x00000188c7a4e320 Unloading class 0x000001888119e000 'java/lang/invoke/LambdaForm$DMH+0x000001888119e000'
Event: 10.803 Thread 0x00000188c7a4e320 Unloading class 0x000001888119cc00 'java/lang/invoke/LambdaForm$DMH+0x000001888119cc00'

Classes redefined (0 events):
No events

Internal exceptions (20 events):
Event: 23.428 Thread 0x00000188e513f2b0 Exception <a 'java/io/FileNotFoundException'{0x00000000eb351768}> (0x00000000eb351768) 
thrown [s\src\hotspot\share\prims\jni.cpp, line 520]
Event: 23.621 Thread 0x00000188e2cb38a0 Exception <a 'java/lang/NoSuchMethodError'{0x00000000eba42030}: 'int java.lang.invoke.DirectMethodHandle$Holder.invokeSpecialIFC(java.lang.Object, java.lang.Object, java.lang.Object, java.lang.Object)'> (0x00000000eba42030) 
thrown [s\src\hotspot\share\interpreter\linkResolver.cpp, line 773]
Event: 23.813 Thread 0x00000188e2cb38a0 Exception <a 'sun/nio/fs/WindowsException'{0x00000000eae12f88}> (0x00000000eae12f88) 
thrown [s\src\hotspot\share\prims\jni.cpp, line 520]
Event: 23.835 Thread 0x00000188e51420a0 Exception <a 'sun/nio/fs/WindowsException'{0x00000000eae7f980}> (0x00000000eae7f980) 
thrown [s\src\hotspot\share\prims\jni.cpp, line 520]
Event: 23.837 Thread 0x00000188e51420a0 Exception <a 'sun/nio/fs/WindowsException'{0x00000000eae84d00}> (0x00000000eae84d00) 
thrown [s\src\hotspot\share\prims\jni.cpp, line 520]
Event: 23.839 Thread 0x00000188e51420a0 Exception <a 'sun/nio/fs/WindowsException'{0x00000000eae86ec8}> (0x00000000eae86ec8) 
thrown [s\src\hotspot\share\prims\jni.cpp, line 520]
Event: 23.847 Thread 0x00000188e513ffd0 Exception <a 'sun/nio/fs/WindowsException'{0x00000000eaec7b00}> (0x00000000eaec7b00) 
thrown [s\src\hotspot\share\prims\jni.cpp, line 520]
Event: 23.850 Thread 0x00000188e5140cf0 Exception <a 'sun/nio/fs/WindowsException'{0x00000000eaed2500}> (0x00000000eaed2500) 
thrown [s\src\hotspot\share\prims\jni.cpp, line 520]
Event: 23.851 Thread 0x00000188e513ffd0 Exception <a 'sun/nio/fs/WindowsException'{0x00000000eaec98b0}> (0x00000000eaec98b0) 
thrown [s\src\hotspot\share\prims\jni.cpp, line 520]
Event: 23.860 Thread 0x00000188e5140cf0 Exception <a 'sun/nio/fs/WindowsException'{0x00000000eaed4168}> (0x00000000eaed4168) 
thrown [s\src\hotspot\share\prims\jni.cpp, line 520]
Event: 24.304 Thread 0x00000188e2cb3210 Implicit null exception at 0x00000188d2afe6e0 to 0x00000188d2afe7f4
Event: 25.028 Thread 0x00000188e513f2b0 Exception <a 'java/lang/IncompatibleClassChangeError'{0x00000000eb04dcb8}: Found class java.lang.Object, but interface was expected> (0x00000000eb04dcb8) 
thrown [s\src\hotspot\share\interpreter\linkResolver.cpp, line 840]
Event: 31.422 Thread 0x00000188e2cb38a0 Exception <a 'java/lang/NoSuchMethodError'{0x00000000eabb0820}: 'java.lang.Object java.lang.invoke.DirectMethodHandle$Holder.invokeStatic(java.lang.Object, java.lang.Object, int, int)'> (0x00000000eabb0820) 
thrown [s\src\hotspot\share\interpreter\linkResolver.cpp, line 773]
Event: 31.430 Thread 0x00000188e2cb38a0 Exception <a 'java/lang/NoSuchMethodError'{0x00000000eabb4b30}: 'java.lang.Object java.lang.invoke.DirectMethodHandle$Holder.invokeSpecial(java.lang.Object, java.lang.Object, java.lang.Object, int, int)'> (0x00000000eabb4b30) 
thrown [s\src\hotspot\share\interpreter\linkResolver.cpp, line 773]
Event: 31.436 Thread 0x00000188e2cb38a0 Implicit null exception at 0x00000188d2b8c924 to 0x00000188d2b8cbc8
Event: 31.645 Thread 0x00000188e2cb38a0 Exception <a 'java/lang/NoSuchMethodError'{0x00000000eaced528}: 'int java.lang.invoke.DirectMethodHandle$Holder.invokeSpecialIFC(java.lang.Object, java.lang.Object, java.lang.Object)'> (0x00000000eaced528) 
thrown [s\src\hotspot\share\interpreter\linkResolver.cpp, line 773]
Event: 33.021 Thread 0x00000188e27ca100 Implicit null exception at 0x00000188d2b9f515 to 0x00000188d2b9f7bc
Event: 33.720 Thread 0x00000188e2499e40 Implicit null exception at 0x00000188d2c1d3e0 to 0x00000188d2c1d998
Event: 33.800 Thread 0x00000188e2499e40 Exception <a 'java/lang/NoSuchMethodError'{0x00000000eb7a4768}: 'void java.lang.invoke.DirectMethodHandle$Holder.invokeStatic(java.lang.Object, int, java.lang.Object)'> (0x00000000eb7a4768) 
thrown [s\src\hotspot\share\interpreter\linkResolver.cpp, line 773]
Event: 33.916 Thread 0x00000188e2cb38a0 Exception <a 'java/lang/NoSuchMethodError'{0x00000000eac021a8}: 'java.lang.Object java.lang.invoke.DirectMethodHandle$Holder.newInvokeSpecial(java.lang.Object, java.lang.Object, int, int, java.lang.Object)'> (0x00000000eac021a8) 
thrown [s\src\hotspot\share\interpreter\linkResolver.cpp, line 773]

ZGC Phase Switch (0 events):
No events

VM Operations (20 events):
Event: 29.589 Executing VM operation: ParallelGCFailedAllocation (Allocation Failure)
Event: 29.602 Executing VM operation: ParallelGCFailedAllocation (Allocation Failure) done
Event: 29.871 Executing VM operation: ParallelGCFailedAllocation (Allocation Failure)
Event: 29.876 Executing VM operation: ParallelGCFailedAllocation (Allocation Failure) done
Event: 30.879 Executing VM operation: Cleanup
Event: 31.144 Executing VM operation: Cleanup done
Event: 31.322 Executing VM operation: ParallelGCFailedAllocation (Allocation Failure)
Event: 31.368 Executing VM operation: ParallelGCFailedAllocation (Allocation Failure) done
Event: 31.538 Executing VM operation: HandshakeAllThreads (Deoptimize)
Event: 31.582 Executing VM operation: HandshakeAllThreads (Deoptimize) done
Event: 32.597 Executing VM operation: Cleanup
Event: 32.765 Executing VM operation: Cleanup done
Event: 33.171 Executing VM operation: ParallelGCFailedAllocation (Allocation Failure)
Event: 33.187 Executing VM operation: ParallelGCFailedAllocation (Allocation Failure) done
Event: 33.626 Executing VM operation: HandshakeAllThreads (Deoptimize)
Event: 33.627 Executing VM operation: HandshakeAllThreads (Deoptimize) done
Event: 33.842 Executing VM operation: ParallelGCFailedAllocation (Allocation Failure)
Event: 33.857 Executing VM operation: ParallelGCFailedAllocation (Allocation Failure) done
Event: 34.860 Executing VM operation: Cleanup
Event: 36.526 Executing VM operation: Cleanup done

Memory protections (0 events):
No events

Nmethod flushes (20 events):
Event: 14.245 Thread 0x00000188c7a4e320 flushing  nmethod 0x00000188cb368c90
Event: 14.245 Thread 0x00000188c7a4e320 flushing  nmethod 0x00000188cb36a710
Event: 14.245 Thread 0x00000188c7a4e320 flushing  nmethod 0x00000188cb375990
Event: 14.245 Thread 0x00000188c7a4e320 flushing  nmethod 0x00000188cb3b4c10
Event: 14.245 Thread 0x00000188c7a4e320 flushing  nmethod 0x00000188cb3b5e10
Event: 14.245 Thread 0x00000188c7a4e320 flushing  nmethod 0x00000188cb3c2d90
Event: 14.245 Thread 0x00000188c7a4e320 flushing  nmethod 0x00000188cb3e3a10
Event: 14.245 Thread 0x00000188c7a4e320 flushing  nmethod 0x00000188cb406610
Event: 14.245 Thread 0x00000188c7a4e320 flushing  nmethod 0x00000188cb40a190
Event: 14.245 Thread 0x00000188c7a4e320 flushing  nmethod 0x00000188cb445c10
Event: 14.245 Thread 0x00000188c7a4e320 flushing  nmethod 0x00000188cb462e10
Event: 14.245 Thread 0x00000188c7a4e320 flushing  nmethod 0x00000188cb494a90
Event: 14.245 Thread 0x00000188c7a4e320 flushing  nmethod 0x00000188cb4a7e10
Event: 14.245 Thread 0x00000188c7a4e320 flushing  nmethod 0x00000188cb4a8290
Event: 14.245 Thread 0x00000188c7a4e320 flushing  nmethod 0x00000188cb4aa990
Event: 14.245 Thread 0x00000188c7a4e320 flushing  nmethod 0x00000188cb4ab790
Event: 14.245 Thread 0x00000188c7a4e320 flushing  nmethod 0x00000188cb4acb90
Event: 14.245 Thread 0x00000188c7a4e320 flushing  nmethod 0x00000188cb4af010
Event: 14.245 Thread 0x00000188c7a4e320 flushing  nmethod 0x00000188cb4c5110
Event: 14.245 Thread 0x00000188c7a4e320 flushing  nmethod 0x00000188cb4ec310

Events (20 events):
Event: 24.126 Thread 0x00000188e2cb38a0 Thread added: 0x00000188e2497050
Event: 24.127 Thread 0x00000188e2cb38a0 Thread added: 0x00000188e249a4d0
Event: 24.127 Thread 0x00000188e2cb38a0 Thread added: 0x00000188e2497d70
Event: 24.127 Thread 0x00000188e2cb38a0 Thread added: 0x00000188e249e670
Event: 24.127 Thread 0x00000188e2cb38a0 Thread added: 0x00000188e249d2c0
Event: 24.128 Thread 0x00000188e2cb38a0 Thread added: 0x00000188e2498400
Event: 25.224 Thread 0x00000188e3640d90 Thread exited: 0x00000188e3640d90
Event: 33.023 Thread 0x00000188dbeb6250 Thread added: 0x00000188ddd4f000
Event: 33.085 Thread 0x00000188dbeb1950 Thread added: 0x00000188e36878f0
Event: 33.585 Thread 0x00000188e2cb38a0 Thread added: 0x00000188e2499e40
Event: 33.860 Thread 0x00000188e36878f0 Thread exited: 0x00000188e36878f0
Event: 33.860 Thread 0x00000188ddd4f000 Thread exited: 0x00000188ddd4f000
Event: 33.917 Thread 0x00000188e2cb38a0 Thread added: 0x00000188e249b880
Event: 34.033 Thread 0x00000188e2cb38a0 Thread added: 0x00000188e24976e0
Event: 34.073 Thread 0x00000188e2cb38a0 Thread added: 0x00000188e249ab60
Event: 34.319 Thread 0x00000188dbeb6250 Thread added: 0x00000188e30393e0
Event: 34.343 Thread 0x00000188e2cb38a0 Thread added: 0x00000188e2498a90
Event: 34.343 Thread 0x00000188e2cb38a0 Thread added: 0x00000188e249bf10
Event: 34.344 Thread 0x00000188e2cb38a0 Thread added: 0x00000188e249dfe0
Event: 34.578 Thread 0x00000188e30393e0 Thread exited: 0x00000188e30393e0


Dynamic libraries:
0x00007ff759de0000 - 0x00007ff759dee000 	c:\Users\HP\.vscode\extensions\redhat.java-1.39.0-win32-x64\jre\21.0.5-win32-x86_64\bin\java.exe
0x00007ffc6e250000 - 0x00007ffc6e467000 	C:\WINDOWS\SYSTEM32\ntdll.dll
0x00007ffc6c1c0000 - 0x00007ffc6c284000 	C:\WINDOWS\System32\KERNEL32.DLL
0x00007ffc6b6a0000 - 0x00007ffc6ba59000 	C:\WINDOWS\System32\KERNELBASE.dll
0x00007ffc6be50000 - 0x00007ffc6bf61000 	C:\WINDOWS\System32\ucrtbase.dll
0x00007ffc66e80000 - 0x00007ffc66e98000 	c:\Users\HP\.vscode\extensions\redhat.java-1.39.0-win32-x64\jre\21.0.5-win32-x86_64\bin\jli.dll
0x00007ffc6dcc0000 - 0x00007ffc6de6e000 	C:\WINDOWS\System32\USER32.dll
0x00007ffc6be20000 - 0x00007ffc6be46000 	C:\WINDOWS\System32\win32u.dll
0x00007ffc6bf70000 - 0x00007ffc6bf99000 	C:\WINDOWS\System32\GDI32.dll
0x00007ffc6ba60000 - 0x00007ffc6bb7b000 	C:\WINDOWS\System32\gdi32full.dll
0x00007ffc6b550000 - 0x00007ffc6b5ea000 	C:\WINDOWS\System32\msvcp_win.dll
0x00007ffc4ecc0000 - 0x00007ffc4ecde000 	c:\Users\HP\.vscode\extensions\redhat.java-1.39.0-win32-x64\jre\21.0.5-win32-x86_64\bin\VCRUNTIME140.dll
0x00007ffc52780000 - 0x00007ffc52a12000 	C:\WINDOWS\WinSxS\amd64_microsoft.windows.common-controls_6595b64144ccf1df_6.0.22621.4391_none_2715d37f73803e96\COMCTL32.dll
0x00007ffc6c080000 - 0x00007ffc6c127000 	C:\WINDOWS\System32\msvcrt.dll
0x00007ffc6d720000 - 0x00007ffc6d751000 	C:\WINDOWS\System32\IMM32.DLL
0x00007ffc66e70000 - 0x00007ffc66e7c000 	c:\Users\HP\.vscode\extensions\redhat.java-1.39.0-win32-x64\jre\21.0.5-win32-x86_64\bin\vcruntime140_1.dll
0x00007ffc4c6b0000 - 0x00007ffc4c73d000 	c:\Users\HP\.vscode\extensions\redhat.java-1.39.0-win32-x64\jre\21.0.5-win32-x86_64\bin\msvcp140.dll
0x00007ffc0a560000 - 0x00007ffc0b2ef000 	c:\Users\HP\.vscode\extensions\redhat.java-1.39.0-win32-x64\jre\21.0.5-win32-x86_64\bin\server\jvm.dll
0x00007ffc6dc00000 - 0x00007ffc6dcb2000 	C:\WINDOWS\System32\ADVAPI32.dll
0x00007ffc6c880000 - 0x00007ffc6c927000 	C:\WINDOWS\System32\sechost.dll
0x00007ffc6b5f0000 - 0x00007ffc6b618000 	C:\WINDOWS\System32\bcrypt.dll
0x00007ffc6d760000 - 0x00007ffc6d874000 	C:\WINDOWS\System32\RPCRT4.dll
0x00007ffc6ce20000 - 0x00007ffc6ce91000 	C:\WINDOWS\System32\WS2_32.dll
0x00007ffc6b420000 - 0x00007ffc6b46d000 	C:\WINDOWS\SYSTEM32\POWRPROF.dll
0x00007ffc66dd0000 - 0x00007ffc66e04000 	C:\WINDOWS\SYSTEM32\WINMM.dll
0x00007ffc630e0000 - 0x00007ffc630ea000 	C:\WINDOWS\SYSTEM32\VERSION.dll
0x00007ffc6b400000 - 0x00007ffc6b413000 	C:\WINDOWS\SYSTEM32\UMPDC.dll
0x00007ffc6a550000 - 0x00007ffc6a568000 	C:\WINDOWS\SYSTEM32\kernel.appcore.dll
0x00007ffc66210000 - 0x00007ffc6621a000 	c:\Users\HP\.vscode\extensions\redhat.java-1.39.0-win32-x64\jre\21.0.5-win32-x86_64\bin\jimage.dll
0x00007ffc68e60000 - 0x00007ffc69092000 	C:\WINDOWS\SYSTEM32\DBGHELP.DLL
0x00007ffc6de70000 - 0x00007ffc6e1ff000 	C:\WINDOWS\System32\combase.dll
0x00007ffc6bfa0000 - 0x00007ffc6c077000 	C:\WINDOWS\System32\OLEAUT32.dll
0x00007ffc4dea0000 - 0x00007ffc4ded2000 	C:\WINDOWS\SYSTEM32\dbgcore.DLL
0x00007ffc6b620000 - 0x00007ffc6b69b000 	C:\WINDOWS\System32\bcryptPrimitives.dll
0x00007ffc51050000 - 0x00007ffc5105f000 	c:\Users\HP\.vscode\extensions\redhat.java-1.39.0-win32-x64\jre\21.0.5-win32-x86_64\bin\instrument.dll
0x00007ffc4c680000 - 0x00007ffc4c69f000 	c:\Users\HP\.vscode\extensions\redhat.java-1.39.0-win32-x64\jre\21.0.5-win32-x86_64\bin\java.dll
0x00007ffc6cea0000 - 0x00007ffc6d716000 	C:\WINDOWS\System32\SHELL32.dll
0x00007ffc69440000 - 0x00007ffc69d43000 	C:\WINDOWS\SYSTEM32\windows.storage.dll
0x00007ffc69300000 - 0x00007ffc6943f000 	C:\WINDOWS\SYSTEM32\wintypes.dll
0x00007ffc6c780000 - 0x00007ffc6c879000 	C:\WINDOWS\System32\SHCORE.dll
0x00007ffc6db50000 - 0x00007ffc6dbae000 	C:\WINDOWS\System32\shlwapi.dll
0x00007ffc6b480000 - 0x00007ffc6b4ab000 	C:\WINDOWS\SYSTEM32\profapi.dll
0x00007ffc4c660000 - 0x00007ffc4c678000 	c:\Users\HP\.vscode\extensions\redhat.java-1.39.0-win32-x64\jre\21.0.5-win32-x86_64\bin\zip.dll
0x00007ffc4c650000 - 0x00007ffc4c660000 	C:\Users\HP\.vscode\extensions\redhat.java-1.39.0-win32-x64\jre\21.0.5-win32-x86_64\bin\net.dll
0x00007ffc67530000 - 0x00007ffc67666000 	C:\WINDOWS\SYSTEM32\WINHTTP.dll
0x00007ffc6a9d0000 - 0x00007ffc6aa39000 	C:\WINDOWS\system32\mswsock.dll
0x00007ffc4c630000 - 0x00007ffc4c646000 	C:\Users\HP\.vscode\extensions\redhat.java-1.39.0-win32-x64\jre\21.0.5-win32-x86_64\bin\nio.dll
0x00007ffc4c620000 - 0x00007ffc4c630000 	c:\Users\HP\.vscode\extensions\redhat.java-1.39.0-win32-x64\jre\21.0.5-win32-x86_64\bin\verify.dll
0x00007ffc46fb0000 - 0x00007ffc46ff5000 	C:\Users\HP\AppData\Roaming\Code\User\globalStorage\redhat.java\1.39.0\config_win\org.eclipse.equinox.launcher\org.eclipse.equinox.launcher.win32.win32.x86_64_1.2.1100.v20240722-2106\eclipse_11904.dll
0x00007ffc6d9a0000 - 0x00007ffc6db45000 	C:\WINDOWS\System32\ole32.dll
0x00007ffc6abf0000 - 0x00007ffc6ac0b000 	C:\WINDOWS\SYSTEM32\CRYPTSP.dll
0x00007ffc6a4b0000 - 0x00007ffc6a4e5000 	C:\WINDOWS\system32\rsaenh.dll
0x00007ffc6aa90000 - 0x00007ffc6aab8000 	C:\WINDOWS\SYSTEM32\USERENV.dll
0x00007ffc6ac10000 - 0x00007ffc6ac1c000 	C:\WINDOWS\SYSTEM32\CRYPTBASE.dll
0x00007ffc69fb0000 - 0x00007ffc69fdd000 	C:\WINDOWS\SYSTEM32\IPHLPAPI.DLL
0x00007ffc6cc30000 - 0x00007ffc6cc39000 	C:\WINDOWS\System32\NSI.dll
0x00007ffc0ca10000 - 0x00007ffc0ca59000 	C:\Users\HP\AppData\Local\Temp\jna-2312\jna4386840532651656113.dll
0x00007ffc6d930000 - 0x00007ffc6d938000 	C:\WINDOWS\System32\PSAPI.DLL
0x00007ffc67a20000 - 0x00007ffc67a39000 	C:\WINDOWS\SYSTEM32\dhcpcsvc6.DLL
0x00007ffc67290000 - 0x00007ffc672af000 	C:\WINDOWS\SYSTEM32\dhcpcsvc.DLL

dbghelp: loaded successfully - version: 4.0.5 - missing functions: none
symbol engine: initialized successfully - sym options: 0x614 - pdb path: .;c:\Users\HP\.vscode\extensions\redhat.java-1.39.0-win32-x64\jre\21.0.5-win32-x86_64\bin;C:\WINDOWS\SYSTEM32;C:\WINDOWS\WinSxS\amd64_microsoft.windows.common-controls_6595b64144ccf1df_6.0.22621.4391_none_2715d37f73803e96;c:\Users\HP\.vscode\extensions\redhat.java-1.39.0-win32-x64\jre\21.0.5-win32-x86_64\bin\server;C:\Users\HP\AppData\Roaming\Code\User\globalStorage\redhat.java\1.39.0\config_win\org.eclipse.equinox.launcher\org.eclipse.equinox.launcher.win32.win32.x86_64_1.2.1100.v20240722-2106;C:\Users\HP\AppData\Local\Temp\jna-2312

VM Arguments:
jvm_args: --add-modules=ALL-SYSTEM --add-opens=java.base/java.util=ALL-UNNAMED --add-opens=java.base/java.lang=ALL-UNNAMED --add-opens=java.base/sun.nio.fs=ALL-UNNAMED -Declipse.application=org.eclipse.jdt.ls.core.id1 -Dosgi.bundles.defaultStartLevel=4 -Declipse.product=org.eclipse.jdt.ls.core.product -Djava.import.generatesMetadataFilesAtProjectRoot=false -DDetectVMInstallationsJob.disabled=true -Dfile.encoding=utf8 -XX:+UseParallelGC -XX:GCTimeRatio=4 -XX:AdaptiveSizePolicyWeight=90 -Dsun.zip.disableMemoryMapping=true -Xmx1G -Xms100m -Xlog:disable -javaagent:c:\Users\HP\.vscode\extensions\redhat.java-1.39.0-win32-x64\lombok\lombok-1.18.34.jar -XX:+HeapDumpOnOutOfMemoryError -XX:HeapDumpPath=c:\Users\HP\AppData\Roaming\Code\User\workspaceStorage\784cf034e120703ef00e0831c0bbd203\redhat.java -Daether.dependencyCollector.impl=bf 
java_command: c:\Users\HP\.vscode\extensions\redhat.java-1.39.0-win32-x64\server\plugins\org.eclipse.equinox.launcher_1.6.900.v20240613-2009.jar -configuration c:\Users\HP\AppData\Roaming\Code\User\globalStorage\redhat.java\1.39.0\config_win -data c:\Users\HP\AppData\Roaming\Code\User\workspaceStorage\784cf034e120703ef00e0831c0bbd203\redhat.java\jdt_ws --pipe=\\.\pipe\lsp-9fa78c5ae6d907a239260c08271fce57-sock
java_class_path (initial): c:\Users\HP\.vscode\extensions\redhat.java-1.39.0-win32-x64\server\plugins\org.eclipse.equinox.launcher_1.6.900.v20240613-2009.jar
Launcher Type: SUN_STANDARD

[Global flags]
    uintx AdaptiveSizePolicyWeight                 = 90                                        {product} {command line}
     intx CICompilerCount                          = 4                                         {product} {ergonomic}
    uintx GCTimeRatio                              = 4                                         {product} {command line}
     bool HeapDumpOnOutOfMemoryError               = true                                   {manageable} {command line}
    ccstr HeapDumpPath                             = c:\Users\HP\AppData\Roaming\Code\User\workspaceStorage\784cf034e120703ef00e0831c0bbd203\redhat.java         {manageable} {command line}
   size_t InitialHeapSize                          = 104857600                                 {product} {command line}
   size_t MaxHeapSize                              = 1073741824                                {product} {command line}
   size_t MaxNewSize                               = 357564416                                 {product} {ergonomic}
   size_t MinHeapDeltaBytes                        = 524288                                    {product} {ergonomic}
   size_t MinHeapSize                              = 104857600                                 {product} {command line}
   size_t NewSize                                  = 34603008                                  {product} {ergonomic}
    uintx NonNMethodCodeHeapSize                   = 5839372                                {pd product} {ergonomic}
    uintx NonProfiledCodeHeapSize                  = 122909434                              {pd product} {ergonomic}
   size_t OldSize                                  = 70254592                                  {product} {ergonomic}
    uintx ProfiledCodeHeapSize                     = 122909434                              {pd product} {ergonomic}
    uintx ReservedCodeCacheSize                    = 251658240                              {pd product} {ergonomic}
     bool SegmentedCodeCache                       = true                                      {product} {ergonomic}
   size_t SoftMaxHeapSize                          = 1073741824                             {manageable} {ergonomic}
     bool UseCompressedOops                        = true                           {product lp64_product} {ergonomic}
     bool UseLargePagesIndividualAllocation        = false                                  {pd product} {ergonomic}
     bool UseParallelGC                            = true                                      {product} {command line}

Logging:
Log output configuration:
 #0: stdout all=off uptime,level,tags foldmultilines=false
 #1: stderr all=off uptime,level,tags foldmultilines=false

Environment Variables:
JAVA_HOME=C:\Program Files\Eclipse Adoptium\jdk-21.0.4.7-hotspot
PATH=C:\Program Files (x86)\VMware\VMware Workstation\bin\;C:\Program Files\Common Files\Oracle\Java\javapath;C:\WINDOWS\system32;C:\WINDOWS;C:\WINDOWS\System32\Wbem;C:\WINDOWS\System32\WindowsPowerShell\v1.0\;C:\WINDOWS\System32\OpenSSH\;C:\Program Files\Java\bin;C:\Program Files (x86)\Microsoft SQL Server\160\Tools\Binn\;C:\Program Files\Microsoft SQL Server\160\Tools\Binn\;C:\Program Files\Microsoft SQL Server\Client SDK\ODBC\170\Tools\Binn\;C:\Program Files\Microsoft SQL Server\160\DTS\Binn\;C:\Program Files\Azure Data Studio\bin;C:\Program Files\MySQL\MySQL Server 8.0;C:\Program Files\MySQL\MySQL Server 8.0\bin;C:\Program Files\nodejs\;C:\Program Files\steghide;C:\Program Files\Docker\Docker\resources\bin;C:\Program Files\Eclipse Adoptium\jdk-21.0.4.7-hotspot\bin;C:\Program Files\Git\cmd;C:\Program Files\Git\bin;C:\Program Files\Ballerina\\bin;C:\php-8.4.1;C:\Program Files\MongoDB\Tools\100\bin;C:\Program Files\MongoDB\Server\7.0\bin;C:\Program Files\apache-maven-3.9.9\bin;C:\Program Files\PostgreSQL\17\bin;C:\Program Files\Git\bin\;C:\Program Files\Git\cmd\;C:\Users\HP\AppData\Local\Programs\Python\Python312\Scripts\;C:\Users\HP\AppData\Local\Programs\Python\Python312\;C:\Program Files\MySQL\MySQL Shell 8.0\bin\;C:\Users\HP\AppData\Local\Programs\Python\Python310\Scripts\;C:\Users\HP\AppData\Local\Programs\Python\Python310\;C:\Users\HP\AppData\Local\Microsoft\WindowsApps;C:\Program Files\JetBrains\IntelliJ IDEA Community Edition 2022.3.2\bin;C:\MinGW\bin;C:\Users\HP\AppData\Local\Programs\Microsoft VS Code\bin;C:\Users\HP\AppData\Local\GitHubDesktop\bin;C:\Program Files\Azure Data Studio\bin;C:\Users\HP\AppData\Roaming\npm;C:\MinGW\bin;C:\Users\HP\AppData\Roaming\npm;C:\flutter\src\flutter\bin;C:\Users\HP\AppData\Local\ComposerSetup\bin;C:\Users\HP\AppData\Roaming\Composer\vendor\bin;C:\Program Files\JetBrains\IntelliJ IDEA 2024.3.2.1\bin;
USERNAME=HP
OS=Windows_NT
PROCESSOR_IDENTIFIER=Intel64 Family 6 Model 142 Stepping 12, GenuineIntel
TMP=C:\Users\HP\AppData\Local\Temp
TEMP=C:\Users\HP\AppData\Local\Temp




Periodic native trim disabled

---------------  S Y S T E M  ---------------

OS:
 Windows 11 , 64 bit Build 22621 (10.0.22621.4391)
OS uptime: 0 days 2:03 hours
Hyper-V role detected

CPU: total 8 (initial active 8) (4 cores per cpu, 2 threads per core) family 6 model 142 stepping 12 microcode 0xde, cx8, cmov, fxsr, ht, mmx, 3dnowpref, sse, sse2, sse3, ssse3, sse4.1, sse4.2, popcnt, lzcnt, tsc, tscinvbit, avx, avx2, aes, erms, clmul, bmi1, bmi2, adx, fma, vzeroupper, clflush, clflushopt, hv, rdtscp, f16c
Processor Information for all 8 processors :
  Max Mhz: 2112, Current Mhz: 1609, Mhz Limit: 1605

Memory: 4k page, system-wide physical 7995M (1030M free)
TotalPageFile size 16187M (AvailPageFile size 1M)
current process WorkingSet (physical memory assigned to process): 267M, peak: 274M
current process commit charge ("private bytes"): 318M, peak: 324M

vm_info: OpenJDK 64-Bit Server VM (21.0.5+11-LTS) for windows-amd64 JRE (21.0.5+11-LTS), built on 2024-10-15T00:00:00Z by "admin" with MS VC++ 17.7 (VS2022)

END.
